04-Feb-2026 11:19:58.634 INFO [main] org.apache.catalina.startup.VersionLoggerListener.log Server version name:   Apache Tomcat/11.0.13
04-Feb-2026 11:19:58.635 INFO [main] org.apache.catalina.startup.VersionLoggerListener.log Server built:          Oct 10 2025 13:57:31 UTC
04-Feb-2026 11:19:58.635 INFO [main] org.apache.catalina.startup.VersionLoggerListener.log Server version number: 11.0.13.0
04-Feb-2026 11:19:58.636 INFO [main] org.apache.catalina.startup.VersionLoggerListener.log OS Name:               Linux
04-Feb-2026 11:19:58.636 INFO [main] org.apache.catalina.startup.VersionLoggerListener.log OS Version:            6.1.0-40-amd64
04-Feb-2026 11:19:58.636 INFO [main] org.apache.catalina.startup.VersionLoggerListener.log Architecture:          amd64
04-Feb-2026 11:19:58.636 INFO [main] org.apache.catalina.startup.VersionLoggerListener.log Java Home:             /usr/lib/jvm/java-17-openjdk-amd64
04-Feb-2026 11:19:58.636 INFO [main] org.apache.catalina.startup.VersionLoggerListener.log JVM Version:           17.0.18+8-Debian-1deb12u1
04-Feb-2026 11:19:58.636 INFO [main] org.apache.catalina.startup.VersionLoggerListener.log JVM Vendor:            Debian
04-Feb-2026 11:19:58.636 INFO [main] org.apache.catalina.startup.VersionLoggerListener.log CATALINA_BASE:         /home/infoetu/baptiste.lavogiez.etu/BUT2/Semestre2/Webdev/tomcat
04-Feb-2026 11:19:58.636 INFO [main] org.apache.catalina.startup.VersionLoggerListener.log CATALINA_HOME:         /home/infoetu/baptiste.lavogiez.etu/BUT2/Semestre2/Webdev/tomcat
04-Feb-2026 11:19:58.639 INFO [main] org.apache.catalina.startup.VersionLoggerListener.log Command line argument: -Djava.util.logging.config.file=/home/infoetu/baptiste.lavogiez.etu/BUT2/Semestre2/Webdev/tomcat/conf/logging.properties
04-Feb-2026 11:19:58.640 INFO [main] org.apache.catalina.startup.VersionLoggerListener.log Command line argument: -Djava.util.logging.manager=org.apache.juli.ClassLoaderLogManager
04-Feb-2026 11:19:58.640 INFO [main] org.apache.catalina.startup.VersionLoggerListener.log Command line argument: -Djdk.tls.ephemeralDHKeySize=2048
04-Feb-2026 11:19:58.640 INFO [main] org.apache.catalina.startup.VersionLoggerListener.log Command line argument: -Dorg.apache.catalina.security.SecurityListener.UMASK=0027
04-Feb-2026 11:19:58.640 INFO [main] org.apache.catalina.startup.VersionLoggerListener.log Command line argument: --add-opens=java.base/java.lang=ALL-UNNAMED
04-Feb-2026 11:19:58.640 INFO [main] org.apache.catalina.startup.VersionLoggerListener.log Command line argument: --add-opens=java.base/java.lang.reflect=ALL-UNNAMED
04-Feb-2026 11:19:58.640 INFO [main] org.apache.catalina.startup.VersionLoggerListener.log Command line argument: --add-opens=java.base/java.io=ALL-UNNAMED
04-Feb-2026 11:19:58.640 INFO [main] org.apache.catalina.startup.VersionLoggerListener.log Command line argument: --add-opens=java.base/java.util=ALL-UNNAMED
04-Feb-2026 11:19:58.640 INFO [main] org.apache.catalina.startup.VersionLoggerListener.log Command line argument: --add-opens=java.base/java.util.concurrent=ALL-UNNAMED
04-Feb-2026 11:19:58.640 INFO [main] org.apache.catalina.startup.VersionLoggerListener.log Command line argument: --add-opens=java.rmi/sun.rmi.transport=ALL-UNNAMED
04-Feb-2026 11:19:58.640 INFO [main] org.apache.catalina.startup.VersionLoggerListener.log Command line argument: --enable-native-access=ALL-UNNAMED
04-Feb-2026 11:19:58.640 INFO [main] org.apache.catalina.startup.VersionLoggerListener.log Command line argument: -Dcatalina.base=/home/infoetu/baptiste.lavogiez.etu/BUT2/Semestre2/Webdev/tomcat
04-Feb-2026 11:19:58.640 INFO [main] org.apache.catalina.startup.VersionLoggerListener.log Command line argument: -Dcatalina.home=/home/infoetu/baptiste.lavogiez.etu/BUT2/Semestre2/Webdev/tomcat
04-Feb-2026 11:19:58.640 INFO [main] org.apache.catalina.startup.VersionLoggerListener.log Command line argument: -Djava.io.tmpdir=/home/infoetu/baptiste.lavogiez.etu/BUT2/Semestre2/Webdev/tomcat/temp
04-Feb-2026 11:19:58.642 INFO [main] org.apache.catalina.core.AprLifecycleListener.lifecycleEvent The Apache Tomcat Native library which allows using OpenSSL was not found on the java.library.path: [/usr/java/packages/lib:/usr/lib/x86_64-linux-gnu/jni:/lib/x86_64-linux-gnu:/usr/lib/x86_64-linux-gnu:/usr/lib/jni:/lib:/usr/lib]
04-Feb-2026 11:19:58.743 INFO [main] org.apache.coyote.AbstractProtocol.init Initializing ProtocolHandler ["http-nio-8080"]
04-Feb-2026 11:19:58.750 SEVERE [main] org.apache.catalina.util.LifecycleBase.handleSubClassException Failed to initialize component [Connector["http-nio-8080"]]
	org.apache.catalina.LifecycleException: Protocol handler initialization failed
		at org.apache.catalina.connector.Connector.initInternal(Connector.java:1076)
		at org.apache.catalina.util.LifecycleBase.init(LifecycleBase.java:122)
		at org.apache.catalina.core.StandardService.initInternal(StandardService.java:520)
		at org.apache.catalina.util.LifecycleBase.init(LifecycleBase.java:122)
		at org.apache.catalina.core.StandardServer.initInternal(StandardServer.java:951)
		at org.apache.catalina.util.LifecycleBase.init(LifecycleBase.java:122)
		at org.apache.catalina.startup.Catalina.load(Catalina.java:707)
		at org.apache.catalina.startup.Catalina.load(Catalina.java:730)
		at java.base/jdk.internal.reflect.NativeMethodAccessorImpl.invoke0(Native Method)
		at java.base/jdk.internal.reflect.NativeMethodAccessorImpl.invoke(NativeMethodAccessorImpl.java:77)
		at java.base/jdk.internal.reflect.DelegatingMethodAccessorImpl.invoke(DelegatingMethodAccessorImpl.java:43)
		at java.base/java.lang.reflect.Method.invoke(Method.java:569)
		at org.apache.catalina.startup.Bootstrap.load(Bootstrap.java:296)
		at org.apache.catalina.startup.Bootstrap.main(Bootstrap.java:469)
	Caused by: java.net.BindException: Address already in use
		at java.base/sun.nio.ch.Net.bind0(Native Method)
		at java.base/sun.nio.ch.Net.bind(Net.java:567)
		at java.base/sun.nio.ch.ServerSocketChannelImpl.netBind(ServerSocketChannelImpl.java:337)
		at java.base/sun.nio.ch.ServerSocketChannelImpl.bind(ServerSocketChannelImpl.java:294)
		at org.apache.tomcat.util.net.NioEndpoint.initServerSocket(NioEndpoint.java:265)
		at org.apache.tomcat.util.net.NioEndpoint.bind(NioEndpoint.java:220)
		at org.apache.tomcat.util.net.AbstractEndpoint.bindWithCleanup(AbstractEndpoint.java:1600)
		at org.apache.tomcat.util.net.AbstractEndpoint.init(AbstractEndpoint.java:1613)
		at org.apache.coyote.AbstractProtocol.init(AbstractProtocol.java:633)
		at org.apache.coyote.http11.AbstractHttp11Protocol.init(AbstractHttp11Protocol.java:83)
		at org.apache.catalina.connector.Connector.initInternal(Connector.java:1074)
		... 13 more
04-Feb-2026 11:19:58.750 INFO [main] org.apache.catalina.startup.Catalina.load Server initialization in [223] milliseconds
04-Feb-2026 11:19:58.771 INFO [main] org.apache.catalina.core.StandardService.startInternal Starting service [Catalina]
04-Feb-2026 11:19:58.771 INFO [main] org.apache.catalina.core.StandardEngine.startInternal Starting Servlet engine: [Apache Tomcat/11.0.13]
04-Feb-2026 11:19:58.778 INFO [main] org.apache.catalina.startup.HostConfig.deployDirectory Deploying web application directory [/home/infoetu/baptiste.lavogiez.etu/BUT2/Semestre2/Webdev/tomcat/webapps/ctp-sample]
04-Feb-2026 11:19:59.114 INFO [main] org.apache.jasper.servlet.TldScanner.scanJars At least one JAR was scanned for TLDs yet contained no TLDs. Enable debug logging for this logger for a complete list of JARs that were scanned but no TLDs were found in them. Skipping unneeded JARs during scanning can improve startup time and JSP compilation time.
04-Feb-2026 11:19:59.131 INFO [main] org.apache.catalina.startup.HostConfig.deployDirectory Deployment of web application directory [/home/infoetu/baptiste.lavogiez.etu/BUT2/Semestre2/Webdev/tomcat/webapps/ctp-sample] has finished in [352] ms
04-Feb-2026 11:19:59.131 INFO [main] org.apache.catalina.startup.HostConfig.deployDirectory Deploying web application directory [/home/infoetu/baptiste.lavogiez.etu/BUT2/Semestre2/Webdev/tomcat/webapps/__MACOSX]
04-Feb-2026 11:19:59.263 INFO [main] org.apache.jasper.servlet.TldScanner.scanJars At least one JAR was scanned for TLDs yet contained no TLDs. Enable debug logging for this logger for a complete list of JARs that were scanned but no TLDs were found in them. Skipping unneeded JARs during scanning can improve startup time and JSP compilation time.
04-Feb-2026 11:19:59.265 INFO [main] org.apache.catalina.startup.HostConfig.deployDirectory Deployment of web application directory [/home/infoetu/baptiste.lavogiez.etu/BUT2/Semestre2/Webdev/tomcat/webapps/__MACOSX] has finished in [133] ms
04-Feb-2026 11:19:59.265 INFO [main] org.apache.catalina.startup.HostConfig.deployDirectory Deploying web application directory [/home/infoetu/baptiste.lavogiez.etu/BUT2/Semestre2/Webdev/tomcat/webapps/ROOT]
04-Feb-2026 11:19:59.400 INFO [main] org.apache.jasper.servlet.TldScanner.scanJars At least one JAR was scanned for TLDs yet contained no TLDs. Enable debug logging for this logger for a complete list of JARs that were scanned but no TLDs were found in them. Skipping unneeded JARs during scanning can improve startup time and JSP compilation time.
04-Feb-2026 11:19:59.401 INFO [main] org.apache.catalina.startup.HostConfig.deployDirectory Deployment of web application directory [/home/infoetu/baptiste.lavogiez.etu/BUT2/Semestre2/Webdev/tomcat/webapps/ROOT] has finished in [136] ms
04-Feb-2026 11:19:59.401 INFO [main] org.apache.catalina.startup.HostConfig.deployDirectory Deploying web application directory [/home/infoetu/baptiste.lavogiez.etu/BUT2/Semestre2/Webdev/tomcat/webapps/TP04]
04-Feb-2026 11:19:59.557 INFO [main] org.apache.jasper.servlet.TldScanner.scanJars At least one JAR was scanned for TLDs yet contained no TLDs. Enable debug logging for this logger for a complete list of JARs that were scanned but no TLDs were found in them. Skipping unneeded JARs during scanning can improve startup time and JSP compilation time.
04-Feb-2026 11:19:59.559 INFO [main] org.apache.catalina.startup.HostConfig.deployDirectory Deployment of web application directory [/home/infoetu/baptiste.lavogiez.etu/BUT2/Semestre2/Webdev/tomcat/webapps/TP04] has finished in [158] ms
04-Feb-2026 11:19:59.559 INFO [main] org.apache.catalina.startup.HostConfig.deployDirectory Deploying web application directory [/home/infoetu/baptiste.lavogiez.etu/BUT2/Semestre2/Webdev/tomcat/webapps/docs]
04-Feb-2026 11:19:59.686 INFO [main] org.apache.jasper.servlet.TldScanner.scanJars At least one JAR was scanned for TLDs yet contained no TLDs. Enable debug logging for this logger for a complete list of JARs that were scanned but no TLDs were found in them. Skipping unneeded JARs during scanning can improve startup time and JSP compilation time.
04-Feb-2026 11:19:59.687 INFO [main] org.apache.catalina.startup.HostConfig.deployDirectory Deployment of web application directory [/home/infoetu/baptiste.lavogiez.etu/BUT2/Semestre2/Webdev/tomcat/webapps/docs] has finished in [128] ms
04-Feb-2026 11:19:59.687 INFO [main] org.apache.catalina.startup.HostConfig.deployDirectory Deploying web application directory [/home/infoetu/baptiste.lavogiez.etu/BUT2/Semestre2/Webdev/tomcat/webapps/TP03-Partie2]
04-Feb-2026 11:19:59.837 INFO [main] org.apache.jasper.servlet.TldScanner.scanJars At least one JAR was scanned for TLDs yet contained no TLDs. Enable debug logging for this logger for a complete list of JARs that were scanned but no TLDs were found in them. Skipping unneeded JARs during scanning can improve startup time and JSP compilation time.
04-Feb-2026 11:19:59.838 INFO [main] org.apache.catalina.startup.HostConfig.deployDirectory Deployment of web application directory [/home/infoetu/baptiste.lavogiez.etu/BUT2/Semestre2/Webdev/tomcat/webapps/TP03-Partie2] has finished in [151] ms
04-Feb-2026 11:19:59.838 INFO [main] org.apache.catalina.startup.HostConfig.deployDirectory Deploying web application directory [/home/infoetu/baptiste.lavogiez.etu/BUT2/Semestre2/Webdev/tomcat/webapps/manager]
04-Feb-2026 11:19:59.961 INFO [main] org.apache.jasper.servlet.TldScanner.scanJars At least one JAR was scanned for TLDs yet contained no TLDs. Enable debug logging for this logger for a complete list of JARs that were scanned but no TLDs were found in them. Skipping unneeded JARs during scanning can improve startup time and JSP compilation time.
04-Feb-2026 11:19:59.964 INFO [main] org.apache.catalina.startup.HostConfig.deployDirectory Deployment of web application directory [/home/infoetu/baptiste.lavogiez.etu/BUT2/Semestre2/Webdev/tomcat/webapps/manager] has finished in [126] ms
04-Feb-2026 11:19:59.965 INFO [main] org.apache.catalina.startup.HostConfig.deployDirectory Deploying web application directory [/home/infoetu/baptiste.lavogiez.etu/BUT2/Semestre2/Webdev/tomcat/webapps/TP02]
04-Feb-2026 11:20:00.101 INFO [main] org.apache.jasper.servlet.TldScanner.scanJars At least one JAR was scanned for TLDs yet contained no TLDs. Enable debug logging for this logger for a complete list of JARs that were scanned but no TLDs were found in them. Skipping unneeded JARs during scanning can improve startup time and JSP compilation time.
04-Feb-2026 11:20:00.102 INFO [main] org.apache.catalina.startup.HostConfig.deployDirectory Deployment of web application directory [/home/infoetu/baptiste.lavogiez.etu/BUT2/Semestre2/Webdev/tomcat/webapps/TP02] has finished in [136] ms
04-Feb-2026 11:20:00.102 INFO [main] org.apache.catalina.startup.HostConfig.deployDirectory Deploying web application directory [/home/infoetu/baptiste.lavogiez.etu/BUT2/Semestre2/Webdev/tomcat/webapps/TP03]
04-Feb-2026 11:20:00.231 INFO [main] org.apache.jasper.servlet.TldScanner.scanJars At least one JAR was scanned for TLDs yet contained no TLDs. Enable debug logging for this logger for a complete list of JARs that were scanned but no TLDs were found in them. Skipping unneeded JARs during scanning can improve startup time and JSP compilation time.
04-Feb-2026 11:20:00.232 INFO [main] org.apache.catalina.startup.HostConfig.deployDirectory Deployment of web application directory [/home/infoetu/baptiste.lavogiez.etu/BUT2/Semestre2/Webdev/tomcat/webapps/TP03] has finished in [130] ms
04-Feb-2026 11:20:00.233 INFO [main] org.apache.catalina.startup.HostConfig.deployDirectory Deploying web application directory [/home/infoetu/baptiste.lavogiez.etu/BUT2/Semestre2/Webdev/tomcat/webapps/TP01]
04-Feb-2026 11:20:00.355 INFO [main] org.apache.jasper.servlet.TldScanner.scanJars At least one JAR was scanned for TLDs yet contained no TLDs. Enable debug logging for this logger for a complete list of JARs that were scanned but no TLDs were found in them. Skipping unneeded JARs during scanning can improve startup time and JSP compilation time.
04-Feb-2026 11:20:00.356 INFO [main] org.apache.catalina.startup.HostConfig.deployDirectory Deployment of web application directory [/home/infoetu/baptiste.lavogiez.etu/BUT2/Semestre2/Webdev/tomcat/webapps/TP01] has finished in [123] ms
04-Feb-2026 11:20:00.357 INFO [main] org.apache.catalina.startup.HostConfig.deployDirectory Deploying web application directory [/home/infoetu/baptiste.lavogiez.etu/BUT2/Semestre2/Webdev/tomcat/webapps/host-manager]
04-Feb-2026 11:20:00.472 INFO [main] org.apache.jasper.servlet.TldScanner.scanJars At least one JAR was scanned for TLDs yet contained no TLDs. Enable debug logging for this logger for a complete list of JARs that were scanned but no TLDs were found in them. Skipping unneeded JARs during scanning can improve startup time and JSP compilation time.
04-Feb-2026 11:20:00.473 INFO [main] org.apache.catalina.startup.HostConfig.deployDirectory Deployment of web application directory [/home/infoetu/baptiste.lavogiez.etu/BUT2/Semestre2/Webdev/tomcat/webapps/host-manager] has finished in [117] ms
04-Feb-2026 11:20:00.474 INFO [main] org.apache.catalina.startup.HostConfig.deployDirectory Deploying web application directory [/home/infoetu/baptiste.lavogiez.etu/BUT2/Semestre2/Webdev/tomcat/webapps/tp_chess]
04-Feb-2026 11:20:00.605 INFO [main] org.apache.jasper.servlet.TldScanner.scanJars At least one JAR was scanned for TLDs yet contained no TLDs. Enable debug logging for this logger for a complete list of JARs that were scanned but no TLDs were found in them. Skipping unneeded JARs during scanning can improve startup time and JSP compilation time.
04-Feb-2026 11:20:00.605 INFO [main] org.apache.catalina.startup.HostConfig.deployDirectory Deployment of web application directory [/home/infoetu/baptiste.lavogiez.etu/BUT2/Semestre2/Webdev/tomcat/webapps/tp_chess] has finished in [131] ms
04-Feb-2026 11:20:00.606 INFO [main] org.apache.catalina.startup.HostConfig.deployDirectory Deploying web application directory [/home/infoetu/baptiste.lavogiez.etu/BUT2/Semestre2/Webdev/tomcat/webapps/examples]
04-Feb-2026 11:20:00.832 INFO [main] org.apache.jasper.servlet.TldScanner.scanJars At least one JAR was scanned for TLDs yet contained no TLDs. Enable debug logging for this logger for a complete list of JARs that were scanned but no TLDs were found in them. Skipping unneeded JARs during scanning can improve startup time and JSP compilation time.
04-Feb-2026 11:20:00.845 INFO [main] org.apache.catalina.startup.HostConfig.deployDirectory Deployment of web application directory [/home/infoetu/baptiste.lavogiez.etu/BUT2/Semestre2/Webdev/tomcat/webapps/examples] has finished in [239] ms
04-Feb-2026 11:20:00.846 INFO [main] org.apache.catalina.startup.Catalina.start Server startup in [2096] milliseconds
04-Feb-2026 11:20:51.217 INFO [Thread-1] org.apache.coyote.AbstractProtocol.pause Pausing ProtocolHandler ["http-nio-8080"]
04-Feb-2026 11:20:51.218 INFO [Thread-1] org.apache.catalina.core.StandardService.stopInternal Stopping service [Catalina]
04-Feb-2026 11:20:51.253 INFO [Thread-1] org.apache.coyote.AbstractProtocol.stop Stopping ProtocolHandler ["http-nio-8080"]
04-Feb-2026 11:20:51.253 INFO [Thread-1] org.apache.coyote.AbstractProtocol.destroy Destroying ProtocolHandler ["http-nio-8080"]
04-Feb-2026 11:20:52.049 INFO [main] org.apache.catalina.startup.VersionLoggerListener.log Server version name:   Apache Tomcat/11.0.13
04-Feb-2026 11:20:52.051 INFO [main] org.apache.catalina.startup.VersionLoggerListener.log Server built:          Oct 10 2025 13:57:31 UTC
04-Feb-2026 11:20:52.051 INFO [main] org.apache.catalina.startup.VersionLoggerListener.log Server version number: 11.0.13.0
04-Feb-2026 11:20:52.051 INFO [main] org.apache.catalina.startup.VersionLoggerListener.log OS Name:               Linux
04-Feb-2026 11:20:52.051 INFO [main] org.apache.catalina.startup.VersionLoggerListener.log OS Version:            6.1.0-40-amd64
04-Feb-2026 11:20:52.051 INFO [main] org.apache.catalina.startup.VersionLoggerListener.log Architecture:          amd64
04-Feb-2026 11:20:52.051 INFO [main] org.apache.catalina.startup.VersionLoggerListener.log Java Home:             /usr/lib/jvm/java-17-openjdk-amd64
04-Feb-2026 11:20:52.051 INFO [main] org.apache.catalina.startup.VersionLoggerListener.log JVM Version:           17.0.18+8-Debian-1deb12u1
04-Feb-2026 11:20:52.052 INFO [main] org.apache.catalina.startup.VersionLoggerListener.log JVM Vendor:            Debian
04-Feb-2026 11:20:52.052 INFO [main] org.apache.catalina.startup.VersionLoggerListener.log CATALINA_BASE:         /home/infoetu/baptiste.lavogiez.etu/BUT2/Semestre2/Webdev/tomcat
04-Feb-2026 11:20:52.052 INFO [main] org.apache.catalina.startup.VersionLoggerListener.log CATALINA_HOME:         /home/infoetu/baptiste.lavogiez.etu/BUT2/Semestre2/Webdev/tomcat
04-Feb-2026 11:20:52.056 INFO [main] org.apache.catalina.startup.VersionLoggerListener.log Command line argument: -Djava.util.logging.config.file=/home/infoetu/baptiste.lavogiez.etu/BUT2/Semestre2/Webdev/tomcat/conf/logging.properties
04-Feb-2026 11:20:52.056 INFO [main] org.apache.catalina.startup.VersionLoggerListener.log Command line argument: -Djava.util.logging.manager=org.apache.juli.ClassLoaderLogManager
04-Feb-2026 11:20:52.056 INFO [main] org.apache.catalina.startup.VersionLoggerListener.log Command line argument: -Djdk.tls.ephemeralDHKeySize=2048
04-Feb-2026 11:20:52.056 INFO [main] org.apache.catalina.startup.VersionLoggerListener.log Command line argument: -Dorg.apache.catalina.security.SecurityListener.UMASK=0027
04-Feb-2026 11:20:52.056 INFO [main] org.apache.catalina.startup.VersionLoggerListener.log Command line argument: --add-opens=java.base/java.lang=ALL-UNNAMED
04-Feb-2026 11:20:52.056 INFO [main] org.apache.catalina.startup.VersionLoggerListener.log Command line argument: --add-opens=java.base/java.lang.reflect=ALL-UNNAMED
04-Feb-2026 11:20:52.056 INFO [main] org.apache.catalina.startup.VersionLoggerListener.log Command line argument: --add-opens=java.base/java.io=ALL-UNNAMED
04-Feb-2026 11:20:52.056 INFO [main] org.apache.catalina.startup.VersionLoggerListener.log Command line argument: --add-opens=java.base/java.util=ALL-UNNAMED
04-Feb-2026 11:20:52.056 INFO [main] org.apache.catalina.startup.VersionLoggerListener.log Command line argument: --add-opens=java.base/java.util.concurrent=ALL-UNNAMED
04-Feb-2026 11:20:52.056 INFO [main] org.apache.catalina.startup.VersionLoggerListener.log Command line argument: --add-opens=java.rmi/sun.rmi.transport=ALL-UNNAMED
04-Feb-2026 11:20:52.056 INFO [main] org.apache.catalina.startup.VersionLoggerListener.log Command line argument: --enable-native-access=ALL-UNNAMED
04-Feb-2026 11:20:52.056 INFO [main] org.apache.catalina.startup.VersionLoggerListener.log Command line argument: -Dcatalina.base=/home/infoetu/baptiste.lavogiez.etu/BUT2/Semestre2/Webdev/tomcat
04-Feb-2026 11:20:52.056 INFO [main] org.apache.catalina.startup.VersionLoggerListener.log Command line argument: -Dcatalina.home=/home/infoetu/baptiste.lavogiez.etu/BUT2/Semestre2/Webdev/tomcat
04-Feb-2026 11:20:52.056 INFO [main] org.apache.catalina.startup.VersionLoggerListener.log Command line argument: -Djava.io.tmpdir=/home/infoetu/baptiste.lavogiez.etu/BUT2/Semestre2/Webdev/tomcat/temp
04-Feb-2026 11:20:52.057 INFO [main] org.apache.catalina.core.AprLifecycleListener.lifecycleEvent The Apache Tomcat Native library which allows using OpenSSL was not found on the java.library.path: [/usr/java/packages/lib:/usr/lib/x86_64-linux-gnu/jni:/lib/x86_64-linux-gnu:/usr/lib/x86_64-linux-gnu:/usr/lib/jni:/lib:/usr/lib]
04-Feb-2026 11:20:52.154 INFO [main] org.apache.coyote.AbstractProtocol.init Initializing ProtocolHandler ["http-nio-8080"]
04-Feb-2026 11:20:52.159 SEVERE [main] org.apache.catalina.util.LifecycleBase.handleSubClassException Failed to initialize component [Connector["http-nio-8080"]]
	org.apache.catalina.LifecycleException: Protocol handler initialization failed
		at org.apache.catalina.connector.Connector.initInternal(Connector.java:1076)
		at org.apache.catalina.util.LifecycleBase.init(LifecycleBase.java:122)
		at org.apache.catalina.core.StandardService.initInternal(StandardService.java:520)
		at org.apache.catalina.util.LifecycleBase.init(LifecycleBase.java:122)
		at org.apache.catalina.core.StandardServer.initInternal(StandardServer.java:951)
		at org.apache.catalina.util.LifecycleBase.init(LifecycleBase.java:122)
		at org.apache.catalina.startup.Catalina.load(Catalina.java:707)
		at org.apache.catalina.startup.Catalina.load(Catalina.java:730)
		at java.base/jdk.internal.reflect.NativeMethodAccessorImpl.invoke0(Native Method)
		at java.base/jdk.internal.reflect.NativeMethodAccessorImpl.invoke(NativeMethodAccessorImpl.java:77)
		at java.base/jdk.internal.reflect.DelegatingMethodAccessorImpl.invoke(DelegatingMethodAccessorImpl.java:43)
		at java.base/java.lang.reflect.Method.invoke(Method.java:569)
		at org.apache.catalina.startup.Bootstrap.load(Bootstrap.java:296)
		at org.apache.catalina.startup.Bootstrap.main(Bootstrap.java:469)
	Caused by: java.net.BindException: Address already in use
		at java.base/sun.nio.ch.Net.bind0(Native Method)
		at java.base/sun.nio.ch.Net.bind(Net.java:567)
		at java.base/sun.nio.ch.ServerSocketChannelImpl.netBind(ServerSocketChannelImpl.java:337)
		at java.base/sun.nio.ch.ServerSocketChannelImpl.bind(ServerSocketChannelImpl.java:294)
		at org.apache.tomcat.util.net.NioEndpoint.initServerSocket(NioEndpoint.java:265)
		at org.apache.tomcat.util.net.NioEndpoint.bind(NioEndpoint.java:220)
		at org.apache.tomcat.util.net.AbstractEndpoint.bindWithCleanup(AbstractEndpoint.java:1600)
		at org.apache.tomcat.util.net.AbstractEndpoint.init(AbstractEndpoint.java:1613)
		at org.apache.coyote.AbstractProtocol.init(AbstractProtocol.java:633)
		at org.apache.coyote.http11.AbstractHttp11Protocol.init(AbstractHttp11Protocol.java:83)
		at org.apache.catalina.connector.Connector.initInternal(Connector.java:1074)
		... 13 more
04-Feb-2026 11:20:52.160 INFO [main] org.apache.catalina.startup.Catalina.load Server initialization in [177] milliseconds
04-Feb-2026 11:20:52.176 INFO [main] org.apache.catalina.core.StandardService.startInternal Starting service [Catalina]
04-Feb-2026 11:20:52.176 INFO [main] org.apache.catalina.core.StandardEngine.startInternal Starting Servlet engine: [Apache Tomcat/11.0.13]
04-Feb-2026 11:20:52.180 INFO [main] org.apache.catalina.startup.HostConfig.deployDirectory Deploying web application directory [/home/infoetu/baptiste.lavogiez.etu/BUT2/Semestre2/Webdev/tomcat/webapps/ctp-sample]
04-Feb-2026 11:20:52.480 INFO [main] org.apache.jasper.servlet.TldScanner.scanJars At least one JAR was scanned for TLDs yet contained no TLDs. Enable debug logging for this logger for a complete list of JARs that were scanned but no TLDs were found in them. Skipping unneeded JARs during scanning can improve startup time and JSP compilation time.
04-Feb-2026 11:20:52.493 INFO [main] org.apache.catalina.startup.HostConfig.deployDirectory Deployment of web application directory [/home/infoetu/baptiste.lavogiez.etu/BUT2/Semestre2/Webdev/tomcat/webapps/ctp-sample] has finished in [313] ms
04-Feb-2026 11:20:52.494 INFO [main] org.apache.catalina.startup.HostConfig.deployDirectory Deploying web application directory [/home/infoetu/baptiste.lavogiez.etu/BUT2/Semestre2/Webdev/tomcat/webapps/__MACOSX]
04-Feb-2026 11:20:52.622 INFO [main] org.apache.jasper.servlet.TldScanner.scanJars At least one JAR was scanned for TLDs yet contained no TLDs. Enable debug logging for this logger for a complete list of JARs that were scanned but no TLDs were found in them. Skipping unneeded JARs during scanning can improve startup time and JSP compilation time.
04-Feb-2026 11:20:52.623 INFO [main] org.apache.catalina.startup.HostConfig.deployDirectory Deployment of web application directory [/home/infoetu/baptiste.lavogiez.etu/BUT2/Semestre2/Webdev/tomcat/webapps/__MACOSX] has finished in [129] ms
04-Feb-2026 11:20:52.623 INFO [main] org.apache.catalina.startup.HostConfig.deployDirectory Deploying web application directory [/home/infoetu/baptiste.lavogiez.etu/BUT2/Semestre2/Webdev/tomcat/webapps/ROOT]
04-Feb-2026 11:20:52.752 INFO [main] org.apache.jasper.servlet.TldScanner.scanJars At least one JAR was scanned for TLDs yet contained no TLDs. Enable debug logging for this logger for a complete list of JARs that were scanned but no TLDs were found in them. Skipping unneeded JARs during scanning can improve startup time and JSP compilation time.
04-Feb-2026 11:20:52.753 INFO [main] org.apache.catalina.startup.HostConfig.deployDirectory Deployment of web application directory [/home/infoetu/baptiste.lavogiez.etu/BUT2/Semestre2/Webdev/tomcat/webapps/ROOT] has finished in [130] ms
04-Feb-2026 11:20:52.753 INFO [main] org.apache.catalina.startup.HostConfig.deployDirectory Deploying web application directory [/home/infoetu/baptiste.lavogiez.etu/BUT2/Semestre2/Webdev/tomcat/webapps/TP04]
04-Feb-2026 11:20:52.899 INFO [main] org.apache.jasper.servlet.TldScanner.scanJars At least one JAR was scanned for TLDs yet contained no TLDs. Enable debug logging for this logger for a complete list of JARs that were scanned but no TLDs were found in them. Skipping unneeded JARs during scanning can improve startup time and JSP compilation time.
04-Feb-2026 11:20:52.900 INFO [main] org.apache.catalina.startup.HostConfig.deployDirectory Deployment of web application directory [/home/infoetu/baptiste.lavogiez.etu/BUT2/Semestre2/Webdev/tomcat/webapps/TP04] has finished in [147] ms
04-Feb-2026 11:20:52.900 INFO [main] org.apache.catalina.startup.HostConfig.deployDirectory Deploying web application directory [/home/infoetu/baptiste.lavogiez.etu/BUT2/Semestre2/Webdev/tomcat/webapps/docs]
04-Feb-2026 11:20:53.021 INFO [main] org.apache.jasper.servlet.TldScanner.scanJars At least one JAR was scanned for TLDs yet contained no TLDs. Enable debug logging for this logger for a complete list of JARs that were scanned but no TLDs were found in them. Skipping unneeded JARs during scanning can improve startup time and JSP compilation time.
04-Feb-2026 11:20:53.022 INFO [main] org.apache.catalina.startup.HostConfig.deployDirectory Deployment of web application directory [/home/infoetu/baptiste.lavogiez.etu/BUT2/Semestre2/Webdev/tomcat/webapps/docs] has finished in [122] ms
04-Feb-2026 11:20:53.022 INFO [main] org.apache.catalina.startup.HostConfig.deployDirectory Deploying web application directory [/home/infoetu/baptiste.lavogiez.etu/BUT2/Semestre2/Webdev/tomcat/webapps/TP03-Partie2]
04-Feb-2026 11:20:53.150 INFO [main] org.apache.jasper.servlet.TldScanner.scanJars At least one JAR was scanned for TLDs yet contained no TLDs. Enable debug logging for this logger for a complete list of JARs that were scanned but no TLDs were found in them. Skipping unneeded JARs during scanning can improve startup time and JSP compilation time.
04-Feb-2026 11:20:53.151 INFO [main] org.apache.catalina.startup.HostConfig.deployDirectory Deployment of web application directory [/home/infoetu/baptiste.lavogiez.etu/BUT2/Semestre2/Webdev/tomcat/webapps/TP03-Partie2] has finished in [129] ms
04-Feb-2026 11:20:53.151 INFO [main] org.apache.catalina.startup.HostConfig.deployDirectory Deploying web application directory [/home/infoetu/baptiste.lavogiez.etu/BUT2/Semestre2/Webdev/tomcat/webapps/manager]
04-Feb-2026 11:20:53.269 INFO [main] org.apache.jasper.servlet.TldScanner.scanJars At least one JAR was scanned for TLDs yet contained no TLDs. Enable debug logging for this logger for a complete list of JARs that were scanned but no TLDs were found in them. Skipping unneeded JARs during scanning can improve startup time and JSP compilation time.
04-Feb-2026 11:20:53.271 INFO [main] org.apache.catalina.startup.HostConfig.deployDirectory Deployment of web application directory [/home/infoetu/baptiste.lavogiez.etu/BUT2/Semestre2/Webdev/tomcat/webapps/manager] has finished in [120] ms
04-Feb-2026 11:20:53.272 INFO [main] org.apache.catalina.startup.HostConfig.deployDirectory Deploying web application directory [/home/infoetu/baptiste.lavogiez.etu/BUT2/Semestre2/Webdev/tomcat/webapps/TP02]
04-Feb-2026 11:20:53.396 INFO [main] org.apache.jasper.servlet.TldScanner.scanJars At least one JAR was scanned for TLDs yet contained no TLDs. Enable debug logging for this logger for a complete list of JARs that were scanned but no TLDs were found in them. Skipping unneeded JARs during scanning can improve startup time and JSP compilation time.
04-Feb-2026 11:20:53.397 INFO [main] org.apache.catalina.startup.HostConfig.deployDirectory Deployment of web application directory [/home/infoetu/baptiste.lavogiez.etu/BUT2/Semestre2/Webdev/tomcat/webapps/TP02] has finished in [125] ms
04-Feb-2026 11:20:53.397 INFO [main] org.apache.catalina.startup.HostConfig.deployDirectory Deploying web application directory [/home/infoetu/baptiste.lavogiez.etu/BUT2/Semestre2/Webdev/tomcat/webapps/TP03]
04-Feb-2026 11:20:53.519 INFO [main] org.apache.jasper.servlet.TldScanner.scanJars At least one JAR was scanned for TLDs yet contained no TLDs. Enable debug logging for this logger for a complete list of JARs that were scanned but no TLDs were found in them. Skipping unneeded JARs during scanning can improve startup time and JSP compilation time.
04-Feb-2026 11:20:53.520 INFO [main] org.apache.catalina.startup.HostConfig.deployDirectory Deployment of web application directory [/home/infoetu/baptiste.lavogiez.etu/BUT2/Semestre2/Webdev/tomcat/webapps/TP03] has finished in [123] ms
04-Feb-2026 11:20:53.520 INFO [main] org.apache.catalina.startup.HostConfig.deployDirectory Deploying web application directory [/home/infoetu/baptiste.lavogiez.etu/BUT2/Semestre2/Webdev/tomcat/webapps/TP01]
04-Feb-2026 11:20:53.631 INFO [main] org.apache.jasper.servlet.TldScanner.scanJars At least one JAR was scanned for TLDs yet contained no TLDs. Enable debug logging for this logger for a complete list of JARs that were scanned but no TLDs were found in them. Skipping unneeded JARs during scanning can improve startup time and JSP compilation time.
04-Feb-2026 11:20:53.632 INFO [main] org.apache.catalina.startup.HostConfig.deployDirectory Deployment of web application directory [/home/infoetu/baptiste.lavogiez.etu/BUT2/Semestre2/Webdev/tomcat/webapps/TP01] has finished in [112] ms
04-Feb-2026 11:20:53.632 INFO [main] org.apache.catalina.startup.HostConfig.deployDirectory Deploying web application directory [/home/infoetu/baptiste.lavogiez.etu/BUT2/Semestre2/Webdev/tomcat/webapps/host-manager]
04-Feb-2026 11:20:53.746 INFO [main] org.apache.jasper.servlet.TldScanner.scanJars At least one JAR was scanned for TLDs yet contained no TLDs. Enable debug logging for this logger for a complete list of JARs that were scanned but no TLDs were found in them. Skipping unneeded JARs during scanning can improve startup time and JSP compilation time.
04-Feb-2026 11:20:53.747 INFO [main] org.apache.catalina.startup.HostConfig.deployDirectory Deployment of web application directory [/home/infoetu/baptiste.lavogiez.etu/BUT2/Semestre2/Webdev/tomcat/webapps/host-manager] has finished in [115] ms
04-Feb-2026 11:20:53.747 INFO [main] org.apache.catalina.startup.HostConfig.deployDirectory Deploying web application directory [/home/infoetu/baptiste.lavogiez.etu/BUT2/Semestre2/Webdev/tomcat/webapps/tp_chess]
04-Feb-2026 11:20:53.874 INFO [main] org.apache.jasper.servlet.TldScanner.scanJars At least one JAR was scanned for TLDs yet contained no TLDs. Enable debug logging for this logger for a complete list of JARs that were scanned but no TLDs were found in them. Skipping unneeded JARs during scanning can improve startup time and JSP compilation time.
04-Feb-2026 11:20:53.874 INFO [main] org.apache.catalina.startup.HostConfig.deployDirectory Deployment of web application directory [/home/infoetu/baptiste.lavogiez.etu/BUT2/Semestre2/Webdev/tomcat/webapps/tp_chess] has finished in [127] ms
04-Feb-2026 11:20:53.875 INFO [main] org.apache.catalina.startup.HostConfig.deployDirectory Deploying web application directory [/home/infoetu/baptiste.lavogiez.etu/BUT2/Semestre2/Webdev/tomcat/webapps/examples]
04-Feb-2026 11:20:54.150 INFO [main] org.apache.jasper.servlet.TldScanner.scanJars At least one JAR was scanned for TLDs yet contained no TLDs. Enable debug logging for this logger for a complete list of JARs that were scanned but no TLDs were found in them. Skipping unneeded JARs during scanning can improve startup time and JSP compilation time.
04-Feb-2026 11:20:54.161 INFO [main] org.apache.catalina.startup.HostConfig.deployDirectory Deployment of web application directory [/home/infoetu/baptiste.lavogiez.etu/BUT2/Semestre2/Webdev/tomcat/webapps/examples] has finished in [286] ms
04-Feb-2026 11:20:54.163 INFO [main] org.apache.catalina.startup.Catalina.start Server startup in [2003] milliseconds
04-Feb-2026 11:21:05.328 INFO [Thread-1] org.apache.coyote.AbstractProtocol.pause Pausing ProtocolHandler ["http-nio-8080"]
04-Feb-2026 11:21:05.329 INFO [Thread-1] org.apache.catalina.core.StandardService.stopInternal Stopping service [Catalina]
04-Feb-2026 11:21:05.359 INFO [Thread-1] org.apache.coyote.AbstractProtocol.stop Stopping ProtocolHandler ["http-nio-8080"]
04-Feb-2026 11:21:05.360 INFO [Thread-1] org.apache.coyote.AbstractProtocol.destroy Destroying ProtocolHandler ["http-nio-8080"]
04-Feb-2026 11:21:06.191 INFO [main] org.apache.catalina.startup.VersionLoggerListener.log Server version name:   Apache Tomcat/11.0.13
04-Feb-2026 11:21:06.193 INFO [main] org.apache.catalina.startup.VersionLoggerListener.log Server built:          Oct 10 2025 13:57:31 UTC
04-Feb-2026 11:21:06.193 INFO [main] org.apache.catalina.startup.VersionLoggerListener.log Server version number: 11.0.13.0
04-Feb-2026 11:21:06.193 INFO [main] org.apache.catalina.startup.VersionLoggerListener.log OS Name:               Linux
04-Feb-2026 11:21:06.193 INFO [main] org.apache.catalina.startup.VersionLoggerListener.log OS Version:            6.1.0-40-amd64
04-Feb-2026 11:21:06.193 INFO [main] org.apache.catalina.startup.VersionLoggerListener.log Architecture:          amd64
04-Feb-2026 11:21:06.193 INFO [main] org.apache.catalina.startup.VersionLoggerListener.log Java Home:             /usr/lib/jvm/java-17-openjdk-amd64
04-Feb-2026 11:21:06.193 INFO [main] org.apache.catalina.startup.VersionLoggerListener.log JVM Version:           17.0.18+8-Debian-1deb12u1
04-Feb-2026 11:21:06.193 INFO [main] org.apache.catalina.startup.VersionLoggerListener.log JVM Vendor:            Debian
04-Feb-2026 11:21:06.193 INFO [main] org.apache.catalina.startup.VersionLoggerListener.log CATALINA_BASE:         /home/infoetu/baptiste.lavogiez.etu/BUT2/Semestre2/Webdev/tomcat
04-Feb-2026 11:21:06.193 INFO [main] org.apache.catalina.startup.VersionLoggerListener.log CATALINA_HOME:         /home/infoetu/baptiste.lavogiez.etu/BUT2/Semestre2/Webdev/tomcat
04-Feb-2026 11:21:06.196 INFO [main] org.apache.catalina.startup.VersionLoggerListener.log Command line argument: -Djava.util.logging.config.file=/home/infoetu/baptiste.lavogiez.etu/BUT2/Semestre2/Webdev/tomcat/conf/logging.properties
04-Feb-2026 11:21:06.196 INFO [main] org.apache.catalina.startup.VersionLoggerListener.log Command line argument: -Djava.util.logging.manager=org.apache.juli.ClassLoaderLogManager
04-Feb-2026 11:21:06.196 INFO [main] org.apache.catalina.startup.VersionLoggerListener.log Command line argument: -Djdk.tls.ephemeralDHKeySize=2048
04-Feb-2026 11:21:06.196 INFO [main] org.apache.catalina.startup.VersionLoggerListener.log Command line argument: -Dorg.apache.catalina.security.SecurityListener.UMASK=0027
04-Feb-2026 11:21:06.196 INFO [main] org.apache.catalina.startup.VersionLoggerListener.log Command line argument: --add-opens=java.base/java.lang=ALL-UNNAMED
04-Feb-2026 11:21:06.196 INFO [main] org.apache.catalina.startup.VersionLoggerListener.log Command line argument: --add-opens=java.base/java.lang.reflect=ALL-UNNAMED
04-Feb-2026 11:21:06.196 INFO [main] org.apache.catalina.startup.VersionLoggerListener.log Command line argument: --add-opens=java.base/java.io=ALL-UNNAMED
04-Feb-2026 11:21:06.197 INFO [main] org.apache.catalina.startup.VersionLoggerListener.log Command line argument: --add-opens=java.base/java.util=ALL-UNNAMED
04-Feb-2026 11:21:06.197 INFO [main] org.apache.catalina.startup.VersionLoggerListener.log Command line argument: --add-opens=java.base/java.util.concurrent=ALL-UNNAMED
04-Feb-2026 11:21:06.197 INFO [main] org.apache.catalina.startup.VersionLoggerListener.log Command line argument: --add-opens=java.rmi/sun.rmi.transport=ALL-UNNAMED
04-Feb-2026 11:21:06.197 INFO [main] org.apache.catalina.startup.VersionLoggerListener.log Command line argument: --enable-native-access=ALL-UNNAMED
04-Feb-2026 11:21:06.197 INFO [main] org.apache.catalina.startup.VersionLoggerListener.log Command line argument: -Dcatalina.base=/home/infoetu/baptiste.lavogiez.etu/BUT2/Semestre2/Webdev/tomcat
04-Feb-2026 11:21:06.197 INFO [main] org.apache.catalina.startup.VersionLoggerListener.log Command line argument: -Dcatalina.home=/home/infoetu/baptiste.lavogiez.etu/BUT2/Semestre2/Webdev/tomcat
04-Feb-2026 11:21:06.197 INFO [main] org.apache.catalina.startup.VersionLoggerListener.log Command line argument: -Djava.io.tmpdir=/home/infoetu/baptiste.lavogiez.etu/BUT2/Semestre2/Webdev/tomcat/temp
04-Feb-2026 11:21:06.198 INFO [main] org.apache.catalina.core.AprLifecycleListener.lifecycleEvent The Apache Tomcat Native library which allows using OpenSSL was not found on the java.library.path: [/usr/java/packages/lib:/usr/lib/x86_64-linux-gnu/jni:/lib/x86_64-linux-gnu:/usr/lib/x86_64-linux-gnu:/usr/lib/jni:/lib:/usr/lib]
04-Feb-2026 11:21:06.292 INFO [main] org.apache.coyote.AbstractProtocol.init Initializing ProtocolHandler ["http-nio-8080"]
04-Feb-2026 11:21:06.300 INFO [main] org.apache.catalina.startup.Catalina.load Server initialization in [175] milliseconds
04-Feb-2026 11:21:06.316 INFO [main] org.apache.catalina.core.StandardService.startInternal Starting service [Catalina]
04-Feb-2026 11:21:06.316 INFO [main] org.apache.catalina.core.StandardEngine.startInternal Starting Servlet engine: [Apache Tomcat/11.0.13]
04-Feb-2026 11:21:06.321 INFO [main] org.apache.catalina.startup.HostConfig.deployDirectory Deploying web application directory [/home/infoetu/baptiste.lavogiez.etu/BUT2/Semestre2/Webdev/tomcat/webapps/ctp-sample]
04-Feb-2026 11:21:06.612 INFO [main] org.apache.jasper.servlet.TldScanner.scanJars At least one JAR was scanned for TLDs yet contained no TLDs. Enable debug logging for this logger for a complete list of JARs that were scanned but no TLDs were found in them. Skipping unneeded JARs during scanning can improve startup time and JSP compilation time.
04-Feb-2026 11:21:06.627 INFO [main] org.apache.catalina.startup.HostConfig.deployDirectory Deployment of web application directory [/home/infoetu/baptiste.lavogiez.etu/BUT2/Semestre2/Webdev/tomcat/webapps/ctp-sample] has finished in [305] ms
04-Feb-2026 11:21:06.627 INFO [main] org.apache.catalina.startup.HostConfig.deployDirectory Deploying web application directory [/home/infoetu/baptiste.lavogiez.etu/BUT2/Semestre2/Webdev/tomcat/webapps/__MACOSX]
04-Feb-2026 11:21:06.753 INFO [main] org.apache.jasper.servlet.TldScanner.scanJars At least one JAR was scanned for TLDs yet contained no TLDs. Enable debug logging for this logger for a complete list of JARs that were scanned but no TLDs were found in them. Skipping unneeded JARs during scanning can improve startup time and JSP compilation time.
04-Feb-2026 11:21:06.754 INFO [main] org.apache.catalina.startup.HostConfig.deployDirectory Deployment of web application directory [/home/infoetu/baptiste.lavogiez.etu/BUT2/Semestre2/Webdev/tomcat/webapps/__MACOSX] has finished in [127] ms
04-Feb-2026 11:21:06.755 INFO [main] org.apache.catalina.startup.HostConfig.deployDirectory Deploying web application directory [/home/infoetu/baptiste.lavogiez.etu/BUT2/Semestre2/Webdev/tomcat/webapps/ROOT]
04-Feb-2026 11:21:06.888 INFO [main] org.apache.jasper.servlet.TldScanner.scanJars At least one JAR was scanned for TLDs yet contained no TLDs. Enable debug logging for this logger for a complete list of JARs that were scanned but no TLDs were found in them. Skipping unneeded JARs during scanning can improve startup time and JSP compilation time.
04-Feb-2026 11:21:06.890 INFO [main] org.apache.catalina.startup.HostConfig.deployDirectory Deployment of web application directory [/home/infoetu/baptiste.lavogiez.etu/BUT2/Semestre2/Webdev/tomcat/webapps/ROOT] has finished in [135] ms
04-Feb-2026 11:21:06.890 INFO [main] org.apache.catalina.startup.HostConfig.deployDirectory Deploying web application directory [/home/infoetu/baptiste.lavogiez.etu/BUT2/Semestre2/Webdev/tomcat/webapps/TP04]
04-Feb-2026 11:21:07.037 INFO [main] org.apache.jasper.servlet.TldScanner.scanJars At least one JAR was scanned for TLDs yet contained no TLDs. Enable debug logging for this logger for a complete list of JARs that were scanned but no TLDs were found in them. Skipping unneeded JARs during scanning can improve startup time and JSP compilation time.
04-Feb-2026 11:21:07.038 INFO [main] org.apache.catalina.startup.HostConfig.deployDirectory Deployment of web application directory [/home/infoetu/baptiste.lavogiez.etu/BUT2/Semestre2/Webdev/tomcat/webapps/TP04] has finished in [148] ms
04-Feb-2026 11:21:07.038 INFO [main] org.apache.catalina.startup.HostConfig.deployDirectory Deploying web application directory [/home/infoetu/baptiste.lavogiez.etu/BUT2/Semestre2/Webdev/tomcat/webapps/docs]
04-Feb-2026 11:21:07.162 INFO [main] org.apache.jasper.servlet.TldScanner.scanJars At least one JAR was scanned for TLDs yet contained no TLDs. Enable debug logging for this logger for a complete list of JARs that were scanned but no TLDs were found in them. Skipping unneeded JARs during scanning can improve startup time and JSP compilation time.
04-Feb-2026 11:21:07.163 INFO [main] org.apache.catalina.startup.HostConfig.deployDirectory Deployment of web application directory [/home/infoetu/baptiste.lavogiez.etu/BUT2/Semestre2/Webdev/tomcat/webapps/docs] has finished in [125] ms
04-Feb-2026 11:21:07.163 INFO [main] org.apache.catalina.startup.HostConfig.deployDirectory Deploying web application directory [/home/infoetu/baptiste.lavogiez.etu/BUT2/Semestre2/Webdev/tomcat/webapps/TP03-Partie2]
04-Feb-2026 11:21:07.290 INFO [main] org.apache.jasper.servlet.TldScanner.scanJars At least one JAR was scanned for TLDs yet contained no TLDs. Enable debug logging for this logger for a complete list of JARs that were scanned but no TLDs were found in them. Skipping unneeded JARs during scanning can improve startup time and JSP compilation time.
04-Feb-2026 11:21:07.291 INFO [main] org.apache.catalina.startup.HostConfig.deployDirectory Deployment of web application directory [/home/infoetu/baptiste.lavogiez.etu/BUT2/Semestre2/Webdev/tomcat/webapps/TP03-Partie2] has finished in [128] ms
04-Feb-2026 11:21:07.291 INFO [main] org.apache.catalina.startup.HostConfig.deployDirectory Deploying web application directory [/home/infoetu/baptiste.lavogiez.etu/BUT2/Semestre2/Webdev/tomcat/webapps/manager]
04-Feb-2026 11:21:07.414 INFO [main] org.apache.jasper.servlet.TldScanner.scanJars At least one JAR was scanned for TLDs yet contained no TLDs. Enable debug logging for this logger for a complete list of JARs that were scanned but no TLDs were found in them. Skipping unneeded JARs during scanning can improve startup time and JSP compilation time.
04-Feb-2026 11:21:07.416 INFO [main] org.apache.catalina.startup.HostConfig.deployDirectory Deployment of web application directory [/home/infoetu/baptiste.lavogiez.etu/BUT2/Semestre2/Webdev/tomcat/webapps/manager] has finished in [125] ms
04-Feb-2026 11:21:07.416 INFO [main] org.apache.catalina.startup.HostConfig.deployDirectory Deploying web application directory [/home/infoetu/baptiste.lavogiez.etu/BUT2/Semestre2/Webdev/tomcat/webapps/TP02]
04-Feb-2026 11:21:07.543 INFO [main] org.apache.jasper.servlet.TldScanner.scanJars At least one JAR was scanned for TLDs yet contained no TLDs. Enable debug logging for this logger for a complete list of JARs that were scanned but no TLDs were found in them. Skipping unneeded JARs during scanning can improve startup time and JSP compilation time.
04-Feb-2026 11:21:07.544 INFO [main] org.apache.catalina.startup.HostConfig.deployDirectory Deployment of web application directory [/home/infoetu/baptiste.lavogiez.etu/BUT2/Semestre2/Webdev/tomcat/webapps/TP02] has finished in [128] ms
04-Feb-2026 11:21:07.544 INFO [main] org.apache.catalina.startup.HostConfig.deployDirectory Deploying web application directory [/home/infoetu/baptiste.lavogiez.etu/BUT2/Semestre2/Webdev/tomcat/webapps/TP03]
04-Feb-2026 11:21:07.670 INFO [main] org.apache.jasper.servlet.TldScanner.scanJars At least one JAR was scanned for TLDs yet contained no TLDs. Enable debug logging for this logger for a complete list of JARs that were scanned but no TLDs were found in them. Skipping unneeded JARs during scanning can improve startup time and JSP compilation time.
04-Feb-2026 11:21:07.671 INFO [main] org.apache.catalina.startup.HostConfig.deployDirectory Deployment of web application directory [/home/infoetu/baptiste.lavogiez.etu/BUT2/Semestre2/Webdev/tomcat/webapps/TP03] has finished in [127] ms
04-Feb-2026 11:21:07.671 INFO [main] org.apache.catalina.startup.HostConfig.deployDirectory Deploying web application directory [/home/infoetu/baptiste.lavogiez.etu/BUT2/Semestre2/Webdev/tomcat/webapps/TP01]
04-Feb-2026 11:21:07.786 INFO [main] org.apache.jasper.servlet.TldScanner.scanJars At least one JAR was scanned for TLDs yet contained no TLDs. Enable debug logging for this logger for a complete list of JARs that were scanned but no TLDs were found in them. Skipping unneeded JARs during scanning can improve startup time and JSP compilation time.
04-Feb-2026 11:21:07.786 INFO [main] org.apache.catalina.startup.HostConfig.deployDirectory Deployment of web application directory [/home/infoetu/baptiste.lavogiez.etu/BUT2/Semestre2/Webdev/tomcat/webapps/TP01] has finished in [115] ms
04-Feb-2026 11:21:07.787 INFO [main] org.apache.catalina.startup.HostConfig.deployDirectory Deploying web application directory [/home/infoetu/baptiste.lavogiez.etu/BUT2/Semestre2/Webdev/tomcat/webapps/host-manager]
04-Feb-2026 11:21:07.902 INFO [main] org.apache.jasper.servlet.TldScanner.scanJars At least one JAR was scanned for TLDs yet contained no TLDs. Enable debug logging for this logger for a complete list of JARs that were scanned but no TLDs were found in them. Skipping unneeded JARs during scanning can improve startup time and JSP compilation time.
04-Feb-2026 11:21:07.903 INFO [main] org.apache.catalina.startup.HostConfig.deployDirectory Deployment of web application directory [/home/infoetu/baptiste.lavogiez.etu/BUT2/Semestre2/Webdev/tomcat/webapps/host-manager] has finished in [116] ms
04-Feb-2026 11:21:07.903 INFO [main] org.apache.catalina.startup.HostConfig.deployDirectory Deploying web application directory [/home/infoetu/baptiste.lavogiez.etu/BUT2/Semestre2/Webdev/tomcat/webapps/tp_chess]
04-Feb-2026 11:21:08.031 INFO [main] org.apache.jasper.servlet.TldScanner.scanJars At least one JAR was scanned for TLDs yet contained no TLDs. Enable debug logging for this logger for a complete list of JARs that were scanned but no TLDs were found in them. Skipping unneeded JARs during scanning can improve startup time and JSP compilation time.
04-Feb-2026 11:21:08.032 INFO [main] org.apache.catalina.startup.HostConfig.deployDirectory Deployment of web application directory [/home/infoetu/baptiste.lavogiez.etu/BUT2/Semestre2/Webdev/tomcat/webapps/tp_chess] has finished in [129] ms
04-Feb-2026 11:21:08.033 INFO [main] org.apache.catalina.startup.HostConfig.deployDirectory Deploying web application directory [/home/infoetu/baptiste.lavogiez.etu/BUT2/Semestre2/Webdev/tomcat/webapps/examples]
04-Feb-2026 11:21:08.329 INFO [main] org.apache.jasper.servlet.TldScanner.scanJars At least one JAR was scanned for TLDs yet contained no TLDs. Enable debug logging for this logger for a complete list of JARs that were scanned but no TLDs were found in them. Skipping unneeded JARs during scanning can improve startup time and JSP compilation time.
04-Feb-2026 11:21:08.341 INFO [main] org.apache.catalina.startup.HostConfig.deployDirectory Deployment of web application directory [/home/infoetu/baptiste.lavogiez.etu/BUT2/Semestre2/Webdev/tomcat/webapps/examples] has finished in [308] ms
04-Feb-2026 11:21:08.343 INFO [main] org.apache.coyote.AbstractProtocol.start Starting ProtocolHandler ["http-nio-8080"]
04-Feb-2026 11:21:08.348 INFO [main] org.apache.catalina.startup.Catalina.start Server startup in [2048] milliseconds
04-Feb-2026 11:25:43.199 INFO [Thread-1] org.apache.coyote.AbstractProtocol.pause Pausing ProtocolHandler ["http-nio-8080"]
04-Feb-2026 11:25:43.201 INFO [Thread-1] org.apache.catalina.core.StandardService.stopInternal Stopping service [Catalina]
04-Feb-2026 11:25:43.235 INFO [Thread-1] org.apache.coyote.AbstractProtocol.stop Stopping ProtocolHandler ["http-nio-8080"]
04-Feb-2026 11:25:43.244 INFO [Thread-1] org.apache.coyote.AbstractProtocol.destroy Destroying ProtocolHandler ["http-nio-8080"]
04-Feb-2026 11:25:56.469 INFO [main] org.apache.catalina.startup.VersionLoggerListener.log Server version name:   Apache Tomcat/11.0.13
04-Feb-2026 11:25:56.471 INFO [main] org.apache.catalina.startup.VersionLoggerListener.log Server built:          Oct 10 2025 13:57:31 UTC
04-Feb-2026 11:25:56.471 INFO [main] org.apache.catalina.startup.VersionLoggerListener.log Server version number: 11.0.13.0
04-Feb-2026 11:25:56.471 INFO [main] org.apache.catalina.startup.VersionLoggerListener.log OS Name:               Linux
04-Feb-2026 11:25:56.471 INFO [main] org.apache.catalina.startup.VersionLoggerListener.log OS Version:            6.1.0-40-amd64
04-Feb-2026 11:25:56.471 INFO [main] org.apache.catalina.startup.VersionLoggerListener.log Architecture:          amd64
04-Feb-2026 11:25:56.472 INFO [main] org.apache.catalina.startup.VersionLoggerListener.log Java Home:             /usr/lib/jvm/java-17-openjdk-amd64
04-Feb-2026 11:25:56.472 INFO [main] org.apache.catalina.startup.VersionLoggerListener.log JVM Version:           17.0.18+8-Debian-1deb12u1
04-Feb-2026 11:25:56.472 INFO [main] org.apache.catalina.startup.VersionLoggerListener.log JVM Vendor:            Debian
04-Feb-2026 11:25:56.472 INFO [main] org.apache.catalina.startup.VersionLoggerListener.log CATALINA_BASE:         /home/infoetu/baptiste.lavogiez.etu/BUT2/Semestre2/Webdev/tomcat
04-Feb-2026 11:25:56.472 INFO [main] org.apache.catalina.startup.VersionLoggerListener.log CATALINA_HOME:         /home/infoetu/baptiste.lavogiez.etu/BUT2/Semestre2/Webdev/tomcat
04-Feb-2026 11:25:56.475 INFO [main] org.apache.catalina.startup.VersionLoggerListener.log Command line argument: -Djava.util.logging.config.file=/home/infoetu/baptiste.lavogiez.etu/BUT2/Semestre2/Webdev/tomcat/conf/logging.properties
04-Feb-2026 11:25:56.475 INFO [main] org.apache.catalina.startup.VersionLoggerListener.log Command line argument: -Djava.util.logging.manager=org.apache.juli.ClassLoaderLogManager
04-Feb-2026 11:25:56.475 INFO [main] org.apache.catalina.startup.VersionLoggerListener.log Command line argument: -Djdk.tls.ephemeralDHKeySize=2048
04-Feb-2026 11:25:56.475 INFO [main] org.apache.catalina.startup.VersionLoggerListener.log Command line argument: -Dorg.apache.catalina.security.SecurityListener.UMASK=0027
04-Feb-2026 11:25:56.475 INFO [main] org.apache.catalina.startup.VersionLoggerListener.log Command line argument: --add-opens=java.base/java.lang=ALL-UNNAMED
04-Feb-2026 11:25:56.475 INFO [main] org.apache.catalina.startup.VersionLoggerListener.log Command line argument: --add-opens=java.base/java.lang.reflect=ALL-UNNAMED
04-Feb-2026 11:25:56.475 INFO [main] org.apache.catalina.startup.VersionLoggerListener.log Command line argument: --add-opens=java.base/java.io=ALL-UNNAMED
04-Feb-2026 11:25:56.475 INFO [main] org.apache.catalina.startup.VersionLoggerListener.log Command line argument: --add-opens=java.base/java.util=ALL-UNNAMED
04-Feb-2026 11:25:56.475 INFO [main] org.apache.catalina.startup.VersionLoggerListener.log Command line argument: --add-opens=java.base/java.util.concurrent=ALL-UNNAMED
04-Feb-2026 11:25:56.475 INFO [main] org.apache.catalina.startup.VersionLoggerListener.log Command line argument: --add-opens=java.rmi/sun.rmi.transport=ALL-UNNAMED
04-Feb-2026 11:25:56.475 INFO [main] org.apache.catalina.startup.VersionLoggerListener.log Command line argument: --enable-native-access=ALL-UNNAMED
04-Feb-2026 11:25:56.475 INFO [main] org.apache.catalina.startup.VersionLoggerListener.log Command line argument: -Dcatalina.base=/home/infoetu/baptiste.lavogiez.etu/BUT2/Semestre2/Webdev/tomcat
04-Feb-2026 11:25:56.475 INFO [main] org.apache.catalina.startup.VersionLoggerListener.log Command line argument: -Dcatalina.home=/home/infoetu/baptiste.lavogiez.etu/BUT2/Semestre2/Webdev/tomcat
04-Feb-2026 11:25:56.475 INFO [main] org.apache.catalina.startup.VersionLoggerListener.log Command line argument: -Djava.io.tmpdir=/home/infoetu/baptiste.lavogiez.etu/BUT2/Semestre2/Webdev/tomcat/temp
04-Feb-2026 11:25:56.476 INFO [main] org.apache.catalina.core.AprLifecycleListener.lifecycleEvent The Apache Tomcat Native library which allows using OpenSSL was not found on the java.library.path: [/usr/java/packages/lib:/usr/lib/x86_64-linux-gnu/jni:/lib/x86_64-linux-gnu:/usr/lib/x86_64-linux-gnu:/usr/lib/jni:/lib:/usr/lib]
04-Feb-2026 11:25:56.573 INFO [main] org.apache.coyote.AbstractProtocol.init Initializing ProtocolHandler ["http-nio-8080"]
04-Feb-2026 11:25:56.582 INFO [main] org.apache.catalina.startup.Catalina.load Server initialization in [177] milliseconds
04-Feb-2026 11:25:56.598 INFO [main] org.apache.catalina.core.StandardService.startInternal Starting service [Catalina]
04-Feb-2026 11:25:56.598 INFO [main] org.apache.catalina.core.StandardEngine.startInternal Starting Servlet engine: [Apache Tomcat/11.0.13]
04-Feb-2026 11:25:56.603 INFO [main] org.apache.catalina.startup.HostConfig.deployDirectory Deploying web application directory [/home/infoetu/baptiste.lavogiez.etu/BUT2/Semestre2/Webdev/tomcat/webapps/ctp-sample]
04-Feb-2026 11:25:56.908 INFO [main] org.apache.jasper.servlet.TldScanner.scanJars At least one JAR was scanned for TLDs yet contained no TLDs. Enable debug logging for this logger for a complete list of JARs that were scanned but no TLDs were found in them. Skipping unneeded JARs during scanning can improve startup time and JSP compilation time.
04-Feb-2026 11:25:56.923 INFO [main] org.apache.catalina.startup.HostConfig.deployDirectory Deployment of web application directory [/home/infoetu/baptiste.lavogiez.etu/BUT2/Semestre2/Webdev/tomcat/webapps/ctp-sample] has finished in [320] ms
04-Feb-2026 11:25:56.924 INFO [main] org.apache.catalina.startup.HostConfig.deployDirectory Deploying web application directory [/home/infoetu/baptiste.lavogiez.etu/BUT2/Semestre2/Webdev/tomcat/webapps/__MACOSX]
04-Feb-2026 11:25:57.061 INFO [main] org.apache.jasper.servlet.TldScanner.scanJars At least one JAR was scanned for TLDs yet contained no TLDs. Enable debug logging for this logger for a complete list of JARs that were scanned but no TLDs were found in them. Skipping unneeded JARs during scanning can improve startup time and JSP compilation time.
04-Feb-2026 11:25:57.062 INFO [main] org.apache.catalina.startup.HostConfig.deployDirectory Deployment of web application directory [/home/infoetu/baptiste.lavogiez.etu/BUT2/Semestre2/Webdev/tomcat/webapps/__MACOSX] has finished in [138] ms
04-Feb-2026 11:25:57.062 INFO [main] org.apache.catalina.startup.HostConfig.deployDirectory Deploying web application directory [/home/infoetu/baptiste.lavogiez.etu/BUT2/Semestre2/Webdev/tomcat/webapps/ROOT]
04-Feb-2026 11:25:57.197 INFO [main] org.apache.jasper.servlet.TldScanner.scanJars At least one JAR was scanned for TLDs yet contained no TLDs. Enable debug logging for this logger for a complete list of JARs that were scanned but no TLDs were found in them. Skipping unneeded JARs during scanning can improve startup time and JSP compilation time.
04-Feb-2026 11:25:57.198 INFO [main] org.apache.catalina.startup.HostConfig.deployDirectory Deployment of web application directory [/home/infoetu/baptiste.lavogiez.etu/BUT2/Semestre2/Webdev/tomcat/webapps/ROOT] has finished in [136] ms
04-Feb-2026 11:25:57.198 INFO [main] org.apache.catalina.startup.HostConfig.deployDirectory Deploying web application directory [/home/infoetu/baptiste.lavogiez.etu/BUT2/Semestre2/Webdev/tomcat/webapps/TP04]
04-Feb-2026 11:25:57.347 INFO [main] org.apache.jasper.servlet.TldScanner.scanJars At least one JAR was scanned for TLDs yet contained no TLDs. Enable debug logging for this logger for a complete list of JARs that were scanned but no TLDs were found in them. Skipping unneeded JARs during scanning can improve startup time and JSP compilation time.
04-Feb-2026 11:25:57.348 INFO [main] org.apache.catalina.startup.HostConfig.deployDirectory Deployment of web application directory [/home/infoetu/baptiste.lavogiez.etu/BUT2/Semestre2/Webdev/tomcat/webapps/TP04] has finished in [150] ms
04-Feb-2026 11:25:57.348 INFO [main] org.apache.catalina.startup.HostConfig.deployDirectory Deploying web application directory [/home/infoetu/baptiste.lavogiez.etu/BUT2/Semestre2/Webdev/tomcat/webapps/docs]
04-Feb-2026 11:25:57.472 INFO [main] org.apache.jasper.servlet.TldScanner.scanJars At least one JAR was scanned for TLDs yet contained no TLDs. Enable debug logging for this logger for a complete list of JARs that were scanned but no TLDs were found in them. Skipping unneeded JARs during scanning can improve startup time and JSP compilation time.
04-Feb-2026 11:25:57.473 INFO [main] org.apache.catalina.startup.HostConfig.deployDirectory Deployment of web application directory [/home/infoetu/baptiste.lavogiez.etu/BUT2/Semestre2/Webdev/tomcat/webapps/docs] has finished in [125] ms
04-Feb-2026 11:25:57.473 INFO [main] org.apache.catalina.startup.HostConfig.deployDirectory Deploying web application directory [/home/infoetu/baptiste.lavogiez.etu/BUT2/Semestre2/Webdev/tomcat/webapps/TP03-Partie2]
04-Feb-2026 11:25:57.606 INFO [main] org.apache.jasper.servlet.TldScanner.scanJars At least one JAR was scanned for TLDs yet contained no TLDs. Enable debug logging for this logger for a complete list of JARs that were scanned but no TLDs were found in them. Skipping unneeded JARs during scanning can improve startup time and JSP compilation time.
04-Feb-2026 11:25:57.607 INFO [main] org.apache.catalina.startup.HostConfig.deployDirectory Deployment of web application directory [/home/infoetu/baptiste.lavogiez.etu/BUT2/Semestre2/Webdev/tomcat/webapps/TP03-Partie2] has finished in [134] ms
04-Feb-2026 11:25:57.607 INFO [main] org.apache.catalina.startup.HostConfig.deployDirectory Deploying web application directory [/home/infoetu/baptiste.lavogiez.etu/BUT2/Semestre2/Webdev/tomcat/webapps/manager]
04-Feb-2026 11:25:57.732 INFO [main] org.apache.jasper.servlet.TldScanner.scanJars At least one JAR was scanned for TLDs yet contained no TLDs. Enable debug logging for this logger for a complete list of JARs that were scanned but no TLDs were found in them. Skipping unneeded JARs during scanning can improve startup time and JSP compilation time.
04-Feb-2026 11:25:57.734 INFO [main] org.apache.catalina.startup.HostConfig.deployDirectory Deployment of web application directory [/home/infoetu/baptiste.lavogiez.etu/BUT2/Semestre2/Webdev/tomcat/webapps/manager] has finished in [127] ms
04-Feb-2026 11:25:57.734 INFO [main] org.apache.catalina.startup.HostConfig.deployDirectory Deploying web application directory [/home/infoetu/baptiste.lavogiez.etu/BUT2/Semestre2/Webdev/tomcat/webapps/TP02]
04-Feb-2026 11:25:57.867 INFO [main] org.apache.jasper.servlet.TldScanner.scanJars At least one JAR was scanned for TLDs yet contained no TLDs. Enable debug logging for this logger for a complete list of JARs that were scanned but no TLDs were found in them. Skipping unneeded JARs during scanning can improve startup time and JSP compilation time.
04-Feb-2026 11:25:57.868 INFO [main] org.apache.catalina.startup.HostConfig.deployDirectory Deployment of web application directory [/home/infoetu/baptiste.lavogiez.etu/BUT2/Semestre2/Webdev/tomcat/webapps/TP02] has finished in [133] ms
04-Feb-2026 11:25:57.868 INFO [main] org.apache.catalina.startup.HostConfig.deployDirectory Deploying web application directory [/home/infoetu/baptiste.lavogiez.etu/BUT2/Semestre2/Webdev/tomcat/webapps/TP03]
04-Feb-2026 11:25:57.997 INFO [main] org.apache.jasper.servlet.TldScanner.scanJars At least one JAR was scanned for TLDs yet contained no TLDs. Enable debug logging for this logger for a complete list of JARs that were scanned but no TLDs were found in them. Skipping unneeded JARs during scanning can improve startup time and JSP compilation time.
04-Feb-2026 11:25:57.998 INFO [main] org.apache.catalina.startup.HostConfig.deployDirectory Deployment of web application directory [/home/infoetu/baptiste.lavogiez.etu/BUT2/Semestre2/Webdev/tomcat/webapps/TP03] has finished in [130] ms
04-Feb-2026 11:25:57.998 INFO [main] org.apache.catalina.startup.HostConfig.deployDirectory Deploying web application directory [/home/infoetu/baptiste.lavogiez.etu/BUT2/Semestre2/Webdev/tomcat/webapps/TP01]
04-Feb-2026 11:25:58.119 INFO [main] org.apache.jasper.servlet.TldScanner.scanJars At least one JAR was scanned for TLDs yet contained no TLDs. Enable debug logging for this logger for a complete list of JARs that were scanned but no TLDs were found in them. Skipping unneeded JARs during scanning can improve startup time and JSP compilation time.
04-Feb-2026 11:25:58.120 INFO [main] org.apache.catalina.startup.HostConfig.deployDirectory Deployment of web application directory [/home/infoetu/baptiste.lavogiez.etu/BUT2/Semestre2/Webdev/tomcat/webapps/TP01] has finished in [122] ms
04-Feb-2026 11:25:58.120 INFO [main] org.apache.catalina.startup.HostConfig.deployDirectory Deploying web application directory [/home/infoetu/baptiste.lavogiez.etu/BUT2/Semestre2/Webdev/tomcat/webapps/host-manager]
04-Feb-2026 11:25:58.238 INFO [main] org.apache.jasper.servlet.TldScanner.scanJars At least one JAR was scanned for TLDs yet contained no TLDs. Enable debug logging for this logger for a complete list of JARs that were scanned but no TLDs were found in them. Skipping unneeded JARs during scanning can improve startup time and JSP compilation time.
04-Feb-2026 11:25:58.239 INFO [main] org.apache.catalina.startup.HostConfig.deployDirectory Deployment of web application directory [/home/infoetu/baptiste.lavogiez.etu/BUT2/Semestre2/Webdev/tomcat/webapps/host-manager] has finished in [119] ms
04-Feb-2026 11:25:58.239 INFO [main] org.apache.catalina.startup.HostConfig.deployDirectory Deploying web application directory [/home/infoetu/baptiste.lavogiez.etu/BUT2/Semestre2/Webdev/tomcat/webapps/tp_chess]
04-Feb-2026 11:25:58.363 INFO [main] org.apache.jasper.servlet.TldScanner.scanJars At least one JAR was scanned for TLDs yet contained no TLDs. Enable debug logging for this logger for a complete list of JARs that were scanned but no TLDs were found in them. Skipping unneeded JARs during scanning can improve startup time and JSP compilation time.
04-Feb-2026 11:25:58.364 INFO [main] org.apache.catalina.startup.HostConfig.deployDirectory Deployment of web application directory [/home/infoetu/baptiste.lavogiez.etu/BUT2/Semestre2/Webdev/tomcat/webapps/tp_chess] has finished in [125] ms
04-Feb-2026 11:25:58.364 INFO [main] org.apache.catalina.startup.HostConfig.deployDirectory Deploying web application directory [/home/infoetu/baptiste.lavogiez.etu/BUT2/Semestre2/Webdev/tomcat/webapps/examples]
04-Feb-2026 11:25:58.650 INFO [main] org.apache.jasper.servlet.TldScanner.scanJars At least one JAR was scanned for TLDs yet contained no TLDs. Enable debug logging for this logger for a complete list of JARs that were scanned but no TLDs were found in them. Skipping unneeded JARs during scanning can improve startup time and JSP compilation time.
04-Feb-2026 11:25:58.662 INFO [main] org.apache.catalina.startup.HostConfig.deployDirectory Deployment of web application directory [/home/infoetu/baptiste.lavogiez.etu/BUT2/Semestre2/Webdev/tomcat/webapps/examples] has finished in [298] ms
04-Feb-2026 11:25:58.664 INFO [main] org.apache.coyote.AbstractProtocol.start Starting ProtocolHandler ["http-nio-8080"]
04-Feb-2026 11:25:58.668 INFO [main] org.apache.catalina.startup.Catalina.start Server startup in [2086] milliseconds
04-Feb-2026 11:27:14.928 INFO [Thread-1] org.apache.coyote.AbstractProtocol.pause Pausing ProtocolHandler ["http-nio-8080"]
04-Feb-2026 11:27:14.931 INFO [Thread-1] org.apache.catalina.core.StandardService.stopInternal Stopping service [Catalina]
04-Feb-2026 11:27:14.971 INFO [Thread-1] org.apache.coyote.AbstractProtocol.stop Stopping ProtocolHandler ["http-nio-8080"]
04-Feb-2026 11:27:14.974 INFO [Thread-1] org.apache.coyote.AbstractProtocol.destroy Destroying ProtocolHandler ["http-nio-8080"]
04-Feb-2026 11:27:16.055 INFO [main] org.apache.catalina.startup.VersionLoggerListener.log Server version name:   Apache Tomcat/11.0.13
04-Feb-2026 11:27:16.057 INFO [main] org.apache.catalina.startup.VersionLoggerListener.log Server built:          Oct 10 2025 13:57:31 UTC
04-Feb-2026 11:27:16.057 INFO [main] org.apache.catalina.startup.VersionLoggerListener.log Server version number: 11.0.13.0
04-Feb-2026 11:27:16.057 INFO [main] org.apache.catalina.startup.VersionLoggerListener.log OS Name:               Linux
04-Feb-2026 11:27:16.057 INFO [main] org.apache.catalina.startup.VersionLoggerListener.log OS Version:            6.1.0-40-amd64
04-Feb-2026 11:27:16.057 INFO [main] org.apache.catalina.startup.VersionLoggerListener.log Architecture:          amd64
04-Feb-2026 11:27:16.057 INFO [main] org.apache.catalina.startup.VersionLoggerListener.log Java Home:             /usr/lib/jvm/java-17-openjdk-amd64
04-Feb-2026 11:27:16.057 INFO [main] org.apache.catalina.startup.VersionLoggerListener.log JVM Version:           17.0.18+8-Debian-1deb12u1
04-Feb-2026 11:27:16.057 INFO [main] org.apache.catalina.startup.VersionLoggerListener.log JVM Vendor:            Debian
04-Feb-2026 11:27:16.057 INFO [main] org.apache.catalina.startup.VersionLoggerListener.log CATALINA_BASE:         /home/infoetu/baptiste.lavogiez.etu/BUT2/Semestre2/Webdev/tomcat
04-Feb-2026 11:27:16.057 INFO [main] org.apache.catalina.startup.VersionLoggerListener.log CATALINA_HOME:         /home/infoetu/baptiste.lavogiez.etu/BUT2/Semestre2/Webdev/tomcat
04-Feb-2026 11:27:16.061 INFO [main] org.apache.catalina.startup.VersionLoggerListener.log Command line argument: -Djava.util.logging.config.file=/home/infoetu/baptiste.lavogiez.etu/BUT2/Semestre2/Webdev/tomcat/conf/logging.properties
04-Feb-2026 11:27:16.061 INFO [main] org.apache.catalina.startup.VersionLoggerListener.log Command line argument: -Djava.util.logging.manager=org.apache.juli.ClassLoaderLogManager
04-Feb-2026 11:27:16.061 INFO [main] org.apache.catalina.startup.VersionLoggerListener.log Command line argument: -Djdk.tls.ephemeralDHKeySize=2048
04-Feb-2026 11:27:16.061 INFO [main] org.apache.catalina.startup.VersionLoggerListener.log Command line argument: -Dorg.apache.catalina.security.SecurityListener.UMASK=0027
04-Feb-2026 11:27:16.061 INFO [main] org.apache.catalina.startup.VersionLoggerListener.log Command line argument: --add-opens=java.base/java.lang=ALL-UNNAMED
04-Feb-2026 11:27:16.061 INFO [main] org.apache.catalina.startup.VersionLoggerListener.log Command line argument: --add-opens=java.base/java.lang.reflect=ALL-UNNAMED
04-Feb-2026 11:27:16.061 INFO [main] org.apache.catalina.startup.VersionLoggerListener.log Command line argument: --add-opens=java.base/java.io=ALL-UNNAMED
04-Feb-2026 11:27:16.061 INFO [main] org.apache.catalina.startup.VersionLoggerListener.log Command line argument: --add-opens=java.base/java.util=ALL-UNNAMED
04-Feb-2026 11:27:16.061 INFO [main] org.apache.catalina.startup.VersionLoggerListener.log Command line argument: --add-opens=java.base/java.util.concurrent=ALL-UNNAMED
04-Feb-2026 11:27:16.061 INFO [main] org.apache.catalina.startup.VersionLoggerListener.log Command line argument: --add-opens=java.rmi/sun.rmi.transport=ALL-UNNAMED
04-Feb-2026 11:27:16.061 INFO [main] org.apache.catalina.startup.VersionLoggerListener.log Command line argument: --enable-native-access=ALL-UNNAMED
04-Feb-2026 11:27:16.061 INFO [main] org.apache.catalina.startup.VersionLoggerListener.log Command line argument: -Dcatalina.base=/home/infoetu/baptiste.lavogiez.etu/BUT2/Semestre2/Webdev/tomcat
04-Feb-2026 11:27:16.061 INFO [main] org.apache.catalina.startup.VersionLoggerListener.log Command line argument: -Dcatalina.home=/home/infoetu/baptiste.lavogiez.etu/BUT2/Semestre2/Webdev/tomcat
04-Feb-2026 11:27:16.062 INFO [main] org.apache.catalina.startup.VersionLoggerListener.log Command line argument: -Djava.io.tmpdir=/home/infoetu/baptiste.lavogiez.etu/BUT2/Semestre2/Webdev/tomcat/temp
04-Feb-2026 11:27:16.062 INFO [main] org.apache.catalina.core.AprLifecycleListener.lifecycleEvent The Apache Tomcat Native library which allows using OpenSSL was not found on the java.library.path: [/usr/java/packages/lib:/usr/lib/x86_64-linux-gnu/jni:/lib/x86_64-linux-gnu:/usr/lib/x86_64-linux-gnu:/usr/lib/jni:/lib:/usr/lib]
04-Feb-2026 11:27:16.160 INFO [main] org.apache.coyote.AbstractProtocol.init Initializing ProtocolHandler ["http-nio-8080"]
04-Feb-2026 11:27:16.168 INFO [main] org.apache.catalina.startup.Catalina.load Server initialization in [181] milliseconds
04-Feb-2026 11:27:16.186 INFO [main] org.apache.catalina.core.StandardService.startInternal Starting service [Catalina]
04-Feb-2026 11:27:16.187 INFO [main] org.apache.catalina.core.StandardEngine.startInternal Starting Servlet engine: [Apache Tomcat/11.0.13]
04-Feb-2026 11:27:16.191 INFO [main] org.apache.catalina.startup.HostConfig.deployDirectory Deploying web application directory [/home/infoetu/baptiste.lavogiez.etu/BUT2/Semestre2/Webdev/tomcat/webapps/ctp-sample]
04-Feb-2026 11:27:16.489 INFO [main] org.apache.jasper.servlet.TldScanner.scanJars At least one JAR was scanned for TLDs yet contained no TLDs. Enable debug logging for this logger for a complete list of JARs that were scanned but no TLDs were found in them. Skipping unneeded JARs during scanning can improve startup time and JSP compilation time.
04-Feb-2026 11:27:16.504 INFO [main] org.apache.catalina.startup.HostConfig.deployDirectory Deployment of web application directory [/home/infoetu/baptiste.lavogiez.etu/BUT2/Semestre2/Webdev/tomcat/webapps/ctp-sample] has finished in [312] ms
04-Feb-2026 11:27:16.504 INFO [main] org.apache.catalina.startup.HostConfig.deployDirectory Deploying web application directory [/home/infoetu/baptiste.lavogiez.etu/BUT2/Semestre2/Webdev/tomcat/webapps/__MACOSX]
04-Feb-2026 11:27:16.634 INFO [main] org.apache.jasper.servlet.TldScanner.scanJars At least one JAR was scanned for TLDs yet contained no TLDs. Enable debug logging for this logger for a complete list of JARs that were scanned but no TLDs were found in them. Skipping unneeded JARs during scanning can improve startup time and JSP compilation time.
04-Feb-2026 11:27:16.635 INFO [main] org.apache.catalina.startup.HostConfig.deployDirectory Deployment of web application directory [/home/infoetu/baptiste.lavogiez.etu/BUT2/Semestre2/Webdev/tomcat/webapps/__MACOSX] has finished in [131] ms
04-Feb-2026 11:27:16.635 INFO [main] org.apache.catalina.startup.HostConfig.deployDirectory Deploying web application directory [/home/infoetu/baptiste.lavogiez.etu/BUT2/Semestre2/Webdev/tomcat/webapps/ROOT]
04-Feb-2026 11:27:16.774 INFO [main] org.apache.jasper.servlet.TldScanner.scanJars At least one JAR was scanned for TLDs yet contained no TLDs. Enable debug logging for this logger for a complete list of JARs that were scanned but no TLDs were found in them. Skipping unneeded JARs during scanning can improve startup time and JSP compilation time.
04-Feb-2026 11:27:16.775 INFO [main] org.apache.catalina.startup.HostConfig.deployDirectory Deployment of web application directory [/home/infoetu/baptiste.lavogiez.etu/BUT2/Semestre2/Webdev/tomcat/webapps/ROOT] has finished in [140] ms
04-Feb-2026 11:27:16.775 INFO [main] org.apache.catalina.startup.HostConfig.deployDirectory Deploying web application directory [/home/infoetu/baptiste.lavogiez.etu/BUT2/Semestre2/Webdev/tomcat/webapps/TP04]
04-Feb-2026 11:27:16.925 INFO [main] org.apache.jasper.servlet.TldScanner.scanJars At least one JAR was scanned for TLDs yet contained no TLDs. Enable debug logging for this logger for a complete list of JARs that were scanned but no TLDs were found in them. Skipping unneeded JARs during scanning can improve startup time and JSP compilation time.
04-Feb-2026 11:27:16.926 INFO [main] org.apache.catalina.startup.HostConfig.deployDirectory Deployment of web application directory [/home/infoetu/baptiste.lavogiez.etu/BUT2/Semestre2/Webdev/tomcat/webapps/TP04] has finished in [151] ms
04-Feb-2026 11:27:16.926 INFO [main] org.apache.catalina.startup.HostConfig.deployDirectory Deploying web application directory [/home/infoetu/baptiste.lavogiez.etu/BUT2/Semestre2/Webdev/tomcat/webapps/docs]
04-Feb-2026 11:27:17.051 INFO [main] org.apache.jasper.servlet.TldScanner.scanJars At least one JAR was scanned for TLDs yet contained no TLDs. Enable debug logging for this logger for a complete list of JARs that were scanned but no TLDs were found in them. Skipping unneeded JARs during scanning can improve startup time and JSP compilation time.
04-Feb-2026 11:27:17.051 INFO [main] org.apache.catalina.startup.HostConfig.deployDirectory Deployment of web application directory [/home/infoetu/baptiste.lavogiez.etu/BUT2/Semestre2/Webdev/tomcat/webapps/docs] has finished in [125] ms
04-Feb-2026 11:27:17.051 INFO [main] org.apache.catalina.startup.HostConfig.deployDirectory Deploying web application directory [/home/infoetu/baptiste.lavogiez.etu/BUT2/Semestre2/Webdev/tomcat/webapps/TP03-Partie2]
04-Feb-2026 11:27:17.183 INFO [main] org.apache.jasper.servlet.TldScanner.scanJars At least one JAR was scanned for TLDs yet contained no TLDs. Enable debug logging for this logger for a complete list of JARs that were scanned but no TLDs were found in them. Skipping unneeded JARs during scanning can improve startup time and JSP compilation time.
04-Feb-2026 11:27:17.184 INFO [main] org.apache.catalina.startup.HostConfig.deployDirectory Deployment of web application directory [/home/infoetu/baptiste.lavogiez.etu/BUT2/Semestre2/Webdev/tomcat/webapps/TP03-Partie2] has finished in [133] ms
04-Feb-2026 11:27:17.184 INFO [main] org.apache.catalina.startup.HostConfig.deployDirectory Deploying web application directory [/home/infoetu/baptiste.lavogiez.etu/BUT2/Semestre2/Webdev/tomcat/webapps/manager]
04-Feb-2026 11:27:17.305 INFO [main] org.apache.jasper.servlet.TldScanner.scanJars At least one JAR was scanned for TLDs yet contained no TLDs. Enable debug logging for this logger for a complete list of JARs that were scanned but no TLDs were found in them. Skipping unneeded JARs during scanning can improve startup time and JSP compilation time.
04-Feb-2026 11:27:17.308 INFO [main] org.apache.catalina.startup.HostConfig.deployDirectory Deployment of web application directory [/home/infoetu/baptiste.lavogiez.etu/BUT2/Semestre2/Webdev/tomcat/webapps/manager] has finished in [124] ms
04-Feb-2026 11:27:17.308 INFO [main] org.apache.catalina.startup.HostConfig.deployDirectory Deploying web application directory [/home/infoetu/baptiste.lavogiez.etu/BUT2/Semestre2/Webdev/tomcat/webapps/TP02]
04-Feb-2026 11:27:17.436 INFO [main] org.apache.jasper.servlet.TldScanner.scanJars At least one JAR was scanned for TLDs yet contained no TLDs. Enable debug logging for this logger for a complete list of JARs that were scanned but no TLDs were found in them. Skipping unneeded JARs during scanning can improve startup time and JSP compilation time.
04-Feb-2026 11:27:17.437 INFO [main] org.apache.catalina.startup.HostConfig.deployDirectory Deployment of web application directory [/home/infoetu/baptiste.lavogiez.etu/BUT2/Semestre2/Webdev/tomcat/webapps/TP02] has finished in [129] ms
04-Feb-2026 11:27:17.437 INFO [main] org.apache.catalina.startup.HostConfig.deployDirectory Deploying web application directory [/home/infoetu/baptiste.lavogiez.etu/BUT2/Semestre2/Webdev/tomcat/webapps/TP03]
04-Feb-2026 11:27:17.566 INFO [main] org.apache.jasper.servlet.TldScanner.scanJars At least one JAR was scanned for TLDs yet contained no TLDs. Enable debug logging for this logger for a complete list of JARs that were scanned but no TLDs were found in them. Skipping unneeded JARs during scanning can improve startup time and JSP compilation time.
04-Feb-2026 11:27:17.567 INFO [main] org.apache.catalina.startup.HostConfig.deployDirectory Deployment of web application directory [/home/infoetu/baptiste.lavogiez.etu/BUT2/Semestre2/Webdev/tomcat/webapps/TP03] has finished in [130] ms
04-Feb-2026 11:27:17.567 INFO [main] org.apache.catalina.startup.HostConfig.deployDirectory Deploying web application directory [/home/infoetu/baptiste.lavogiez.etu/BUT2/Semestre2/Webdev/tomcat/webapps/TP01]
04-Feb-2026 11:27:17.684 INFO [main] org.apache.jasper.servlet.TldScanner.scanJars At least one JAR was scanned for TLDs yet contained no TLDs. Enable debug logging for this logger for a complete list of JARs that were scanned but no TLDs were found in them. Skipping unneeded JARs during scanning can improve startup time and JSP compilation time.
04-Feb-2026 11:27:17.685 INFO [main] org.apache.catalina.startup.HostConfig.deployDirectory Deployment of web application directory [/home/infoetu/baptiste.lavogiez.etu/BUT2/Semestre2/Webdev/tomcat/webapps/TP01] has finished in [118] ms
04-Feb-2026 11:27:17.685 INFO [main] org.apache.catalina.startup.HostConfig.deployDirectory Deploying web application directory [/home/infoetu/baptiste.lavogiez.etu/BUT2/Semestre2/Webdev/tomcat/webapps/host-manager]
04-Feb-2026 11:27:17.802 INFO [main] org.apache.jasper.servlet.TldScanner.scanJars At least one JAR was scanned for TLDs yet contained no TLDs. Enable debug logging for this logger for a complete list of JARs that were scanned but no TLDs were found in them. Skipping unneeded JARs during scanning can improve startup time and JSP compilation time.
04-Feb-2026 11:27:17.803 INFO [main] org.apache.catalina.startup.HostConfig.deployDirectory Deployment of web application directory [/home/infoetu/baptiste.lavogiez.etu/BUT2/Semestre2/Webdev/tomcat/webapps/host-manager] has finished in [118] ms
04-Feb-2026 11:27:17.803 INFO [main] org.apache.catalina.startup.HostConfig.deployDirectory Deploying web application directory [/home/infoetu/baptiste.lavogiez.etu/BUT2/Semestre2/Webdev/tomcat/webapps/tp_chess]
04-Feb-2026 11:27:17.934 INFO [main] org.apache.jasper.servlet.TldScanner.scanJars At least one JAR was scanned for TLDs yet contained no TLDs. Enable debug logging for this logger for a complete list of JARs that were scanned but no TLDs were found in them. Skipping unneeded JARs during scanning can improve startup time and JSP compilation time.
04-Feb-2026 11:27:17.935 INFO [main] org.apache.catalina.startup.HostConfig.deployDirectory Deployment of web application directory [/home/infoetu/baptiste.lavogiez.etu/BUT2/Semestre2/Webdev/tomcat/webapps/tp_chess] has finished in [132] ms
04-Feb-2026 11:27:17.935 INFO [main] org.apache.catalina.startup.HostConfig.deployDirectory Deploying web application directory [/home/infoetu/baptiste.lavogiez.etu/BUT2/Semestre2/Webdev/tomcat/webapps/examples]
04-Feb-2026 11:27:18.232 INFO [main] org.apache.jasper.servlet.TldScanner.scanJars At least one JAR was scanned for TLDs yet contained no TLDs. Enable debug logging for this logger for a complete list of JARs that were scanned but no TLDs were found in them. Skipping unneeded JARs during scanning can improve startup time and JSP compilation time.
04-Feb-2026 11:27:18.249 INFO [main] org.apache.catalina.startup.HostConfig.deployDirectory Deployment of web application directory [/home/infoetu/baptiste.lavogiez.etu/BUT2/Semestre2/Webdev/tomcat/webapps/examples] has finished in [314] ms
04-Feb-2026 11:27:18.251 INFO [main] org.apache.coyote.AbstractProtocol.start Starting ProtocolHandler ["http-nio-8080"]
04-Feb-2026 11:27:18.256 INFO [main] org.apache.catalina.startup.Catalina.start Server startup in [2088] milliseconds
04-Feb-2026 11:56:17.712 INFO [Thread-1] org.apache.coyote.AbstractProtocol.pause Pausing ProtocolHandler ["http-nio-8080"]
04-Feb-2026 11:56:17.715 INFO [Thread-1] org.apache.catalina.core.StandardService.stopInternal Stopping service [Catalina]
04-Feb-2026 11:56:17.764 INFO [Thread-1] org.apache.coyote.AbstractProtocol.stop Stopping ProtocolHandler ["http-nio-8080"]
04-Feb-2026 11:56:17.768 INFO [Thread-1] org.apache.coyote.AbstractProtocol.destroy Destroying ProtocolHandler ["http-nio-8080"]
