06-Feb-2026 16:31:16.508 INFO [main] org.apache.catalina.startup.VersionLoggerListener.log Server version name:   Apache Tomcat/11.0.13
06-Feb-2026 16:31:16.510 INFO [main] org.apache.catalina.startup.VersionLoggerListener.log Server built:          Oct 10 2025 13:57:31 UTC
06-Feb-2026 16:31:16.511 INFO [main] org.apache.catalina.startup.VersionLoggerListener.log Server version number: 11.0.13.0
06-Feb-2026 16:31:16.511 INFO [main] org.apache.catalina.startup.VersionLoggerListener.log OS Name:               Linux
06-Feb-2026 16:31:16.511 INFO [main] org.apache.catalina.startup.VersionLoggerListener.log OS Version:            6.12.63+deb13-amd64
06-Feb-2026 16:31:16.511 INFO [main] org.apache.catalina.startup.VersionLoggerListener.log Architecture:          amd64
06-Feb-2026 16:31:16.511 INFO [main] org.apache.catalina.startup.VersionLoggerListener.log Java Home:             /usr/lib/jvm/java-21-openjdk-amd64
06-Feb-2026 16:31:16.511 INFO [main] org.apache.catalina.startup.VersionLoggerListener.log JVM Version:           21.0.10+7-Debian-1deb13u1
06-Feb-2026 16:31:16.511 INFO [main] org.apache.catalina.startup.VersionLoggerListener.log JVM Vendor:            Debian
06-Feb-2026 16:31:16.511 INFO [main] org.apache.catalina.startup.VersionLoggerListener.log CATALINA_BASE:         /home/blavogiez/Documents/BUT2/Semestre2/Webdev/tomcat
06-Feb-2026 16:31:16.511 INFO [main] org.apache.catalina.startup.VersionLoggerListener.log CATALINA_HOME:         /home/blavogiez/Documents/BUT2/Semestre2/Webdev/tomcat
06-Feb-2026 16:31:16.517 INFO [main] org.apache.catalina.startup.VersionLoggerListener.log Command line argument: -Djava.util.logging.config.file=/home/blavogiez/Documents/BUT2/Semestre2/Webdev/tomcat/conf/logging.properties
06-Feb-2026 16:31:16.517 INFO [main] org.apache.catalina.startup.VersionLoggerListener.log Command line argument: -Djava.util.logging.manager=org.apache.juli.ClassLoaderLogManager
06-Feb-2026 16:31:16.517 INFO [main] org.apache.catalina.startup.VersionLoggerListener.log Command line argument: -Djdk.tls.ephemeralDHKeySize=2048
06-Feb-2026 16:31:16.518 INFO [main] org.apache.catalina.startup.VersionLoggerListener.log Command line argument: -Dorg.apache.catalina.security.SecurityListener.UMASK=0027
06-Feb-2026 16:31:16.518 INFO [main] org.apache.catalina.startup.VersionLoggerListener.log Command line argument: --add-opens=java.base/java.lang=ALL-UNNAMED
06-Feb-2026 16:31:16.518 INFO [main] org.apache.catalina.startup.VersionLoggerListener.log Command line argument: --add-opens=java.base/java.lang.reflect=ALL-UNNAMED
06-Feb-2026 16:31:16.518 INFO [main] org.apache.catalina.startup.VersionLoggerListener.log Command line argument: --add-opens=java.base/java.io=ALL-UNNAMED
06-Feb-2026 16:31:16.518 INFO [main] org.apache.catalina.startup.VersionLoggerListener.log Command line argument: --add-opens=java.base/java.util=ALL-UNNAMED
06-Feb-2026 16:31:16.518 INFO [main] org.apache.catalina.startup.VersionLoggerListener.log Command line argument: --add-opens=java.base/java.util.concurrent=ALL-UNNAMED
06-Feb-2026 16:31:16.518 INFO [main] org.apache.catalina.startup.VersionLoggerListener.log Command line argument: --add-opens=java.rmi/sun.rmi.transport=ALL-UNNAMED
06-Feb-2026 16:31:16.518 INFO [main] org.apache.catalina.startup.VersionLoggerListener.log Command line argument: --enable-native-access=ALL-UNNAMED
06-Feb-2026 16:31:16.518 INFO [main] org.apache.catalina.startup.VersionLoggerListener.log Command line argument: -Dcatalina.base=/home/blavogiez/Documents/BUT2/Semestre2/Webdev/tomcat
06-Feb-2026 16:31:16.518 INFO [main] org.apache.catalina.startup.VersionLoggerListener.log Command line argument: -Dcatalina.home=/home/blavogiez/Documents/BUT2/Semestre2/Webdev/tomcat
06-Feb-2026 16:31:16.518 INFO [main] org.apache.catalina.startup.VersionLoggerListener.log Command line argument: -Djava.io.tmpdir=/home/blavogiez/Documents/BUT2/Semestre2/Webdev/tomcat/temp
06-Feb-2026 16:31:16.520 INFO [main] org.apache.catalina.core.AprLifecycleListener.lifecycleEvent The Apache Tomcat Native library which allows using OpenSSL was not found on the java.library.path: [/usr/java/packages/lib:/usr/lib/x86_64-linux-gnu/jni:/lib/x86_64-linux-gnu:/usr/lib/x86_64-linux-gnu:/usr/lib/jni:/lib:/usr/lib]
06-Feb-2026 16:31:16.660 INFO [main] org.apache.coyote.AbstractProtocol.init Initializing ProtocolHandler ["http-nio-8080"]
06-Feb-2026 16:31:16.672 INFO [main] org.apache.catalina.startup.Catalina.load Server initialization in [247] milliseconds
06-Feb-2026 16:31:16.697 INFO [main] org.apache.catalina.core.StandardService.startInternal Starting service [Catalina]
06-Feb-2026 16:31:16.697 INFO [main] org.apache.catalina.core.StandardEngine.startInternal Starting Servlet engine: [Apache Tomcat/11.0.13]
06-Feb-2026 16:31:16.702 INFO [main] org.apache.catalina.startup.HostConfig.deployDirectory Deploying web application directory [/home/blavogiez/Documents/BUT2/Semestre2/Webdev/tomcat/webapps/TP02]
06-Feb-2026 16:31:17.050 INFO [main] org.apache.jasper.servlet.TldScanner.scanJars At least one JAR was scanned for TLDs yet contained no TLDs. Enable debug logging for this logger for a complete list of JARs that were scanned but no TLDs were found in them. Skipping unneeded JARs during scanning can improve startup time and JSP compilation time.
06-Feb-2026 16:31:17.068 INFO [main] org.apache.catalina.startup.HostConfig.deployDirectory Deployment of web application directory [/home/blavogiez/Documents/BUT2/Semestre2/Webdev/tomcat/webapps/TP02] has finished in [366] ms
06-Feb-2026 16:31:17.068 INFO [main] org.apache.catalina.startup.HostConfig.deployDirectory Deploying web application directory [/home/blavogiez/Documents/BUT2/Semestre2/Webdev/tomcat/webapps/examples]
06-Feb-2026 16:31:17.277 INFO [main] org.apache.jasper.servlet.TldScanner.scanJars At least one JAR was scanned for TLDs yet contained no TLDs. Enable debug logging for this logger for a complete list of JARs that were scanned but no TLDs were found in them. Skipping unneeded JARs during scanning can improve startup time and JSP compilation time.
06-Feb-2026 16:31:17.285 INFO [main] org.apache.catalina.startup.HostConfig.deployDirectory Deployment of web application directory [/home/blavogiez/Documents/BUT2/Semestre2/Webdev/tomcat/webapps/examples] has finished in [217] ms
06-Feb-2026 16:31:17.285 INFO [main] org.apache.catalina.startup.HostConfig.deployDirectory Deploying web application directory [/home/blavogiez/Documents/BUT2/Semestre2/Webdev/tomcat/webapps/docs]
06-Feb-2026 16:31:17.416 INFO [main] org.apache.jasper.servlet.TldScanner.scanJars At least one JAR was scanned for TLDs yet contained no TLDs. Enable debug logging for this logger for a complete list of JARs that were scanned but no TLDs were found in them. Skipping unneeded JARs during scanning can improve startup time and JSP compilation time.
06-Feb-2026 16:31:17.417 INFO [main] org.apache.catalina.startup.HostConfig.deployDirectory Deployment of web application directory [/home/blavogiez/Documents/BUT2/Semestre2/Webdev/tomcat/webapps/docs] has finished in [132] ms
06-Feb-2026 16:31:17.417 INFO [main] org.apache.catalina.startup.HostConfig.deployDirectory Deploying web application directory [/home/blavogiez/Documents/BUT2/Semestre2/Webdev/tomcat/webapps/TP03-Partie2]
06-Feb-2026 16:31:17.546 INFO [main] org.apache.jasper.servlet.TldScanner.scanJars At least one JAR was scanned for TLDs yet contained no TLDs. Enable debug logging for this logger for a complete list of JARs that were scanned but no TLDs were found in them. Skipping unneeded JARs during scanning can improve startup time and JSP compilation time.
06-Feb-2026 16:31:17.547 INFO [main] org.apache.catalina.startup.HostConfig.deployDirectory Deployment of web application directory [/home/blavogiez/Documents/BUT2/Semestre2/Webdev/tomcat/webapps/TP03-Partie2] has finished in [130] ms
06-Feb-2026 16:31:17.547 INFO [main] org.apache.catalina.startup.HostConfig.deployDirectory Deploying web application directory [/home/blavogiez/Documents/BUT2/Semestre2/Webdev/tomcat/webapps/host-manager]
06-Feb-2026 16:31:17.676 INFO [main] org.apache.jasper.servlet.TldScanner.scanJars At least one JAR was scanned for TLDs yet contained no TLDs. Enable debug logging for this logger for a complete list of JARs that were scanned but no TLDs were found in them. Skipping unneeded JARs during scanning can improve startup time and JSP compilation time.
06-Feb-2026 16:31:17.678 INFO [main] org.apache.catalina.startup.HostConfig.deployDirectory Deployment of web application directory [/home/blavogiez/Documents/BUT2/Semestre2/Webdev/tomcat/webapps/host-manager] has finished in [130] ms
06-Feb-2026 16:31:17.678 INFO [main] org.apache.catalina.startup.HostConfig.deployDirectory Deploying web application directory [/home/blavogiez/Documents/BUT2/Semestre2/Webdev/tomcat/webapps/manager]
06-Feb-2026 16:31:17.793 INFO [main] org.apache.jasper.servlet.TldScanner.scanJars At least one JAR was scanned for TLDs yet contained no TLDs. Enable debug logging for this logger for a complete list of JARs that were scanned but no TLDs were found in them. Skipping unneeded JARs during scanning can improve startup time and JSP compilation time.
06-Feb-2026 16:31:17.794 INFO [main] org.apache.catalina.startup.HostConfig.deployDirectory Deployment of web application directory [/home/blavogiez/Documents/BUT2/Semestre2/Webdev/tomcat/webapps/manager] has finished in [116] ms
06-Feb-2026 16:31:17.794 INFO [main] org.apache.catalina.startup.HostConfig.deployDirectory Deploying web application directory [/home/blavogiez/Documents/BUT2/Semestre2/Webdev/tomcat/webapps/ctp-sample]
06-Feb-2026 16:31:17.904 INFO [main] org.apache.jasper.servlet.TldScanner.scanJars At least one JAR was scanned for TLDs yet contained no TLDs. Enable debug logging for this logger for a complete list of JARs that were scanned but no TLDs were found in them. Skipping unneeded JARs during scanning can improve startup time and JSP compilation time.
06-Feb-2026 16:31:17.905 INFO [main] org.apache.catalina.startup.HostConfig.deployDirectory Deployment of web application directory [/home/blavogiez/Documents/BUT2/Semestre2/Webdev/tomcat/webapps/ctp-sample] has finished in [111] ms
06-Feb-2026 16:31:17.905 INFO [main] org.apache.catalina.startup.HostConfig.deployDirectory Deploying web application directory [/home/blavogiez/Documents/BUT2/Semestre2/Webdev/tomcat/webapps/__MACOSX]
06-Feb-2026 16:31:18.015 INFO [main] org.apache.jasper.servlet.TldScanner.scanJars At least one JAR was scanned for TLDs yet contained no TLDs. Enable debug logging for this logger for a complete list of JARs that were scanned but no TLDs were found in them. Skipping unneeded JARs during scanning can improve startup time and JSP compilation time.
06-Feb-2026 16:31:18.016 INFO [main] org.apache.catalina.startup.HostConfig.deployDirectory Deployment of web application directory [/home/blavogiez/Documents/BUT2/Semestre2/Webdev/tomcat/webapps/__MACOSX] has finished in [111] ms
06-Feb-2026 16:31:18.016 INFO [main] org.apache.catalina.startup.HostConfig.deployDirectory Deploying web application directory [/home/blavogiez/Documents/BUT2/Semestre2/Webdev/tomcat/webapps/TP04]
06-Feb-2026 16:31:18.132 INFO [main] org.apache.jasper.servlet.TldScanner.scanJars At least one JAR was scanned for TLDs yet contained no TLDs. Enable debug logging for this logger for a complete list of JARs that were scanned but no TLDs were found in them. Skipping unneeded JARs during scanning can improve startup time and JSP compilation time.
06-Feb-2026 16:31:18.133 INFO [main] org.apache.catalina.startup.HostConfig.deployDirectory Deployment of web application directory [/home/blavogiez/Documents/BUT2/Semestre2/Webdev/tomcat/webapps/TP04] has finished in [117] ms
06-Feb-2026 16:31:18.133 INFO [main] org.apache.catalina.startup.HostConfig.deployDirectory Deploying web application directory [/home/blavogiez/Documents/BUT2/Semestre2/Webdev/tomcat/webapps/tp_chess]
06-Feb-2026 16:31:18.252 INFO [main] org.apache.jasper.servlet.TldScanner.scanJars At least one JAR was scanned for TLDs yet contained no TLDs. Enable debug logging for this logger for a complete list of JARs that were scanned but no TLDs were found in them. Skipping unneeded JARs during scanning can improve startup time and JSP compilation time.
06-Feb-2026 16:31:18.253 INFO [main] org.apache.catalina.startup.HostConfig.deployDirectory Deployment of web application directory [/home/blavogiez/Documents/BUT2/Semestre2/Webdev/tomcat/webapps/tp_chess] has finished in [120] ms
06-Feb-2026 16:31:18.253 INFO [main] org.apache.catalina.startup.HostConfig.deployDirectory Deploying web application directory [/home/blavogiez/Documents/BUT2/Semestre2/Webdev/tomcat/webapps/ROOT]
06-Feb-2026 16:31:18.363 INFO [main] org.apache.jasper.servlet.TldScanner.scanJars At least one JAR was scanned for TLDs yet contained no TLDs. Enable debug logging for this logger for a complete list of JARs that were scanned but no TLDs were found in them. Skipping unneeded JARs during scanning can improve startup time and JSP compilation time.
06-Feb-2026 16:31:18.365 INFO [main] org.apache.catalina.startup.HostConfig.deployDirectory Deployment of web application directory [/home/blavogiez/Documents/BUT2/Semestre2/Webdev/tomcat/webapps/ROOT] has finished in [111] ms
06-Feb-2026 16:31:18.365 INFO [main] org.apache.catalina.startup.HostConfig.deployDirectory Deploying web application directory [/home/blavogiez/Documents/BUT2/Semestre2/Webdev/tomcat/webapps/TP01]
06-Feb-2026 16:31:18.472 INFO [main] org.apache.jasper.servlet.TldScanner.scanJars At least one JAR was scanned for TLDs yet contained no TLDs. Enable debug logging for this logger for a complete list of JARs that were scanned but no TLDs were found in them. Skipping unneeded JARs during scanning can improve startup time and JSP compilation time.
06-Feb-2026 16:31:18.473 INFO [main] org.apache.catalina.startup.HostConfig.deployDirectory Deployment of web application directory [/home/blavogiez/Documents/BUT2/Semestre2/Webdev/tomcat/webapps/TP01] has finished in [107] ms
06-Feb-2026 16:31:18.473 INFO [main] org.apache.catalina.startup.HostConfig.deployDirectory Deploying web application directory [/home/blavogiez/Documents/BUT2/Semestre2/Webdev/tomcat/webapps/TP03]
06-Feb-2026 16:31:18.579 INFO [main] org.apache.jasper.servlet.TldScanner.scanJars At least one JAR was scanned for TLDs yet contained no TLDs. Enable debug logging for this logger for a complete list of JARs that were scanned but no TLDs were found in them. Skipping unneeded JARs during scanning can improve startup time and JSP compilation time.
06-Feb-2026 16:31:18.580 INFO [main] org.apache.catalina.startup.HostConfig.deployDirectory Deployment of web application directory [/home/blavogiez/Documents/BUT2/Semestre2/Webdev/tomcat/webapps/TP03] has finished in [107] ms
06-Feb-2026 16:31:18.581 INFO [main] org.apache.coyote.AbstractProtocol.start Starting ProtocolHandler ["http-nio-8080"]
06-Feb-2026 16:31:18.587 INFO [main] org.apache.catalina.startup.Catalina.start Server startup in [1913] milliseconds
06-Feb-2026 16:38:58.137 INFO [Thread-1] org.apache.coyote.AbstractProtocol.pause Pausing ProtocolHandler ["http-nio-8080"]
06-Feb-2026 16:38:58.139 INFO [Thread-1] org.apache.catalina.core.StandardService.stopInternal Stopping service [Catalina]
06-Feb-2026 16:38:58.157 INFO [Thread-1] org.apache.coyote.AbstractProtocol.stop Stopping ProtocolHandler ["http-nio-8080"]
06-Feb-2026 16:38:58.161 INFO [Thread-1] org.apache.coyote.AbstractProtocol.destroy Destroying ProtocolHandler ["http-nio-8080"]
06-Feb-2026 16:38:59.388 INFO [main] org.apache.catalina.startup.VersionLoggerListener.log Server version name:   Apache Tomcat/11.0.13
06-Feb-2026 16:38:59.390 INFO [main] org.apache.catalina.startup.VersionLoggerListener.log Server built:          Oct 10 2025 13:57:31 UTC
06-Feb-2026 16:38:59.390 INFO [main] org.apache.catalina.startup.VersionLoggerListener.log Server version number: 11.0.13.0
06-Feb-2026 16:38:59.391 INFO [main] org.apache.catalina.startup.VersionLoggerListener.log OS Name:               Linux
06-Feb-2026 16:38:59.391 INFO [main] org.apache.catalina.startup.VersionLoggerListener.log OS Version:            6.12.63+deb13-amd64
06-Feb-2026 16:38:59.391 INFO [main] org.apache.catalina.startup.VersionLoggerListener.log Architecture:          amd64
06-Feb-2026 16:38:59.391 INFO [main] org.apache.catalina.startup.VersionLoggerListener.log Java Home:             /usr/lib/jvm/java-21-openjdk-amd64
06-Feb-2026 16:38:59.391 INFO [main] org.apache.catalina.startup.VersionLoggerListener.log JVM Version:           21.0.10+7-Debian-1deb13u1
06-Feb-2026 16:38:59.391 INFO [main] org.apache.catalina.startup.VersionLoggerListener.log JVM Vendor:            Debian
06-Feb-2026 16:38:59.391 INFO [main] org.apache.catalina.startup.VersionLoggerListener.log CATALINA_BASE:         /home/blavogiez/Documents/BUT2/Semestre2/Webdev/tomcat
06-Feb-2026 16:38:59.391 INFO [main] org.apache.catalina.startup.VersionLoggerListener.log CATALINA_HOME:         /home/blavogiez/Documents/BUT2/Semestre2/Webdev/tomcat
06-Feb-2026 16:38:59.395 INFO [main] org.apache.catalina.startup.VersionLoggerListener.log Command line argument: -Djava.util.logging.config.file=/home/blavogiez/Documents/BUT2/Semestre2/Webdev/tomcat/conf/logging.properties
06-Feb-2026 16:38:59.396 INFO [main] org.apache.catalina.startup.VersionLoggerListener.log Command line argument: -Djava.util.logging.manager=org.apache.juli.ClassLoaderLogManager
06-Feb-2026 16:38:59.396 INFO [main] org.apache.catalina.startup.VersionLoggerListener.log Command line argument: -Djdk.tls.ephemeralDHKeySize=2048
06-Feb-2026 16:38:59.396 INFO [main] org.apache.catalina.startup.VersionLoggerListener.log Command line argument: -Dorg.apache.catalina.security.SecurityListener.UMASK=0027
06-Feb-2026 16:38:59.396 INFO [main] org.apache.catalina.startup.VersionLoggerListener.log Command line argument: --add-opens=java.base/java.lang=ALL-UNNAMED
06-Feb-2026 16:38:59.396 INFO [main] org.apache.catalina.startup.VersionLoggerListener.log Command line argument: --add-opens=java.base/java.lang.reflect=ALL-UNNAMED
06-Feb-2026 16:38:59.396 INFO [main] org.apache.catalina.startup.VersionLoggerListener.log Command line argument: --add-opens=java.base/java.io=ALL-UNNAMED
06-Feb-2026 16:38:59.396 INFO [main] org.apache.catalina.startup.VersionLoggerListener.log Command line argument: --add-opens=java.base/java.util=ALL-UNNAMED
06-Feb-2026 16:38:59.396 INFO [main] org.apache.catalina.startup.VersionLoggerListener.log Command line argument: --add-opens=java.base/java.util.concurrent=ALL-UNNAMED
06-Feb-2026 16:38:59.396 INFO [main] org.apache.catalina.startup.VersionLoggerListener.log Command line argument: --add-opens=java.rmi/sun.rmi.transport=ALL-UNNAMED
06-Feb-2026 16:38:59.396 INFO [main] org.apache.catalina.startup.VersionLoggerListener.log Command line argument: --enable-native-access=ALL-UNNAMED
06-Feb-2026 16:38:59.396 INFO [main] org.apache.catalina.startup.VersionLoggerListener.log Command line argument: -Dcatalina.base=/home/blavogiez/Documents/BUT2/Semestre2/Webdev/tomcat
06-Feb-2026 16:38:59.396 INFO [main] org.apache.catalina.startup.VersionLoggerListener.log Command line argument: -Dcatalina.home=/home/blavogiez/Documents/BUT2/Semestre2/Webdev/tomcat
06-Feb-2026 16:38:59.396 INFO [main] org.apache.catalina.startup.VersionLoggerListener.log Command line argument: -Djava.io.tmpdir=/home/blavogiez/Documents/BUT2/Semestre2/Webdev/tomcat/temp
06-Feb-2026 16:38:59.397 INFO [main] org.apache.catalina.core.AprLifecycleListener.lifecycleEvent The Apache Tomcat Native library which allows using OpenSSL was not found on the java.library.path: [/usr/java/packages/lib:/usr/lib/x86_64-linux-gnu/jni:/lib/x86_64-linux-gnu:/usr/lib/x86_64-linux-gnu:/usr/lib/jni:/lib:/usr/lib]
06-Feb-2026 16:38:59.519 INFO [main] org.apache.coyote.AbstractProtocol.init Initializing ProtocolHandler ["http-nio-8080"]
06-Feb-2026 16:38:59.529 INFO [main] org.apache.catalina.startup.Catalina.load Server initialization in [214] milliseconds
06-Feb-2026 16:38:59.548 INFO [main] org.apache.catalina.core.StandardService.startInternal Starting service [Catalina]
06-Feb-2026 16:38:59.549 INFO [main] org.apache.catalina.core.StandardEngine.startInternal Starting Servlet engine: [Apache Tomcat/11.0.13]
06-Feb-2026 16:38:59.552 INFO [main] org.apache.catalina.startup.HostConfig.deployDirectory Deploying web application directory [/home/blavogiez/Documents/BUT2/Semestre2/Webdev/tomcat/webapps/TP02]
06-Feb-2026 16:38:59.834 INFO [main] org.apache.jasper.servlet.TldScanner.scanJars At least one JAR was scanned for TLDs yet contained no TLDs. Enable debug logging for this logger for a complete list of JARs that were scanned but no TLDs were found in them. Skipping unneeded JARs during scanning can improve startup time and JSP compilation time.
06-Feb-2026 16:38:59.846 INFO [main] org.apache.catalina.startup.HostConfig.deployDirectory Deployment of web application directory [/home/blavogiez/Documents/BUT2/Semestre2/Webdev/tomcat/webapps/TP02] has finished in [294] ms
06-Feb-2026 16:38:59.847 INFO [main] org.apache.catalina.startup.HostConfig.deployDirectory Deploying web application directory [/home/blavogiez/Documents/BUT2/Semestre2/Webdev/tomcat/webapps/examples]
06-Feb-2026 16:39:00.033 INFO [main] org.apache.jasper.servlet.TldScanner.scanJars At least one JAR was scanned for TLDs yet contained no TLDs. Enable debug logging for this logger for a complete list of JARs that were scanned but no TLDs were found in them. Skipping unneeded JARs during scanning can improve startup time and JSP compilation time.
06-Feb-2026 16:39:00.042 INFO [main] org.apache.catalina.startup.HostConfig.deployDirectory Deployment of web application directory [/home/blavogiez/Documents/BUT2/Semestre2/Webdev/tomcat/webapps/examples] has finished in [195] ms
06-Feb-2026 16:39:00.042 INFO [main] org.apache.catalina.startup.HostConfig.deployDirectory Deploying web application directory [/home/blavogiez/Documents/BUT2/Semestre2/Webdev/tomcat/webapps/docs]
06-Feb-2026 16:39:00.166 INFO [main] org.apache.jasper.servlet.TldScanner.scanJars At least one JAR was scanned for TLDs yet contained no TLDs. Enable debug logging for this logger for a complete list of JARs that were scanned but no TLDs were found in them. Skipping unneeded JARs during scanning can improve startup time and JSP compilation time.
06-Feb-2026 16:39:00.167 INFO [main] org.apache.catalina.startup.HostConfig.deployDirectory Deployment of web application directory [/home/blavogiez/Documents/BUT2/Semestre2/Webdev/tomcat/webapps/docs] has finished in [125] ms
06-Feb-2026 16:39:00.167 INFO [main] org.apache.catalina.startup.HostConfig.deployDirectory Deploying web application directory [/home/blavogiez/Documents/BUT2/Semestre2/Webdev/tomcat/webapps/TP03-Partie2]
06-Feb-2026 16:39:00.290 INFO [main] org.apache.jasper.servlet.TldScanner.scanJars At least one JAR was scanned for TLDs yet contained no TLDs. Enable debug logging for this logger for a complete list of JARs that were scanned but no TLDs were found in them. Skipping unneeded JARs during scanning can improve startup time and JSP compilation time.
06-Feb-2026 16:39:00.291 INFO [main] org.apache.catalina.startup.HostConfig.deployDirectory Deployment of web application directory [/home/blavogiez/Documents/BUT2/Semestre2/Webdev/tomcat/webapps/TP03-Partie2] has finished in [124] ms
06-Feb-2026 16:39:00.291 INFO [main] org.apache.catalina.startup.HostConfig.deployDirectory Deploying web application directory [/home/blavogiez/Documents/BUT2/Semestre2/Webdev/tomcat/webapps/host-manager]
06-Feb-2026 16:39:00.412 INFO [main] org.apache.jasper.servlet.TldScanner.scanJars At least one JAR was scanned for TLDs yet contained no TLDs. Enable debug logging for this logger for a complete list of JARs that were scanned but no TLDs were found in them. Skipping unneeded JARs during scanning can improve startup time and JSP compilation time.
06-Feb-2026 16:39:00.414 INFO [main] org.apache.catalina.startup.HostConfig.deployDirectory Deployment of web application directory [/home/blavogiez/Documents/BUT2/Semestre2/Webdev/tomcat/webapps/host-manager] has finished in [123] ms
06-Feb-2026 16:39:00.414 INFO [main] org.apache.catalina.startup.HostConfig.deployDirectory Deploying web application directory [/home/blavogiez/Documents/BUT2/Semestre2/Webdev/tomcat/webapps/manager]
06-Feb-2026 16:39:00.522 INFO [main] org.apache.jasper.servlet.TldScanner.scanJars At least one JAR was scanned for TLDs yet contained no TLDs. Enable debug logging for this logger for a complete list of JARs that were scanned but no TLDs were found in them. Skipping unneeded JARs during scanning can improve startup time and JSP compilation time.
06-Feb-2026 16:39:00.523 INFO [main] org.apache.catalina.startup.HostConfig.deployDirectory Deployment of web application directory [/home/blavogiez/Documents/BUT2/Semestre2/Webdev/tomcat/webapps/manager] has finished in [109] ms
06-Feb-2026 16:39:00.523 INFO [main] org.apache.catalina.startup.HostConfig.deployDirectory Deploying web application directory [/home/blavogiez/Documents/BUT2/Semestre2/Webdev/tomcat/webapps/ctp-sample]
06-Feb-2026 16:39:00.630 INFO [main] org.apache.jasper.servlet.TldScanner.scanJars At least one JAR was scanned for TLDs yet contained no TLDs. Enable debug logging for this logger for a complete list of JARs that were scanned but no TLDs were found in them. Skipping unneeded JARs during scanning can improve startup time and JSP compilation time.
06-Feb-2026 16:39:00.631 INFO [main] org.apache.catalina.startup.HostConfig.deployDirectory Deployment of web application directory [/home/blavogiez/Documents/BUT2/Semestre2/Webdev/tomcat/webapps/ctp-sample] has finished in [107] ms
06-Feb-2026 16:39:00.631 INFO [main] org.apache.catalina.startup.HostConfig.deployDirectory Deploying web application directory [/home/blavogiez/Documents/BUT2/Semestre2/Webdev/tomcat/webapps/__MACOSX]
06-Feb-2026 16:39:00.734 INFO [main] org.apache.jasper.servlet.TldScanner.scanJars At least one JAR was scanned for TLDs yet contained no TLDs. Enable debug logging for this logger for a complete list of JARs that were scanned but no TLDs were found in them. Skipping unneeded JARs during scanning can improve startup time and JSP compilation time.
06-Feb-2026 16:39:00.734 INFO [main] org.apache.catalina.startup.HostConfig.deployDirectory Deployment of web application directory [/home/blavogiez/Documents/BUT2/Semestre2/Webdev/tomcat/webapps/__MACOSX] has finished in [103] ms
06-Feb-2026 16:39:00.734 INFO [main] org.apache.catalina.startup.HostConfig.deployDirectory Deploying web application directory [/home/blavogiez/Documents/BUT2/Semestre2/Webdev/tomcat/webapps/TP04]
06-Feb-2026 16:39:00.846 INFO [main] org.apache.jasper.servlet.TldScanner.scanJars At least one JAR was scanned for TLDs yet contained no TLDs. Enable debug logging for this logger for a complete list of JARs that were scanned but no TLDs were found in them. Skipping unneeded JARs during scanning can improve startup time and JSP compilation time.
06-Feb-2026 16:39:00.847 INFO [main] org.apache.catalina.startup.HostConfig.deployDirectory Deployment of web application directory [/home/blavogiez/Documents/BUT2/Semestre2/Webdev/tomcat/webapps/TP04] has finished in [113] ms
06-Feb-2026 16:39:00.847 INFO [main] org.apache.catalina.startup.HostConfig.deployDirectory Deploying web application directory [/home/blavogiez/Documents/BUT2/Semestre2/Webdev/tomcat/webapps/tp_chess]
06-Feb-2026 16:39:00.966 INFO [main] org.apache.jasper.servlet.TldScanner.scanJars At least one JAR was scanned for TLDs yet contained no TLDs. Enable debug logging for this logger for a complete list of JARs that were scanned but no TLDs were found in them. Skipping unneeded JARs during scanning can improve startup time and JSP compilation time.
06-Feb-2026 16:39:00.967 INFO [main] org.apache.catalina.startup.HostConfig.deployDirectory Deployment of web application directory [/home/blavogiez/Documents/BUT2/Semestre2/Webdev/tomcat/webapps/tp_chess] has finished in [120] ms
06-Feb-2026 16:39:00.967 INFO [main] org.apache.catalina.startup.HostConfig.deployDirectory Deploying web application directory [/home/blavogiez/Documents/BUT2/Semestre2/Webdev/tomcat/webapps/ROOT]
06-Feb-2026 16:39:01.075 INFO [main] org.apache.jasper.servlet.TldScanner.scanJars At least one JAR was scanned for TLDs yet contained no TLDs. Enable debug logging for this logger for a complete list of JARs that were scanned but no TLDs were found in them. Skipping unneeded JARs during scanning can improve startup time and JSP compilation time.
06-Feb-2026 16:39:01.076 INFO [main] org.apache.catalina.startup.HostConfig.deployDirectory Deployment of web application directory [/home/blavogiez/Documents/BUT2/Semestre2/Webdev/tomcat/webapps/ROOT] has finished in [109] ms
06-Feb-2026 16:39:01.076 INFO [main] org.apache.catalina.startup.HostConfig.deployDirectory Deploying web application directory [/home/blavogiez/Documents/BUT2/Semestre2/Webdev/tomcat/webapps/TP01]
06-Feb-2026 16:39:01.179 INFO [main] org.apache.jasper.servlet.TldScanner.scanJars At least one JAR was scanned for TLDs yet contained no TLDs. Enable debug logging for this logger for a complete list of JARs that were scanned but no TLDs were found in them. Skipping unneeded JARs during scanning can improve startup time and JSP compilation time.
06-Feb-2026 16:39:01.180 INFO [main] org.apache.catalina.startup.HostConfig.deployDirectory Deployment of web application directory [/home/blavogiez/Documents/BUT2/Semestre2/Webdev/tomcat/webapps/TP01] has finished in [104] ms
06-Feb-2026 16:39:01.180 INFO [main] org.apache.catalina.startup.HostConfig.deployDirectory Deploying web application directory [/home/blavogiez/Documents/BUT2/Semestre2/Webdev/tomcat/webapps/TP03]
06-Feb-2026 16:39:01.284 INFO [main] org.apache.jasper.servlet.TldScanner.scanJars At least one JAR was scanned for TLDs yet contained no TLDs. Enable debug logging for this logger for a complete list of JARs that were scanned but no TLDs were found in them. Skipping unneeded JARs during scanning can improve startup time and JSP compilation time.
06-Feb-2026 16:39:01.285 INFO [main] org.apache.catalina.startup.HostConfig.deployDirectory Deployment of web application directory [/home/blavogiez/Documents/BUT2/Semestre2/Webdev/tomcat/webapps/TP03] has finished in [105] ms
06-Feb-2026 16:39:01.287 INFO [main] org.apache.coyote.AbstractProtocol.start Starting ProtocolHandler ["http-nio-8080"]
06-Feb-2026 16:39:01.291 INFO [main] org.apache.catalina.startup.Catalina.start Server startup in [1761] milliseconds
06-Feb-2026 16:45:31.338 INFO [Catalina-utility-1] org.apache.catalina.startup.HostConfig.deployDirectory Deploying web application directory [/home/blavogiez/Documents/BUT2/Semestre2/Webdev/tomcat/webapps/template]
06-Feb-2026 16:45:31.456 INFO [Catalina-utility-1] org.apache.jasper.servlet.TldScanner.scanJars At least one JAR was scanned for TLDs yet contained no TLDs. Enable debug logging for this logger for a complete list of JARs that were scanned but no TLDs were found in them. Skipping unneeded JARs during scanning can improve startup time and JSP compilation time.
06-Feb-2026 16:45:31.457 INFO [Catalina-utility-1] org.apache.catalina.startup.HostConfig.deployDirectory Deployment of web application directory [/home/blavogiez/Documents/BUT2/Semestre2/Webdev/tomcat/webapps/template] has finished in [119] ms
06-Feb-2026 16:52:48.023 INFO [Thread-1] org.apache.coyote.AbstractProtocol.pause Pausing ProtocolHandler ["http-nio-8080"]
06-Feb-2026 16:52:48.024 INFO [Thread-1] org.apache.catalina.core.StandardService.stopInternal Stopping service [Catalina]
06-Feb-2026 16:52:48.032 WARNING [Thread-1] org.apache.catalina.loader.WebappClassLoaderBase.clearReferencesJdbc The web application [TP03-Partie2] registered the JDBC driver [org.h2.Driver] but failed to unregister it when the web application was stopped. To prevent a memory leak, the JDBC Driver has been forcibly unregistered.
06-Feb-2026 16:52:48.046 INFO [Thread-1] org.apache.coyote.AbstractProtocol.stop Stopping ProtocolHandler ["http-nio-8080"]
06-Feb-2026 16:52:48.058 INFO [Thread-1] org.apache.coyote.AbstractProtocol.destroy Destroying ProtocolHandler ["http-nio-8080"]
06-Feb-2026 16:52:48.879 INFO [main] org.apache.catalina.startup.VersionLoggerListener.log Server version name:   Apache Tomcat/11.0.13
06-Feb-2026 16:52:48.881 INFO [main] org.apache.catalina.startup.VersionLoggerListener.log Server built:          Oct 10 2025 13:57:31 UTC
06-Feb-2026 16:52:48.881 INFO [main] org.apache.catalina.startup.VersionLoggerListener.log Server version number: 11.0.13.0
06-Feb-2026 16:52:48.881 INFO [main] org.apache.catalina.startup.VersionLoggerListener.log OS Name:               Linux
06-Feb-2026 16:52:48.881 INFO [main] org.apache.catalina.startup.VersionLoggerListener.log OS Version:            6.12.63+deb13-amd64
06-Feb-2026 16:52:48.881 INFO [main] org.apache.catalina.startup.VersionLoggerListener.log Architecture:          amd64
06-Feb-2026 16:52:48.881 INFO [main] org.apache.catalina.startup.VersionLoggerListener.log Java Home:             /usr/lib/jvm/java-21-openjdk-amd64
06-Feb-2026 16:52:48.881 INFO [main] org.apache.catalina.startup.VersionLoggerListener.log JVM Version:           21.0.10+7-Debian-1deb13u1
06-Feb-2026 16:52:48.881 INFO [main] org.apache.catalina.startup.VersionLoggerListener.log JVM Vendor:            Debian
06-Feb-2026 16:52:48.881 INFO [main] org.apache.catalina.startup.VersionLoggerListener.log CATALINA_BASE:         /home/blavogiez/Documents/BUT2/Semestre2/Webdev/tomcat
06-Feb-2026 16:52:48.881 INFO [main] org.apache.catalina.startup.VersionLoggerListener.log CATALINA_HOME:         /home/blavogiez/Documents/BUT2/Semestre2/Webdev/tomcat
06-Feb-2026 16:52:48.886 INFO [main] org.apache.catalina.startup.VersionLoggerListener.log Command line argument: -Djava.util.logging.config.file=/home/blavogiez/Documents/BUT2/Semestre2/Webdev/tomcat/conf/logging.properties
06-Feb-2026 16:52:48.886 INFO [main] org.apache.catalina.startup.VersionLoggerListener.log Command line argument: -Djava.util.logging.manager=org.apache.juli.ClassLoaderLogManager
06-Feb-2026 16:52:48.886 INFO [main] org.apache.catalina.startup.VersionLoggerListener.log Command line argument: -Djdk.tls.ephemeralDHKeySize=2048
06-Feb-2026 16:52:48.886 INFO [main] org.apache.catalina.startup.VersionLoggerListener.log Command line argument: -Dorg.apache.catalina.security.SecurityListener.UMASK=0027
06-Feb-2026 16:52:48.886 INFO [main] org.apache.catalina.startup.VersionLoggerListener.log Command line argument: --add-opens=java.base/java.lang=ALL-UNNAMED
06-Feb-2026 16:52:48.886 INFO [main] org.apache.catalina.startup.VersionLoggerListener.log Command line argument: --add-opens=java.base/java.lang.reflect=ALL-UNNAMED
06-Feb-2026 16:52:48.886 INFO [main] org.apache.catalina.startup.VersionLoggerListener.log Command line argument: --add-opens=java.base/java.io=ALL-UNNAMED
06-Feb-2026 16:52:48.886 INFO [main] org.apache.catalina.startup.VersionLoggerListener.log Command line argument: --add-opens=java.base/java.util=ALL-UNNAMED
06-Feb-2026 16:52:48.886 INFO [main] org.apache.catalina.startup.VersionLoggerListener.log Command line argument: --add-opens=java.base/java.util.concurrent=ALL-UNNAMED
06-Feb-2026 16:52:48.886 INFO [main] org.apache.catalina.startup.VersionLoggerListener.log Command line argument: --add-opens=java.rmi/sun.rmi.transport=ALL-UNNAMED
06-Feb-2026 16:52:48.886 INFO [main] org.apache.catalina.startup.VersionLoggerListener.log Command line argument: --enable-native-access=ALL-UNNAMED
06-Feb-2026 16:52:48.886 INFO [main] org.apache.catalina.startup.VersionLoggerListener.log Command line argument: -Dcatalina.base=/home/blavogiez/Documents/BUT2/Semestre2/Webdev/tomcat
06-Feb-2026 16:52:48.886 INFO [main] org.apache.catalina.startup.VersionLoggerListener.log Command line argument: -Dcatalina.home=/home/blavogiez/Documents/BUT2/Semestre2/Webdev/tomcat
06-Feb-2026 16:52:48.886 INFO [main] org.apache.catalina.startup.VersionLoggerListener.log Command line argument: -Djava.io.tmpdir=/home/blavogiez/Documents/BUT2/Semestre2/Webdev/tomcat/temp
06-Feb-2026 16:52:48.887 INFO [main] org.apache.catalina.core.AprLifecycleListener.lifecycleEvent The Apache Tomcat Native library which allows using OpenSSL was not found on the java.library.path: [/usr/java/packages/lib:/usr/lib/x86_64-linux-gnu/jni:/lib/x86_64-linux-gnu:/usr/lib/x86_64-linux-gnu:/usr/lib/jni:/lib:/usr/lib]
06-Feb-2026 16:52:49.010 INFO [main] org.apache.coyote.AbstractProtocol.init Initializing ProtocolHandler ["http-nio-8080"]
06-Feb-2026 16:52:49.020 INFO [main] org.apache.catalina.startup.Catalina.load Server initialization in [215] milliseconds
06-Feb-2026 16:52:49.040 INFO [main] org.apache.catalina.core.StandardService.startInternal Starting service [Catalina]
06-Feb-2026 16:52:49.040 INFO [main] org.apache.catalina.core.StandardEngine.startInternal Starting Servlet engine: [Apache Tomcat/11.0.13]
06-Feb-2026 16:52:49.044 INFO [main] org.apache.catalina.startup.HostConfig.deployDirectory Deploying web application directory [/home/blavogiez/Documents/BUT2/Semestre2/Webdev/tomcat/webapps/TP02]
06-Feb-2026 16:52:49.340 INFO [main] org.apache.jasper.servlet.TldScanner.scanJars At least one JAR was scanned for TLDs yet contained no TLDs. Enable debug logging for this logger for a complete list of JARs that were scanned but no TLDs were found in them. Skipping unneeded JARs during scanning can improve startup time and JSP compilation time.
06-Feb-2026 16:52:49.353 INFO [main] org.apache.catalina.startup.HostConfig.deployDirectory Deployment of web application directory [/home/blavogiez/Documents/BUT2/Semestre2/Webdev/tomcat/webapps/TP02] has finished in [308] ms
06-Feb-2026 16:52:49.353 INFO [main] org.apache.catalina.startup.HostConfig.deployDirectory Deploying web application directory [/home/blavogiez/Documents/BUT2/Semestre2/Webdev/tomcat/webapps/examples]
06-Feb-2026 16:52:49.540 INFO [main] org.apache.jasper.servlet.TldScanner.scanJars At least one JAR was scanned for TLDs yet contained no TLDs. Enable debug logging for this logger for a complete list of JARs that were scanned but no TLDs were found in them. Skipping unneeded JARs during scanning can improve startup time and JSP compilation time.
06-Feb-2026 16:52:49.549 INFO [main] org.apache.catalina.startup.HostConfig.deployDirectory Deployment of web application directory [/home/blavogiez/Documents/BUT2/Semestre2/Webdev/tomcat/webapps/examples] has finished in [196] ms
06-Feb-2026 16:52:49.549 INFO [main] org.apache.catalina.startup.HostConfig.deployDirectory Deploying web application directory [/home/blavogiez/Documents/BUT2/Semestre2/Webdev/tomcat/webapps/docs]
06-Feb-2026 16:52:49.679 INFO [main] org.apache.jasper.servlet.TldScanner.scanJars At least one JAR was scanned for TLDs yet contained no TLDs. Enable debug logging for this logger for a complete list of JARs that were scanned but no TLDs were found in them. Skipping unneeded JARs during scanning can improve startup time and JSP compilation time.
06-Feb-2026 16:52:49.680 INFO [main] org.apache.catalina.startup.HostConfig.deployDirectory Deployment of web application directory [/home/blavogiez/Documents/BUT2/Semestre2/Webdev/tomcat/webapps/docs] has finished in [131] ms
06-Feb-2026 16:52:49.680 INFO [main] org.apache.catalina.startup.HostConfig.deployDirectory Deploying web application directory [/home/blavogiez/Documents/BUT2/Semestre2/Webdev/tomcat/webapps/template]
06-Feb-2026 16:52:49.806 INFO [main] org.apache.jasper.servlet.TldScanner.scanJars At least one JAR was scanned for TLDs yet contained no TLDs. Enable debug logging for this logger for a complete list of JARs that were scanned but no TLDs were found in them. Skipping unneeded JARs during scanning can improve startup time and JSP compilation time.
06-Feb-2026 16:52:49.807 INFO [main] org.apache.catalina.startup.HostConfig.deployDirectory Deployment of web application directory [/home/blavogiez/Documents/BUT2/Semestre2/Webdev/tomcat/webapps/template] has finished in [127] ms
06-Feb-2026 16:52:49.807 INFO [main] org.apache.catalina.startup.HostConfig.deployDirectory Deploying web application directory [/home/blavogiez/Documents/BUT2/Semestre2/Webdev/tomcat/webapps/TP03-Partie2]
06-Feb-2026 16:52:49.931 INFO [main] org.apache.jasper.servlet.TldScanner.scanJars At least one JAR was scanned for TLDs yet contained no TLDs. Enable debug logging for this logger for a complete list of JARs that were scanned but no TLDs were found in them. Skipping unneeded JARs during scanning can improve startup time and JSP compilation time.
06-Feb-2026 16:52:49.933 INFO [main] org.apache.catalina.startup.HostConfig.deployDirectory Deployment of web application directory [/home/blavogiez/Documents/BUT2/Semestre2/Webdev/tomcat/webapps/TP03-Partie2] has finished in [126] ms
06-Feb-2026 16:52:49.933 INFO [main] org.apache.catalina.startup.HostConfig.deployDirectory Deploying web application directory [/home/blavogiez/Documents/BUT2/Semestre2/Webdev/tomcat/webapps/host-manager]
06-Feb-2026 16:52:50.048 INFO [main] org.apache.jasper.servlet.TldScanner.scanJars At least one JAR was scanned for TLDs yet contained no TLDs. Enable debug logging for this logger for a complete list of JARs that were scanned but no TLDs were found in them. Skipping unneeded JARs during scanning can improve startup time and JSP compilation time.
06-Feb-2026 16:52:50.050 INFO [main] org.apache.catalina.startup.HostConfig.deployDirectory Deployment of web application directory [/home/blavogiez/Documents/BUT2/Semestre2/Webdev/tomcat/webapps/host-manager] has finished in [117] ms
06-Feb-2026 16:52:50.051 INFO [main] org.apache.catalina.startup.HostConfig.deployDirectory Deploying web application directory [/home/blavogiez/Documents/BUT2/Semestre2/Webdev/tomcat/webapps/manager]
06-Feb-2026 16:52:50.169 INFO [main] org.apache.jasper.servlet.TldScanner.scanJars At least one JAR was scanned for TLDs yet contained no TLDs. Enable debug logging for this logger for a complete list of JARs that were scanned but no TLDs were found in them. Skipping unneeded JARs during scanning can improve startup time and JSP compilation time.
06-Feb-2026 16:52:50.170 INFO [main] org.apache.catalina.startup.HostConfig.deployDirectory Deployment of web application directory [/home/blavogiez/Documents/BUT2/Semestre2/Webdev/tomcat/webapps/manager] has finished in [119] ms
06-Feb-2026 16:52:50.170 INFO [main] org.apache.catalina.startup.HostConfig.deployDirectory Deploying web application directory [/home/blavogiez/Documents/BUT2/Semestre2/Webdev/tomcat/webapps/ctp-sample]
06-Feb-2026 16:52:50.276 INFO [main] org.apache.jasper.servlet.TldScanner.scanJars At least one JAR was scanned for TLDs yet contained no TLDs. Enable debug logging for this logger for a complete list of JARs that were scanned but no TLDs were found in them. Skipping unneeded JARs during scanning can improve startup time and JSP compilation time.
06-Feb-2026 16:52:50.277 INFO [main] org.apache.catalina.startup.HostConfig.deployDirectory Deployment of web application directory [/home/blavogiez/Documents/BUT2/Semestre2/Webdev/tomcat/webapps/ctp-sample] has finished in [107] ms
06-Feb-2026 16:52:50.277 INFO [main] org.apache.catalina.startup.HostConfig.deployDirectory Deploying web application directory [/home/blavogiez/Documents/BUT2/Semestre2/Webdev/tomcat/webapps/__MACOSX]
06-Feb-2026 16:52:50.384 INFO [main] org.apache.jasper.servlet.TldScanner.scanJars At least one JAR was scanned for TLDs yet contained no TLDs. Enable debug logging for this logger for a complete list of JARs that were scanned but no TLDs were found in them. Skipping unneeded JARs during scanning can improve startup time and JSP compilation time.
06-Feb-2026 16:52:50.385 INFO [main] org.apache.catalina.startup.HostConfig.deployDirectory Deployment of web application directory [/home/blavogiez/Documents/BUT2/Semestre2/Webdev/tomcat/webapps/__MACOSX] has finished in [108] ms
06-Feb-2026 16:52:50.386 INFO [main] org.apache.catalina.startup.HostConfig.deployDirectory Deploying web application directory [/home/blavogiez/Documents/BUT2/Semestre2/Webdev/tomcat/webapps/TP04]
06-Feb-2026 16:52:50.497 INFO [main] org.apache.jasper.servlet.TldScanner.scanJars At least one JAR was scanned for TLDs yet contained no TLDs. Enable debug logging for this logger for a complete list of JARs that were scanned but no TLDs were found in them. Skipping unneeded JARs during scanning can improve startup time and JSP compilation time.
06-Feb-2026 16:52:50.498 INFO [main] org.apache.catalina.startup.HostConfig.deployDirectory Deployment of web application directory [/home/blavogiez/Documents/BUT2/Semestre2/Webdev/tomcat/webapps/TP04] has finished in [113] ms
06-Feb-2026 16:52:50.498 INFO [main] org.apache.catalina.startup.HostConfig.deployDirectory Deploying web application directory [/home/blavogiez/Documents/BUT2/Semestre2/Webdev/tomcat/webapps/tp_chess]
06-Feb-2026 16:52:50.609 INFO [main] org.apache.jasper.servlet.TldScanner.scanJars At least one JAR was scanned for TLDs yet contained no TLDs. Enable debug logging for this logger for a complete list of JARs that were scanned but no TLDs were found in them. Skipping unneeded JARs during scanning can improve startup time and JSP compilation time.
06-Feb-2026 16:52:50.610 INFO [main] org.apache.catalina.startup.HostConfig.deployDirectory Deployment of web application directory [/home/blavogiez/Documents/BUT2/Semestre2/Webdev/tomcat/webapps/tp_chess] has finished in [112] ms
06-Feb-2026 16:52:50.610 INFO [main] org.apache.catalina.startup.HostConfig.deployDirectory Deploying web application directory [/home/blavogiez/Documents/BUT2/Semestre2/Webdev/tomcat/webapps/ROOT]
06-Feb-2026 16:52:50.714 INFO [main] org.apache.jasper.servlet.TldScanner.scanJars At least one JAR was scanned for TLDs yet contained no TLDs. Enable debug logging for this logger for a complete list of JARs that were scanned but no TLDs were found in them. Skipping unneeded JARs during scanning can improve startup time and JSP compilation time.
06-Feb-2026 16:52:50.715 INFO [main] org.apache.catalina.startup.HostConfig.deployDirectory Deployment of web application directory [/home/blavogiez/Documents/BUT2/Semestre2/Webdev/tomcat/webapps/ROOT] has finished in [105] ms
06-Feb-2026 16:52:50.715 INFO [main] org.apache.catalina.startup.HostConfig.deployDirectory Deploying web application directory [/home/blavogiez/Documents/BUT2/Semestre2/Webdev/tomcat/webapps/TP01]
06-Feb-2026 16:52:50.819 INFO [main] org.apache.jasper.servlet.TldScanner.scanJars At least one JAR was scanned for TLDs yet contained no TLDs. Enable debug logging for this logger for a complete list of JARs that were scanned but no TLDs were found in them. Skipping unneeded JARs during scanning can improve startup time and JSP compilation time.
06-Feb-2026 16:52:50.820 INFO [main] org.apache.catalina.startup.HostConfig.deployDirectory Deployment of web application directory [/home/blavogiez/Documents/BUT2/Semestre2/Webdev/tomcat/webapps/TP01] has finished in [105] ms
06-Feb-2026 16:52:50.820 INFO [main] org.apache.catalina.startup.HostConfig.deployDirectory Deploying web application directory [/home/blavogiez/Documents/BUT2/Semestre2/Webdev/tomcat/webapps/TP03]
06-Feb-2026 16:52:50.932 INFO [main] org.apache.jasper.servlet.TldScanner.scanJars At least one JAR was scanned for TLDs yet contained no TLDs. Enable debug logging for this logger for a complete list of JARs that were scanned but no TLDs were found in them. Skipping unneeded JARs during scanning can improve startup time and JSP compilation time.
06-Feb-2026 16:52:50.933 INFO [main] org.apache.catalina.startup.HostConfig.deployDirectory Deployment of web application directory [/home/blavogiez/Documents/BUT2/Semestre2/Webdev/tomcat/webapps/TP03] has finished in [113] ms
06-Feb-2026 16:52:50.935 INFO [main] org.apache.coyote.AbstractProtocol.start Starting ProtocolHandler ["http-nio-8080"]
06-Feb-2026 16:52:50.941 INFO [main] org.apache.catalina.startup.Catalina.start Server startup in [1919] milliseconds
06-Feb-2026 17:01:47.168 INFO [Thread-1] org.apache.coyote.AbstractProtocol.pause Pausing ProtocolHandler ["http-nio-8080"]
06-Feb-2026 17:01:47.169 INFO [Thread-1] org.apache.catalina.core.StandardService.stopInternal Stopping service [Catalina]
06-Feb-2026 17:01:47.175 WARNING [Thread-1] org.apache.catalina.loader.WebappClassLoaderBase.clearReferencesJdbc The web application [template] registered the JDBC driver [org.h2.Driver] but failed to unregister it when the web application was stopped. To prevent a memory leak, the JDBC Driver has been forcibly unregistered.
06-Feb-2026 17:01:47.192 INFO [Thread-1] org.apache.coyote.AbstractProtocol.stop Stopping ProtocolHandler ["http-nio-8080"]
06-Feb-2026 17:01:47.207 INFO [Thread-1] org.apache.coyote.AbstractProtocol.destroy Destroying ProtocolHandler ["http-nio-8080"]
