09-Dec-2025 12:36:45.994 INFO [main] org.apache.catalina.startup.VersionLoggerListener.log Server version name:   Apache Tomcat/11.0.13
09-Dec-2025 12:36:45.997 INFO [main] org.apache.catalina.startup.VersionLoggerListener.log Server built:          Oct 10 2025 13:57:31 UTC
09-Dec-2025 12:36:45.997 INFO [main] org.apache.catalina.startup.VersionLoggerListener.log Server version number: 11.0.13.0
09-Dec-2025 12:36:45.997 INFO [main] org.apache.catalina.startup.VersionLoggerListener.log OS Name:               Linux
09-Dec-2025 12:36:45.997 INFO [main] org.apache.catalina.startup.VersionLoggerListener.log OS Version:            6.1.0-40-amd64
09-Dec-2025 12:36:45.997 INFO [main] org.apache.catalina.startup.VersionLoggerListener.log Architecture:          amd64
09-Dec-2025 12:36:45.997 INFO [main] org.apache.catalina.startup.VersionLoggerListener.log Java Home:             /usr/lib/jvm/java-17-openjdk-amd64
09-Dec-2025 12:36:45.997 INFO [main] org.apache.catalina.startup.VersionLoggerListener.log JVM Version:           17.0.17+10-Debian-1deb12u1
09-Dec-2025 12:36:45.997 INFO [main] org.apache.catalina.startup.VersionLoggerListener.log JVM Vendor:            Debian
09-Dec-2025 12:36:45.997 INFO [main] org.apache.catalina.startup.VersionLoggerListener.log CATALINA_BASE:         /home/infoetu/baptiste.lavogiez.etu/ctp-web/tomcat
09-Dec-2025 12:36:45.997 INFO [main] org.apache.catalina.startup.VersionLoggerListener.log CATALINA_HOME:         /home/infoetu/baptiste.lavogiez.etu/ctp-web/tomcat
09-Dec-2025 12:36:46.004 INFO [main] org.apache.catalina.startup.VersionLoggerListener.log Command line argument: -Djava.util.logging.config.file=/home/infoetu/baptiste.lavogiez.etu/ctp-web/tomcat/conf/logging.properties
09-Dec-2025 12:36:46.004 INFO [main] org.apache.catalina.startup.VersionLoggerListener.log Command line argument: -Djava.util.logging.manager=org.apache.juli.ClassLoaderLogManager
09-Dec-2025 12:36:46.004 INFO [main] org.apache.catalina.startup.VersionLoggerListener.log Command line argument: -Djdk.tls.ephemeralDHKeySize=2048
09-Dec-2025 12:36:46.004 INFO [main] org.apache.catalina.startup.VersionLoggerListener.log Command line argument: -Dorg.apache.catalina.security.SecurityListener.UMASK=0027
09-Dec-2025 12:36:46.005 INFO [main] org.apache.catalina.startup.VersionLoggerListener.log Command line argument: --add-opens=java.base/java.lang=ALL-UNNAMED
09-Dec-2025 12:36:46.005 INFO [main] org.apache.catalina.startup.VersionLoggerListener.log Command line argument: --add-opens=java.base/java.lang.reflect=ALL-UNNAMED
09-Dec-2025 12:36:46.005 INFO [main] org.apache.catalina.startup.VersionLoggerListener.log Command line argument: --add-opens=java.base/java.io=ALL-UNNAMED
09-Dec-2025 12:36:46.005 INFO [main] org.apache.catalina.startup.VersionLoggerListener.log Command line argument: --add-opens=java.base/java.util=ALL-UNNAMED
09-Dec-2025 12:36:46.005 INFO [main] org.apache.catalina.startup.VersionLoggerListener.log Command line argument: --add-opens=java.base/java.util.concurrent=ALL-UNNAMED
09-Dec-2025 12:36:46.005 INFO [main] org.apache.catalina.startup.VersionLoggerListener.log Command line argument: --add-opens=java.rmi/sun.rmi.transport=ALL-UNNAMED
09-Dec-2025 12:36:46.005 INFO [main] org.apache.catalina.startup.VersionLoggerListener.log Command line argument: --enable-native-access=ALL-UNNAMED
09-Dec-2025 12:36:46.005 INFO [main] org.apache.catalina.startup.VersionLoggerListener.log Command line argument: -Dcatalina.base=/home/infoetu/baptiste.lavogiez.etu/ctp-web/tomcat
09-Dec-2025 12:36:46.005 INFO [main] org.apache.catalina.startup.VersionLoggerListener.log Command line argument: -Dcatalina.home=/home/infoetu/baptiste.lavogiez.etu/ctp-web/tomcat
09-Dec-2025 12:36:46.005 INFO [main] org.apache.catalina.startup.VersionLoggerListener.log Command line argument: -Djava.io.tmpdir=/home/infoetu/baptiste.lavogiez.etu/ctp-web/tomcat/temp
09-Dec-2025 12:36:46.007 INFO [main] org.apache.catalina.core.AprLifecycleListener.lifecycleEvent The Apache Tomcat Native library which allows using OpenSSL was not found on the java.library.path: [/usr/java/packages/lib:/usr/lib/x86_64-linux-gnu/jni:/lib/x86_64-linux-gnu:/usr/lib/x86_64-linux-gnu:/usr/lib/jni:/lib:/usr/lib]
09-Dec-2025 12:36:46.117 INFO [main] org.apache.coyote.AbstractProtocol.init Initializing ProtocolHandler ["http-nio-8080"]
09-Dec-2025 12:36:46.134 INFO [main] org.apache.catalina.startup.Catalina.load Server initialization in [273] milliseconds
09-Dec-2025 12:36:46.158 INFO [main] org.apache.catalina.core.StandardService.startInternal Starting service [Catalina]
09-Dec-2025 12:36:46.158 INFO [main] org.apache.catalina.core.StandardEngine.startInternal Starting Servlet engine: [Apache Tomcat/11.0.13]
09-Dec-2025 12:36:46.168 INFO [main] org.apache.catalina.startup.HostConfig.deployDirectory Deploying web application directory [/home/infoetu/baptiste.lavogiez.etu/ctp-web/tomcat/webapps/ROOT]
09-Dec-2025 12:36:46.380 INFO [main] org.apache.jasper.servlet.TldScanner.scanJars At least one JAR was scanned for TLDs yet contained no TLDs. Enable debug logging for this logger for a complete list of JARs that were scanned but no TLDs were found in them. Skipping unneeded JARs during scanning can improve startup time and JSP compilation time.
09-Dec-2025 12:36:46.402 INFO [main] org.apache.catalina.startup.HostConfig.deployDirectory Deployment of web application directory [/home/infoetu/baptiste.lavogiez.etu/ctp-web/tomcat/webapps/ROOT] has finished in [234] ms
09-Dec-2025 12:36:46.403 INFO [main] org.apache.catalina.startup.HostConfig.deployDirectory Deploying web application directory [/home/infoetu/baptiste.lavogiez.etu/ctp-web/tomcat/webapps/docs]
09-Dec-2025 12:36:46.457 INFO [main] org.apache.jasper.servlet.TldScanner.scanJars At least one JAR was scanned for TLDs yet contained no TLDs. Enable debug logging for this logger for a complete list of JARs that were scanned but no TLDs were found in them. Skipping unneeded JARs during scanning can improve startup time and JSP compilation time.
09-Dec-2025 12:36:46.458 INFO [main] org.apache.catalina.startup.HostConfig.deployDirectory Deployment of web application directory [/home/infoetu/baptiste.lavogiez.etu/ctp-web/tomcat/webapps/docs] has finished in [55] ms
09-Dec-2025 12:36:46.458 INFO [main] org.apache.catalina.startup.HostConfig.deployDirectory Deploying web application directory [/home/infoetu/baptiste.lavogiez.etu/ctp-web/tomcat/webapps/manager]
09-Dec-2025 12:36:46.514 INFO [main] org.apache.jasper.servlet.TldScanner.scanJars At least one JAR was scanned for TLDs yet contained no TLDs. Enable debug logging for this logger for a complete list of JARs that were scanned but no TLDs were found in them. Skipping unneeded JARs during scanning can improve startup time and JSP compilation time.
09-Dec-2025 12:36:46.517 INFO [main] org.apache.catalina.startup.HostConfig.deployDirectory Deployment of web application directory [/home/infoetu/baptiste.lavogiez.etu/ctp-web/tomcat/webapps/manager] has finished in [59] ms
09-Dec-2025 12:36:46.517 INFO [main] org.apache.catalina.startup.HostConfig.deployDirectory Deploying web application directory [/home/infoetu/baptiste.lavogiez.etu/ctp-web/tomcat/webapps/host-manager]
09-Dec-2025 12:36:46.567 INFO [main] org.apache.jasper.servlet.TldScanner.scanJars At least one JAR was scanned for TLDs yet contained no TLDs. Enable debug logging for this logger for a complete list of JARs that were scanned but no TLDs were found in them. Skipping unneeded JARs during scanning can improve startup time and JSP compilation time.
09-Dec-2025 12:36:46.568 INFO [main] org.apache.catalina.startup.HostConfig.deployDirectory Deployment of web application directory [/home/infoetu/baptiste.lavogiez.etu/ctp-web/tomcat/webapps/host-manager] has finished in [51] ms
09-Dec-2025 12:36:46.568 INFO [main] org.apache.catalina.startup.HostConfig.deployDirectory Deploying web application directory [/home/infoetu/baptiste.lavogiez.etu/ctp-web/tomcat/webapps/vide]
09-Dec-2025 12:36:46.630 INFO [main] org.apache.jasper.servlet.TldScanner.scanJars At least one JAR was scanned for TLDs yet contained no TLDs. Enable debug logging for this logger for a complete list of JARs that were scanned but no TLDs were found in them. Skipping unneeded JARs during scanning can improve startup time and JSP compilation time.
09-Dec-2025 12:36:46.631 INFO [main] org.apache.catalina.startup.HostConfig.deployDirectory Deployment of web application directory [/home/infoetu/baptiste.lavogiez.etu/ctp-web/tomcat/webapps/vide] has finished in [63] ms
09-Dec-2025 12:36:46.632 INFO [main] org.apache.catalina.startup.HostConfig.deployDirectory Deploying web application directory [/home/infoetu/baptiste.lavogiez.etu/ctp-web/tomcat/webapps/examples]
09-Dec-2025 12:36:46.935 INFO [main] org.apache.jasper.servlet.TldScanner.scanJars At least one JAR was scanned for TLDs yet contained no TLDs. Enable debug logging for this logger for a complete list of JARs that were scanned but no TLDs were found in them. Skipping unneeded JARs during scanning can improve startup time and JSP compilation time.
09-Dec-2025 12:36:46.951 INFO [main] org.apache.catalina.startup.HostConfig.deployDirectory Deployment of web application directory [/home/infoetu/baptiste.lavogiez.etu/ctp-web/tomcat/webapps/examples] has finished in [319] ms
09-Dec-2025 12:36:46.952 INFO [main] org.apache.coyote.AbstractProtocol.start Starting ProtocolHandler ["http-nio-8080"]
09-Dec-2025 12:36:46.959 INFO [main] org.apache.catalina.startup.Catalina.start Server startup in [824] milliseconds
09-Dec-2025 12:37:36.983 INFO [Catalina-utility-2] org.apache.catalina.core.StandardContext.reload Reloading Context with name [/vide] has started
09-Dec-2025 12:37:37.057 INFO [Catalina-utility-2] org.apache.jasper.servlet.TldScanner.scanJars At least one JAR was scanned for TLDs yet contained no TLDs. Enable debug logging for this logger for a complete list of JARs that were scanned but no TLDs were found in them. Skipping unneeded JARs during scanning can improve startup time and JSP compilation time.
09-Dec-2025 12:37:37.058 INFO [Catalina-utility-2] org.apache.catalina.core.StandardContext.reload Reloading Context with name [/vide] is completed
09-Dec-2025 12:38:07.081 INFO [Catalina-utility-2] org.apache.catalina.core.StandardContext.reload Reloading Context with name [/vide] has started
09-Dec-2025 12:38:07.162 INFO [Catalina-utility-2] org.apache.jasper.servlet.TldScanner.scanJars At least one JAR was scanned for TLDs yet contained no TLDs. Enable debug logging for this logger for a complete list of JARs that were scanned but no TLDs were found in them. Skipping unneeded JARs during scanning can improve startup time and JSP compilation time.
09-Dec-2025 12:38:07.163 INFO [Catalina-utility-2] org.apache.catalina.core.StandardContext.reload Reloading Context with name [/vide] is completed
09-Dec-2025 12:38:37.181 INFO [Catalina-utility-2] org.apache.catalina.core.StandardContext.reload Reloading Context with name [/vide] has started
09-Dec-2025 12:38:37.241 INFO [Catalina-utility-2] org.apache.jasper.servlet.TldScanner.scanJars At least one JAR was scanned for TLDs yet contained no TLDs. Enable debug logging for this logger for a complete list of JARs that were scanned but no TLDs were found in them. Skipping unneeded JARs during scanning can improve startup time and JSP compilation time.
09-Dec-2025 12:38:37.242 INFO [Catalina-utility-2] org.apache.catalina.core.StandardContext.reload Reloading Context with name [/vide] is completed
09-Dec-2025 12:38:52.847 INFO [Thread-1] org.apache.coyote.AbstractProtocol.pause Pausing ProtocolHandler ["http-nio-8080"]
09-Dec-2025 12:38:52.853 INFO [Thread-1] org.apache.catalina.core.StandardService.stopInternal Stopping service [Catalina]
09-Dec-2025 12:38:52.874 INFO [Thread-1] org.apache.coyote.AbstractProtocol.stop Stopping ProtocolHandler ["http-nio-8080"]
09-Dec-2025 12:38:52.885 INFO [Thread-1] org.apache.coyote.AbstractProtocol.destroy Destroying ProtocolHandler ["http-nio-8080"]
09-Dec-2025 12:38:53.865 INFO [main] org.apache.catalina.startup.VersionLoggerListener.log Server version name:   Apache Tomcat/11.0.13
09-Dec-2025 12:38:53.867 INFO [main] org.apache.catalina.startup.VersionLoggerListener.log Server built:          Oct 10 2025 13:57:31 UTC
09-Dec-2025 12:38:53.868 INFO [main] org.apache.catalina.startup.VersionLoggerListener.log Server version number: 11.0.13.0
09-Dec-2025 12:38:53.868 INFO [main] org.apache.catalina.startup.VersionLoggerListener.log OS Name:               Linux
09-Dec-2025 12:38:53.868 INFO [main] org.apache.catalina.startup.VersionLoggerListener.log OS Version:            6.1.0-40-amd64
09-Dec-2025 12:38:53.868 INFO [main] org.apache.catalina.startup.VersionLoggerListener.log Architecture:          amd64
09-Dec-2025 12:38:53.868 INFO [main] org.apache.catalina.startup.VersionLoggerListener.log Java Home:             /usr/lib/jvm/java-17-openjdk-amd64
09-Dec-2025 12:38:53.868 INFO [main] org.apache.catalina.startup.VersionLoggerListener.log JVM Version:           17.0.17+10-Debian-1deb12u1
09-Dec-2025 12:38:53.868 INFO [main] org.apache.catalina.startup.VersionLoggerListener.log JVM Vendor:            Debian
09-Dec-2025 12:38:53.868 INFO [main] org.apache.catalina.startup.VersionLoggerListener.log CATALINA_BASE:         /home/infoetu/baptiste.lavogiez.etu/ctp-web/tomcat
09-Dec-2025 12:38:53.868 INFO [main] org.apache.catalina.startup.VersionLoggerListener.log CATALINA_HOME:         /home/infoetu/baptiste.lavogiez.etu/ctp-web/tomcat
09-Dec-2025 12:38:53.872 INFO [main] org.apache.catalina.startup.VersionLoggerListener.log Command line argument: -Djava.util.logging.config.file=/home/infoetu/baptiste.lavogiez.etu/ctp-web/tomcat/conf/logging.properties
09-Dec-2025 12:38:53.872 INFO [main] org.apache.catalina.startup.VersionLoggerListener.log Command line argument: -Djava.util.logging.manager=org.apache.juli.ClassLoaderLogManager
09-Dec-2025 12:38:53.872 INFO [main] org.apache.catalina.startup.VersionLoggerListener.log Command line argument: -Djdk.tls.ephemeralDHKeySize=2048
09-Dec-2025 12:38:53.872 INFO [main] org.apache.catalina.startup.VersionLoggerListener.log Command line argument: -Dorg.apache.catalina.security.SecurityListener.UMASK=0027
09-Dec-2025 12:38:53.872 INFO [main] org.apache.catalina.startup.VersionLoggerListener.log Command line argument: --add-opens=java.base/java.lang=ALL-UNNAMED
09-Dec-2025 12:38:53.872 INFO [main] org.apache.catalina.startup.VersionLoggerListener.log Command line argument: --add-opens=java.base/java.lang.reflect=ALL-UNNAMED
09-Dec-2025 12:38:53.872 INFO [main] org.apache.catalina.startup.VersionLoggerListener.log Command line argument: --add-opens=java.base/java.io=ALL-UNNAMED
09-Dec-2025 12:38:53.872 INFO [main] org.apache.catalina.startup.VersionLoggerListener.log Command line argument: --add-opens=java.base/java.util=ALL-UNNAMED
09-Dec-2025 12:38:53.873 INFO [main] org.apache.catalina.startup.VersionLoggerListener.log Command line argument: --add-opens=java.base/java.util.concurrent=ALL-UNNAMED
09-Dec-2025 12:38:53.873 INFO [main] org.apache.catalina.startup.VersionLoggerListener.log Command line argument: --add-opens=java.rmi/sun.rmi.transport=ALL-UNNAMED
09-Dec-2025 12:38:53.873 INFO [main] org.apache.catalina.startup.VersionLoggerListener.log Command line argument: --enable-native-access=ALL-UNNAMED
09-Dec-2025 12:38:53.873 INFO [main] org.apache.catalina.startup.VersionLoggerListener.log Command line argument: -Dcatalina.base=/home/infoetu/baptiste.lavogiez.etu/ctp-web/tomcat
09-Dec-2025 12:38:53.873 INFO [main] org.apache.catalina.startup.VersionLoggerListener.log Command line argument: -Dcatalina.home=/home/infoetu/baptiste.lavogiez.etu/ctp-web/tomcat
09-Dec-2025 12:38:53.873 INFO [main] org.apache.catalina.startup.VersionLoggerListener.log Command line argument: -Djava.io.tmpdir=/home/infoetu/baptiste.lavogiez.etu/ctp-web/tomcat/temp
09-Dec-2025 12:38:53.873 INFO [main] org.apache.catalina.core.AprLifecycleListener.lifecycleEvent The Apache Tomcat Native library which allows using OpenSSL was not found on the java.library.path: [/usr/java/packages/lib:/usr/lib/x86_64-linux-gnu/jni:/lib/x86_64-linux-gnu:/usr/lib/x86_64-linux-gnu:/usr/lib/jni:/lib:/usr/lib]
09-Dec-2025 12:38:53.976 INFO [main] org.apache.coyote.AbstractProtocol.init Initializing ProtocolHandler ["http-nio-8080"]
09-Dec-2025 12:38:53.990 INFO [main] org.apache.catalina.startup.Catalina.load Server initialization in [199] milliseconds
09-Dec-2025 12:38:54.009 INFO [main] org.apache.catalina.core.StandardService.startInternal Starting service [Catalina]
09-Dec-2025 12:38:54.009 INFO [main] org.apache.catalina.core.StandardEngine.startInternal Starting Servlet engine: [Apache Tomcat/11.0.13]
09-Dec-2025 12:38:54.014 INFO [main] org.apache.catalina.startup.HostConfig.deployDirectory Deploying web application directory [/home/infoetu/baptiste.lavogiez.etu/ctp-web/tomcat/webapps/ROOT]
09-Dec-2025 12:38:54.183 INFO [main] org.apache.jasper.servlet.TldScanner.scanJars At least one JAR was scanned for TLDs yet contained no TLDs. Enable debug logging for this logger for a complete list of JARs that were scanned but no TLDs were found in them. Skipping unneeded JARs during scanning can improve startup time and JSP compilation time.
09-Dec-2025 12:38:54.201 INFO [main] org.apache.catalina.startup.HostConfig.deployDirectory Deployment of web application directory [/home/infoetu/baptiste.lavogiez.etu/ctp-web/tomcat/webapps/ROOT] has finished in [187] ms
09-Dec-2025 12:38:54.201 INFO [main] org.apache.catalina.startup.HostConfig.deployDirectory Deploying web application directory [/home/infoetu/baptiste.lavogiez.etu/ctp-web/tomcat/webapps/docs]
09-Dec-2025 12:38:54.258 INFO [main] org.apache.jasper.servlet.TldScanner.scanJars At least one JAR was scanned for TLDs yet contained no TLDs. Enable debug logging for this logger for a complete list of JARs that were scanned but no TLDs were found in them. Skipping unneeded JARs during scanning can improve startup time and JSP compilation time.
09-Dec-2025 12:38:54.259 INFO [main] org.apache.catalina.startup.HostConfig.deployDirectory Deployment of web application directory [/home/infoetu/baptiste.lavogiez.etu/ctp-web/tomcat/webapps/docs] has finished in [58] ms
09-Dec-2025 12:38:54.259 INFO [main] org.apache.catalina.startup.HostConfig.deployDirectory Deploying web application directory [/home/infoetu/baptiste.lavogiez.etu/ctp-web/tomcat/webapps/manager]
09-Dec-2025 12:38:54.309 INFO [main] org.apache.jasper.servlet.TldScanner.scanJars At least one JAR was scanned for TLDs yet contained no TLDs. Enable debug logging for this logger for a complete list of JARs that were scanned but no TLDs were found in them. Skipping unneeded JARs during scanning can improve startup time and JSP compilation time.
09-Dec-2025 12:38:54.312 INFO [main] org.apache.catalina.startup.HostConfig.deployDirectory Deployment of web application directory [/home/infoetu/baptiste.lavogiez.etu/ctp-web/tomcat/webapps/manager] has finished in [53] ms
09-Dec-2025 12:38:54.312 INFO [main] org.apache.catalina.startup.HostConfig.deployDirectory Deploying web application directory [/home/infoetu/baptiste.lavogiez.etu/ctp-web/tomcat/webapps/host-manager]
09-Dec-2025 12:38:54.359 INFO [main] org.apache.jasper.servlet.TldScanner.scanJars At least one JAR was scanned for TLDs yet contained no TLDs. Enable debug logging for this logger for a complete list of JARs that were scanned but no TLDs were found in them. Skipping unneeded JARs during scanning can improve startup time and JSP compilation time.
09-Dec-2025 12:38:54.360 INFO [main] org.apache.catalina.startup.HostConfig.deployDirectory Deployment of web application directory [/home/infoetu/baptiste.lavogiez.etu/ctp-web/tomcat/webapps/host-manager] has finished in [48] ms
09-Dec-2025 12:38:54.360 INFO [main] org.apache.catalina.startup.HostConfig.deployDirectory Deploying web application directory [/home/infoetu/baptiste.lavogiez.etu/ctp-web/tomcat/webapps/vide]
09-Dec-2025 12:38:54.401 INFO [main] org.apache.jasper.servlet.TldScanner.scanJars At least one JAR was scanned for TLDs yet contained no TLDs. Enable debug logging for this logger for a complete list of JARs that were scanned but no TLDs were found in them. Skipping unneeded JARs during scanning can improve startup time and JSP compilation time.
09-Dec-2025 12:38:54.403 INFO [main] org.apache.catalina.startup.HostConfig.deployDirectory Deployment of web application directory [/home/infoetu/baptiste.lavogiez.etu/ctp-web/tomcat/webapps/vide] has finished in [42] ms
09-Dec-2025 12:38:54.403 INFO [main] org.apache.catalina.startup.HostConfig.deployDirectory Deploying web application directory [/home/infoetu/baptiste.lavogiez.etu/ctp-web/tomcat/webapps/examples]
09-Dec-2025 12:38:54.603 INFO [main] org.apache.jasper.servlet.TldScanner.scanJars At least one JAR was scanned for TLDs yet contained no TLDs. Enable debug logging for this logger for a complete list of JARs that were scanned but no TLDs were found in them. Skipping unneeded JARs during scanning can improve startup time and JSP compilation time.
09-Dec-2025 12:38:54.617 INFO [main] org.apache.catalina.startup.HostConfig.deployDirectory Deployment of web application directory [/home/infoetu/baptiste.lavogiez.etu/ctp-web/tomcat/webapps/examples] has finished in [214] ms
09-Dec-2025 12:38:54.619 INFO [main] org.apache.coyote.AbstractProtocol.start Starting ProtocolHandler ["http-nio-8080"]
09-Dec-2025 12:38:54.625 INFO [main] org.apache.catalina.startup.Catalina.start Server startup in [635] milliseconds
09-Dec-2025 12:39:23.303 INFO [Thread-1] org.apache.coyote.AbstractProtocol.pause Pausing ProtocolHandler ["http-nio-8080"]
09-Dec-2025 12:39:23.308 INFO [Thread-1] org.apache.catalina.core.StandardService.stopInternal Stopping service [Catalina]
09-Dec-2025 12:39:23.330 INFO [Thread-1] org.apache.coyote.AbstractProtocol.stop Stopping ProtocolHandler ["http-nio-8080"]
09-Dec-2025 12:39:23.342 INFO [Thread-1] org.apache.coyote.AbstractProtocol.destroy Destroying ProtocolHandler ["http-nio-8080"]
09-Dec-2025 12:39:24.143 INFO [main] org.apache.catalina.startup.VersionLoggerListener.log Server version name:   Apache Tomcat/11.0.13
09-Dec-2025 12:39:24.145 INFO [main] org.apache.catalina.startup.VersionLoggerListener.log Server built:          Oct 10 2025 13:57:31 UTC
09-Dec-2025 12:39:24.145 INFO [main] org.apache.catalina.startup.VersionLoggerListener.log Server version number: 11.0.13.0
09-Dec-2025 12:39:24.145 INFO [main] org.apache.catalina.startup.VersionLoggerListener.log OS Name:               Linux
09-Dec-2025 12:39:24.145 INFO [main] org.apache.catalina.startup.VersionLoggerListener.log OS Version:            6.1.0-40-amd64
09-Dec-2025 12:39:24.145 INFO [main] org.apache.catalina.startup.VersionLoggerListener.log Architecture:          amd64
09-Dec-2025 12:39:24.145 INFO [main] org.apache.catalina.startup.VersionLoggerListener.log Java Home:             /usr/lib/jvm/java-17-openjdk-amd64
09-Dec-2025 12:39:24.145 INFO [main] org.apache.catalina.startup.VersionLoggerListener.log JVM Version:           17.0.17+10-Debian-1deb12u1
09-Dec-2025 12:39:24.146 INFO [main] org.apache.catalina.startup.VersionLoggerListener.log JVM Vendor:            Debian
09-Dec-2025 12:39:24.146 INFO [main] org.apache.catalina.startup.VersionLoggerListener.log CATALINA_BASE:         /home/infoetu/baptiste.lavogiez.etu/ctp-web/tomcat
09-Dec-2025 12:39:24.146 INFO [main] org.apache.catalina.startup.VersionLoggerListener.log CATALINA_HOME:         /home/infoetu/baptiste.lavogiez.etu/ctp-web/tomcat
09-Dec-2025 12:39:24.149 INFO [main] org.apache.catalina.startup.VersionLoggerListener.log Command line argument: -Djava.util.logging.config.file=/home/infoetu/baptiste.lavogiez.etu/ctp-web/tomcat/conf/logging.properties
09-Dec-2025 12:39:24.149 INFO [main] org.apache.catalina.startup.VersionLoggerListener.log Command line argument: -Djava.util.logging.manager=org.apache.juli.ClassLoaderLogManager
09-Dec-2025 12:39:24.149 INFO [main] org.apache.catalina.startup.VersionLoggerListener.log Command line argument: -Djdk.tls.ephemeralDHKeySize=2048
09-Dec-2025 12:39:24.149 INFO [main] org.apache.catalina.startup.VersionLoggerListener.log Command line argument: -Dorg.apache.catalina.security.SecurityListener.UMASK=0027
09-Dec-2025 12:39:24.149 INFO [main] org.apache.catalina.startup.VersionLoggerListener.log Command line argument: --add-opens=java.base/java.lang=ALL-UNNAMED
09-Dec-2025 12:39:24.149 INFO [main] org.apache.catalina.startup.VersionLoggerListener.log Command line argument: --add-opens=java.base/java.lang.reflect=ALL-UNNAMED
09-Dec-2025 12:39:24.149 INFO [main] org.apache.catalina.startup.VersionLoggerListener.log Command line argument: --add-opens=java.base/java.io=ALL-UNNAMED
09-Dec-2025 12:39:24.150 INFO [main] org.apache.catalina.startup.VersionLoggerListener.log Command line argument: --add-opens=java.base/java.util=ALL-UNNAMED
09-Dec-2025 12:39:24.150 INFO [main] org.apache.catalina.startup.VersionLoggerListener.log Command line argument: --add-opens=java.base/java.util.concurrent=ALL-UNNAMED
09-Dec-2025 12:39:24.150 INFO [main] org.apache.catalina.startup.VersionLoggerListener.log Command line argument: --add-opens=java.rmi/sun.rmi.transport=ALL-UNNAMED
09-Dec-2025 12:39:24.150 INFO [main] org.apache.catalina.startup.VersionLoggerListener.log Command line argument: --enable-native-access=ALL-UNNAMED
09-Dec-2025 12:39:24.150 INFO [main] org.apache.catalina.startup.VersionLoggerListener.log Command line argument: -Dcatalina.base=/home/infoetu/baptiste.lavogiez.etu/ctp-web/tomcat
09-Dec-2025 12:39:24.150 INFO [main] org.apache.catalina.startup.VersionLoggerListener.log Command line argument: -Dcatalina.home=/home/infoetu/baptiste.lavogiez.etu/ctp-web/tomcat
09-Dec-2025 12:39:24.150 INFO [main] org.apache.catalina.startup.VersionLoggerListener.log Command line argument: -Djava.io.tmpdir=/home/infoetu/baptiste.lavogiez.etu/ctp-web/tomcat/temp
09-Dec-2025 12:39:24.151 INFO [main] org.apache.catalina.core.AprLifecycleListener.lifecycleEvent The Apache Tomcat Native library which allows using OpenSSL was not found on the java.library.path: [/usr/java/packages/lib:/usr/lib/x86_64-linux-gnu/jni:/lib/x86_64-linux-gnu:/usr/lib/x86_64-linux-gnu:/usr/lib/jni:/lib:/usr/lib]
09-Dec-2025 12:39:24.256 INFO [main] org.apache.coyote.AbstractProtocol.init Initializing ProtocolHandler ["http-nio-8080"]
09-Dec-2025 12:39:24.275 INFO [main] org.apache.catalina.startup.Catalina.load Server initialization in [206] milliseconds
09-Dec-2025 12:39:24.297 INFO [main] org.apache.catalina.core.StandardService.startInternal Starting service [Catalina]
09-Dec-2025 12:39:24.297 INFO [main] org.apache.catalina.core.StandardEngine.startInternal Starting Servlet engine: [Apache Tomcat/11.0.13]
09-Dec-2025 12:39:24.302 INFO [main] org.apache.catalina.startup.HostConfig.deployDirectory Deploying web application directory [/home/infoetu/baptiste.lavogiez.etu/ctp-web/tomcat/webapps/ROOT]
09-Dec-2025 12:39:24.466 INFO [main] org.apache.jasper.servlet.TldScanner.scanJars At least one JAR was scanned for TLDs yet contained no TLDs. Enable debug logging for this logger for a complete list of JARs that were scanned but no TLDs were found in them. Skipping unneeded JARs during scanning can improve startup time and JSP compilation time.
09-Dec-2025 12:39:24.483 INFO [main] org.apache.catalina.startup.HostConfig.deployDirectory Deployment of web application directory [/home/infoetu/baptiste.lavogiez.etu/ctp-web/tomcat/webapps/ROOT] has finished in [181] ms
09-Dec-2025 12:39:24.483 INFO [main] org.apache.catalina.startup.HostConfig.deployDirectory Deploying web application directory [/home/infoetu/baptiste.lavogiez.etu/ctp-web/tomcat/webapps/docs]
09-Dec-2025 12:39:24.538 INFO [main] org.apache.jasper.servlet.TldScanner.scanJars At least one JAR was scanned for TLDs yet contained no TLDs. Enable debug logging for this logger for a complete list of JARs that were scanned but no TLDs were found in them. Skipping unneeded JARs during scanning can improve startup time and JSP compilation time.
09-Dec-2025 12:39:24.539 INFO [main] org.apache.catalina.startup.HostConfig.deployDirectory Deployment of web application directory [/home/infoetu/baptiste.lavogiez.etu/ctp-web/tomcat/webapps/docs] has finished in [56] ms
09-Dec-2025 12:39:24.539 INFO [main] org.apache.catalina.startup.HostConfig.deployDirectory Deploying web application directory [/home/infoetu/baptiste.lavogiez.etu/ctp-web/tomcat/webapps/manager]
09-Dec-2025 12:39:24.589 INFO [main] org.apache.jasper.servlet.TldScanner.scanJars At least one JAR was scanned for TLDs yet contained no TLDs. Enable debug logging for this logger for a complete list of JARs that were scanned but no TLDs were found in them. Skipping unneeded JARs during scanning can improve startup time and JSP compilation time.
09-Dec-2025 12:39:24.593 INFO [main] org.apache.catalina.startup.HostConfig.deployDirectory Deployment of web application directory [/home/infoetu/baptiste.lavogiez.etu/ctp-web/tomcat/webapps/manager] has finished in [54] ms
09-Dec-2025 12:39:24.593 INFO [main] org.apache.catalina.startup.HostConfig.deployDirectory Deploying web application directory [/home/infoetu/baptiste.lavogiez.etu/ctp-web/tomcat/webapps/host-manager]
09-Dec-2025 12:39:24.640 INFO [main] org.apache.jasper.servlet.TldScanner.scanJars At least one JAR was scanned for TLDs yet contained no TLDs. Enable debug logging for this logger for a complete list of JARs that were scanned but no TLDs were found in them. Skipping unneeded JARs during scanning can improve startup time and JSP compilation time.
09-Dec-2025 12:39:24.641 INFO [main] org.apache.catalina.startup.HostConfig.deployDirectory Deployment of web application directory [/home/infoetu/baptiste.lavogiez.etu/ctp-web/tomcat/webapps/host-manager] has finished in [47] ms
09-Dec-2025 12:39:24.641 INFO [main] org.apache.catalina.startup.HostConfig.deployDirectory Deploying web application directory [/home/infoetu/baptiste.lavogiez.etu/ctp-web/tomcat/webapps/vide]
09-Dec-2025 12:39:24.692 INFO [main] org.apache.jasper.servlet.TldScanner.scanJars At least one JAR was scanned for TLDs yet contained no TLDs. Enable debug logging for this logger for a complete list of JARs that were scanned but no TLDs were found in them. Skipping unneeded JARs during scanning can improve startup time and JSP compilation time.
09-Dec-2025 12:39:24.694 INFO [main] org.apache.catalina.startup.HostConfig.deployDirectory Deployment of web application directory [/home/infoetu/baptiste.lavogiez.etu/ctp-web/tomcat/webapps/vide] has finished in [53] ms
09-Dec-2025 12:39:24.694 INFO [main] org.apache.catalina.startup.HostConfig.deployDirectory Deploying web application directory [/home/infoetu/baptiste.lavogiez.etu/ctp-web/tomcat/webapps/examples]
09-Dec-2025 12:39:24.887 INFO [main] org.apache.jasper.servlet.TldScanner.scanJars At least one JAR was scanned for TLDs yet contained no TLDs. Enable debug logging for this logger for a complete list of JARs that were scanned but no TLDs were found in them. Skipping unneeded JARs during scanning can improve startup time and JSP compilation time.
09-Dec-2025 12:39:24.903 INFO [main] org.apache.catalina.startup.HostConfig.deployDirectory Deployment of web application directory [/home/infoetu/baptiste.lavogiez.etu/ctp-web/tomcat/webapps/examples] has finished in [209] ms
09-Dec-2025 12:39:24.905 INFO [main] org.apache.coyote.AbstractProtocol.start Starting ProtocolHandler ["http-nio-8080"]
09-Dec-2025 12:39:24.911 INFO [main] org.apache.catalina.startup.Catalina.start Server startup in [636] milliseconds
09-Dec-2025 12:39:54.925 INFO [Catalina-utility-2] org.apache.catalina.core.StandardContext.reload Reloading Context with name [/vide] has started
09-Dec-2025 12:39:54.988 INFO [Catalina-utility-2] org.apache.jasper.servlet.TldScanner.scanJars At least one JAR was scanned for TLDs yet contained no TLDs. Enable debug logging for this logger for a complete list of JARs that were scanned but no TLDs were found in them. Skipping unneeded JARs during scanning can improve startup time and JSP compilation time.
09-Dec-2025 12:39:54.989 INFO [Catalina-utility-2] org.apache.catalina.core.StandardContext.reload Reloading Context with name [/vide] is completed
09-Dec-2025 12:40:04.995 INFO [Catalina-utility-2] org.apache.catalina.core.StandardContext.reload Reloading Context with name [/vide] has started
09-Dec-2025 12:40:05.060 INFO [Catalina-utility-2] org.apache.jasper.servlet.TldScanner.scanJars At least one JAR was scanned for TLDs yet contained no TLDs. Enable debug logging for this logger for a complete list of JARs that were scanned but no TLDs were found in them. Skipping unneeded JARs during scanning can improve startup time and JSP compilation time.
09-Dec-2025 12:40:05.061 INFO [Catalina-utility-2] org.apache.catalina.core.StandardContext.reload Reloading Context with name [/vide] is completed
09-Dec-2025 12:40:15.065 INFO [Catalina-utility-2] org.apache.catalina.core.StandardContext.reload Reloading Context with name [/vide] has started
09-Dec-2025 12:40:15.130 INFO [Catalina-utility-2] org.apache.jasper.servlet.TldScanner.scanJars At least one JAR was scanned for TLDs yet contained no TLDs. Enable debug logging for this logger for a complete list of JARs that were scanned but no TLDs were found in them. Skipping unneeded JARs during scanning can improve startup time and JSP compilation time.
09-Dec-2025 12:40:15.131 INFO [Catalina-utility-2] org.apache.catalina.core.StandardContext.reload Reloading Context with name [/vide] is completed
09-Dec-2025 12:40:35.147 INFO [Catalina-utility-2] org.apache.catalina.core.StandardContext.reload Reloading Context with name [/vide] has started
09-Dec-2025 12:40:35.213 INFO [Catalina-utility-2] org.apache.jasper.servlet.TldScanner.scanJars At least one JAR was scanned for TLDs yet contained no TLDs. Enable debug logging for this logger for a complete list of JARs that were scanned but no TLDs were found in them. Skipping unneeded JARs during scanning can improve startup time and JSP compilation time.
09-Dec-2025 12:40:35.213 INFO [Catalina-utility-2] org.apache.catalina.core.StandardContext.reload Reloading Context with name [/vide] is completed
09-Dec-2025 12:49:33.685 INFO [Thread-1] org.apache.coyote.AbstractProtocol.pause Pausing ProtocolHandler ["http-nio-8080"]
09-Dec-2025 12:49:33.685 INFO [Thread-1] org.apache.catalina.core.StandardService.stopInternal Stopping service [Catalina]
09-Dec-2025 12:49:33.695 INFO [Thread-1] org.apache.coyote.AbstractProtocol.stop Stopping ProtocolHandler ["http-nio-8080"]
09-Dec-2025 12:49:33.698 INFO [Thread-1] org.apache.coyote.AbstractProtocol.destroy Destroying ProtocolHandler ["http-nio-8080"]
09-Dec-2025 12:51:16.163 INFO [main] org.apache.catalina.startup.VersionLoggerListener.log Server version name:   Apache Tomcat/11.0.13
09-Dec-2025 12:51:16.165 INFO [main] org.apache.catalina.startup.VersionLoggerListener.log Server built:          Oct 10 2025 13:57:31 UTC
09-Dec-2025 12:51:16.165 INFO [main] org.apache.catalina.startup.VersionLoggerListener.log Server version number: 11.0.13.0
09-Dec-2025 12:51:16.165 INFO [main] org.apache.catalina.startup.VersionLoggerListener.log OS Name:               Linux
09-Dec-2025 12:51:16.166 INFO [main] org.apache.catalina.startup.VersionLoggerListener.log OS Version:            6.1.0-40-amd64
09-Dec-2025 12:51:16.166 INFO [main] org.apache.catalina.startup.VersionLoggerListener.log Architecture:          amd64
09-Dec-2025 12:51:16.166 INFO [main] org.apache.catalina.startup.VersionLoggerListener.log Java Home:             /usr/lib/jvm/java-17-openjdk-amd64
09-Dec-2025 12:51:16.166 INFO [main] org.apache.catalina.startup.VersionLoggerListener.log JVM Version:           17.0.17+10-Debian-1deb12u1
09-Dec-2025 12:51:16.166 INFO [main] org.apache.catalina.startup.VersionLoggerListener.log JVM Vendor:            Debian
09-Dec-2025 12:51:16.166 INFO [main] org.apache.catalina.startup.VersionLoggerListener.log CATALINA_BASE:         /home/infoetu/baptiste.lavogiez.etu/ctp-web/tomcat
09-Dec-2025 12:51:16.166 INFO [main] org.apache.catalina.startup.VersionLoggerListener.log CATALINA_HOME:         /home/infoetu/baptiste.lavogiez.etu/ctp-web/tomcat
09-Dec-2025 12:51:16.169 INFO [main] org.apache.catalina.startup.VersionLoggerListener.log Command line argument: -Djava.util.logging.config.file=/home/infoetu/baptiste.lavogiez.etu/ctp-web/tomcat/conf/logging.properties
09-Dec-2025 12:51:16.169 INFO [main] org.apache.catalina.startup.VersionLoggerListener.log Command line argument: -Djava.util.logging.manager=org.apache.juli.ClassLoaderLogManager
09-Dec-2025 12:51:16.169 INFO [main] org.apache.catalina.startup.VersionLoggerListener.log Command line argument: -Djdk.tls.ephemeralDHKeySize=2048
09-Dec-2025 12:51:16.169 INFO [main] org.apache.catalina.startup.VersionLoggerListener.log Command line argument: -Dorg.apache.catalina.security.SecurityListener.UMASK=0027
09-Dec-2025 12:51:16.170 INFO [main] org.apache.catalina.startup.VersionLoggerListener.log Command line argument: --add-opens=java.base/java.lang=ALL-UNNAMED
09-Dec-2025 12:51:16.170 INFO [main] org.apache.catalina.startup.VersionLoggerListener.log Command line argument: --add-opens=java.base/java.lang.reflect=ALL-UNNAMED
09-Dec-2025 12:51:16.170 INFO [main] org.apache.catalina.startup.VersionLoggerListener.log Command line argument: --add-opens=java.base/java.io=ALL-UNNAMED
09-Dec-2025 12:51:16.170 INFO [main] org.apache.catalina.startup.VersionLoggerListener.log Command line argument: --add-opens=java.base/java.util=ALL-UNNAMED
09-Dec-2025 12:51:16.170 INFO [main] org.apache.catalina.startup.VersionLoggerListener.log Command line argument: --add-opens=java.base/java.util.concurrent=ALL-UNNAMED
09-Dec-2025 12:51:16.170 INFO [main] org.apache.catalina.startup.VersionLoggerListener.log Command line argument: --add-opens=java.rmi/sun.rmi.transport=ALL-UNNAMED
09-Dec-2025 12:51:16.170 INFO [main] org.apache.catalina.startup.VersionLoggerListener.log Command line argument: --enable-native-access=ALL-UNNAMED
09-Dec-2025 12:51:16.170 INFO [main] org.apache.catalina.startup.VersionLoggerListener.log Command line argument: -Dcatalina.base=/home/infoetu/baptiste.lavogiez.etu/ctp-web/tomcat
09-Dec-2025 12:51:16.170 INFO [main] org.apache.catalina.startup.VersionLoggerListener.log Command line argument: -Dcatalina.home=/home/infoetu/baptiste.lavogiez.etu/ctp-web/tomcat
09-Dec-2025 12:51:16.170 INFO [main] org.apache.catalina.startup.VersionLoggerListener.log Command line argument: -Djava.io.tmpdir=/home/infoetu/baptiste.lavogiez.etu/ctp-web/tomcat/temp
09-Dec-2025 12:51:16.171 INFO [main] org.apache.catalina.core.AprLifecycleListener.lifecycleEvent The Apache Tomcat Native library which allows using OpenSSL was not found on the java.library.path: [/usr/java/packages/lib:/usr/lib/x86_64-linux-gnu/jni:/lib/x86_64-linux-gnu:/usr/lib/x86_64-linux-gnu:/usr/lib/jni:/lib:/usr/lib]
09-Dec-2025 12:51:16.275 INFO [main] org.apache.coyote.AbstractProtocol.init Initializing ProtocolHandler ["http-nio-8080"]
09-Dec-2025 12:51:16.285 INFO [main] org.apache.catalina.startup.Catalina.load Server initialization in [196] milliseconds
09-Dec-2025 12:51:16.303 INFO [main] org.apache.catalina.core.StandardService.startInternal Starting service [Catalina]
09-Dec-2025 12:51:16.303 INFO [main] org.apache.catalina.core.StandardEngine.startInternal Starting Servlet engine: [Apache Tomcat/11.0.13]
09-Dec-2025 12:51:16.309 INFO [main] org.apache.catalina.startup.HostConfig.deployDirectory Deploying web application directory [/home/infoetu/baptiste.lavogiez.etu/ctp-web/tomcat/webapps/ROOT]
09-Dec-2025 12:51:16.482 INFO [main] org.apache.jasper.servlet.TldScanner.scanJars At least one JAR was scanned for TLDs yet contained no TLDs. Enable debug logging for this logger for a complete list of JARs that were scanned but no TLDs were found in them. Skipping unneeded JARs during scanning can improve startup time and JSP compilation time.
09-Dec-2025 12:51:16.499 INFO [main] org.apache.catalina.startup.HostConfig.deployDirectory Deployment of web application directory [/home/infoetu/baptiste.lavogiez.etu/ctp-web/tomcat/webapps/ROOT] has finished in [190] ms
09-Dec-2025 12:51:16.500 INFO [main] org.apache.catalina.startup.HostConfig.deployDirectory Deploying web application directory [/home/infoetu/baptiste.lavogiez.etu/ctp-web/tomcat/webapps/docs]
09-Dec-2025 12:51:16.551 INFO [main] org.apache.jasper.servlet.TldScanner.scanJars At least one JAR was scanned for TLDs yet contained no TLDs. Enable debug logging for this logger for a complete list of JARs that were scanned but no TLDs were found in them. Skipping unneeded JARs during scanning can improve startup time and JSP compilation time.
09-Dec-2025 12:51:16.552 INFO [main] org.apache.catalina.startup.HostConfig.deployDirectory Deployment of web application directory [/home/infoetu/baptiste.lavogiez.etu/ctp-web/tomcat/webapps/docs] has finished in [51] ms
09-Dec-2025 12:51:16.552 INFO [main] org.apache.catalina.startup.HostConfig.deployDirectory Deploying web application directory [/home/infoetu/baptiste.lavogiez.etu/ctp-web/tomcat/webapps/manager]
09-Dec-2025 12:51:16.603 INFO [main] org.apache.jasper.servlet.TldScanner.scanJars At least one JAR was scanned for TLDs yet contained no TLDs. Enable debug logging for this logger for a complete list of JARs that were scanned but no TLDs were found in them. Skipping unneeded JARs during scanning can improve startup time and JSP compilation time.
09-Dec-2025 12:51:16.606 INFO [main] org.apache.catalina.startup.HostConfig.deployDirectory Deployment of web application directory [/home/infoetu/baptiste.lavogiez.etu/ctp-web/tomcat/webapps/manager] has finished in [54] ms
09-Dec-2025 12:51:16.607 INFO [main] org.apache.catalina.startup.HostConfig.deployDirectory Deploying web application directory [/home/infoetu/baptiste.lavogiez.etu/ctp-web/tomcat/webapps/host-manager]
09-Dec-2025 12:51:16.654 INFO [main] org.apache.jasper.servlet.TldScanner.scanJars At least one JAR was scanned for TLDs yet contained no TLDs. Enable debug logging for this logger for a complete list of JARs that were scanned but no TLDs were found in them. Skipping unneeded JARs during scanning can improve startup time and JSP compilation time.
09-Dec-2025 12:51:16.655 INFO [main] org.apache.catalina.startup.HostConfig.deployDirectory Deployment of web application directory [/home/infoetu/baptiste.lavogiez.etu/ctp-web/tomcat/webapps/host-manager] has finished in [48] ms
09-Dec-2025 12:51:16.655 INFO [main] org.apache.catalina.startup.HostConfig.deployDirectory Deploying web application directory [/home/infoetu/baptiste.lavogiez.etu/ctp-web/tomcat/webapps/vide]
09-Dec-2025 12:51:16.709 INFO [main] org.apache.jasper.servlet.TldScanner.scanJars At least one JAR was scanned for TLDs yet contained no TLDs. Enable debug logging for this logger for a complete list of JARs that were scanned but no TLDs were found in them. Skipping unneeded JARs during scanning can improve startup time and JSP compilation time.
09-Dec-2025 12:51:16.711 INFO [main] org.apache.catalina.startup.HostConfig.deployDirectory Deployment of web application directory [/home/infoetu/baptiste.lavogiez.etu/ctp-web/tomcat/webapps/vide] has finished in [56] ms
09-Dec-2025 12:51:16.712 INFO [main] org.apache.catalina.startup.HostConfig.deployDirectory Deploying web application directory [/home/infoetu/baptiste.lavogiez.etu/ctp-web/tomcat/webapps/examples]
09-Dec-2025 12:51:16.919 INFO [main] org.apache.jasper.servlet.TldScanner.scanJars At least one JAR was scanned for TLDs yet contained no TLDs. Enable debug logging for this logger for a complete list of JARs that were scanned but no TLDs were found in them. Skipping unneeded JARs during scanning can improve startup time and JSP compilation time.
09-Dec-2025 12:51:16.933 INFO [main] org.apache.catalina.startup.HostConfig.deployDirectory Deployment of web application directory [/home/infoetu/baptiste.lavogiez.etu/ctp-web/tomcat/webapps/examples] has finished in [221] ms
09-Dec-2025 12:51:16.935 INFO [main] org.apache.coyote.AbstractProtocol.start Starting ProtocolHandler ["http-nio-8080"]
09-Dec-2025 12:51:16.941 INFO [main] org.apache.catalina.startup.Catalina.start Server startup in [656] milliseconds
09-Dec-2025 12:51:26.940 INFO [Catalina-utility-1] org.apache.catalina.core.StandardContext.reload Reloading Context with name [/vide] has started
09-Dec-2025 12:51:26.997 INFO [Catalina-utility-1] org.apache.jasper.servlet.TldScanner.scanJars At least one JAR was scanned for TLDs yet contained no TLDs. Enable debug logging for this logger for a complete list of JARs that were scanned but no TLDs were found in them. Skipping unneeded JARs during scanning can improve startup time and JSP compilation time.
09-Dec-2025 12:51:26.998 INFO [Catalina-utility-1] org.apache.catalina.core.StandardContext.reload Reloading Context with name [/vide] is completed
09-Dec-2025 12:56:47.202 INFO [Catalina-utility-2] org.apache.catalina.core.StandardContext.reload Reloading Context with name [/vide] has started
09-Dec-2025 12:56:47.282 INFO [Catalina-utility-2] org.apache.jasper.servlet.TldScanner.scanJars At least one JAR was scanned for TLDs yet contained no TLDs. Enable debug logging for this logger for a complete list of JARs that were scanned but no TLDs were found in them. Skipping unneeded JARs during scanning can improve startup time and JSP compilation time.
09-Dec-2025 12:56:47.283 INFO [Catalina-utility-2] org.apache.catalina.core.StandardContext.reload Reloading Context with name [/vide] is completed
09-Dec-2025 12:56:57.285 INFO [Catalina-utility-2] org.apache.catalina.core.StandardContext.reload Reloading Context with name [/vide] has started
09-Dec-2025 12:56:57.335 INFO [Catalina-utility-2] org.apache.jasper.servlet.TldScanner.scanJars At least one JAR was scanned for TLDs yet contained no TLDs. Enable debug logging for this logger for a complete list of JARs that were scanned but no TLDs were found in them. Skipping unneeded JARs during scanning can improve startup time and JSP compilation time.
09-Dec-2025 12:56:57.336 INFO [Catalina-utility-2] org.apache.catalina.core.StandardContext.reload Reloading Context with name [/vide] is completed
09-Dec-2025 12:57:17.356 INFO [Catalina-utility-2] org.apache.catalina.core.StandardContext.reload Reloading Context with name [/vide] has started
09-Dec-2025 12:57:17.423 INFO [Catalina-utility-2] org.apache.jasper.servlet.TldScanner.scanJars At least one JAR was scanned for TLDs yet contained no TLDs. Enable debug logging for this logger for a complete list of JARs that were scanned but no TLDs were found in them. Skipping unneeded JARs during scanning can improve startup time and JSP compilation time.
09-Dec-2025 12:57:17.424 INFO [Catalina-utility-2] org.apache.catalina.core.StandardContext.reload Reloading Context with name [/vide] is completed
09-Dec-2025 12:57:37.430 INFO [Catalina-utility-2] org.apache.catalina.core.StandardContext.reload Reloading Context with name [/vide] has started
09-Dec-2025 12:57:37.483 INFO [Catalina-utility-2] org.apache.jasper.servlet.TldScanner.scanJars At least one JAR was scanned for TLDs yet contained no TLDs. Enable debug logging for this logger for a complete list of JARs that were scanned but no TLDs were found in them. Skipping unneeded JARs during scanning can improve startup time and JSP compilation time.
09-Dec-2025 12:57:37.484 INFO [Catalina-utility-2] org.apache.catalina.core.StandardContext.reload Reloading Context with name [/vide] is completed
09-Dec-2025 12:58:27.516 INFO [Catalina-utility-2] org.apache.catalina.core.StandardContext.reload Reloading Context with name [/vide] has started
09-Dec-2025 12:58:27.596 INFO [Catalina-utility-2] org.apache.jasper.servlet.TldScanner.scanJars At least one JAR was scanned for TLDs yet contained no TLDs. Enable debug logging for this logger for a complete list of JARs that were scanned but no TLDs were found in them. Skipping unneeded JARs during scanning can improve startup time and JSP compilation time.
09-Dec-2025 12:58:27.597 INFO [Catalina-utility-2] org.apache.catalina.core.StandardContext.reload Reloading Context with name [/vide] is completed
09-Dec-2025 12:59:27.642 INFO [Catalina-utility-1] org.apache.catalina.core.StandardContext.reload Reloading Context with name [/vide] has started
09-Dec-2025 12:59:27.716 INFO [Catalina-utility-1] org.apache.jasper.servlet.TldScanner.scanJars At least one JAR was scanned for TLDs yet contained no TLDs. Enable debug logging for this logger for a complete list of JARs that were scanned but no TLDs were found in them. Skipping unneeded JARs during scanning can improve startup time and JSP compilation time.
09-Dec-2025 12:59:27.717 INFO [Catalina-utility-1] org.apache.catalina.core.StandardContext.reload Reloading Context with name [/vide] is completed
09-Dec-2025 13:02:27.834 INFO [Catalina-utility-2] org.apache.catalina.core.StandardContext.reload Reloading Context with name [/vide] has started
09-Dec-2025 13:02:27.907 INFO [Catalina-utility-2] org.apache.jasper.servlet.TldScanner.scanJars At least one JAR was scanned for TLDs yet contained no TLDs. Enable debug logging for this logger for a complete list of JARs that were scanned but no TLDs were found in them. Skipping unneeded JARs during scanning can improve startup time and JSP compilation time.
09-Dec-2025 13:02:27.908 INFO [Catalina-utility-2] org.apache.catalina.core.StandardContext.reload Reloading Context with name [/vide] is completed
09-Dec-2025 13:02:47.916 INFO [Catalina-utility-2] org.apache.catalina.core.StandardContext.reload Reloading Context with name [/vide] has started
09-Dec-2025 13:02:47.971 INFO [Catalina-utility-2] org.apache.jasper.servlet.TldScanner.scanJars At least one JAR was scanned for TLDs yet contained no TLDs. Enable debug logging for this logger for a complete list of JARs that were scanned but no TLDs were found in them. Skipping unneeded JARs during scanning can improve startup time and JSP compilation time.
09-Dec-2025 13:02:47.972 INFO [Catalina-utility-2] org.apache.catalina.core.StandardContext.reload Reloading Context with name [/vide] is completed
09-Dec-2025 13:03:17.996 INFO [Catalina-utility-2] org.apache.catalina.core.StandardContext.reload Reloading Context with name [/vide] has started
09-Dec-2025 13:03:18.063 INFO [Catalina-utility-2] org.apache.jasper.servlet.TldScanner.scanJars At least one JAR was scanned for TLDs yet contained no TLDs. Enable debug logging for this logger for a complete list of JARs that were scanned but no TLDs were found in them. Skipping unneeded JARs during scanning can improve startup time and JSP compilation time.
09-Dec-2025 13:03:18.064 INFO [Catalina-utility-2] org.apache.catalina.core.StandardContext.reload Reloading Context with name [/vide] is completed
09-Dec-2025 13:04:58.122 INFO [Catalina-utility-2] org.apache.catalina.core.StandardContext.reload Reloading Context with name [/vide] has started
09-Dec-2025 13:04:58.201 INFO [Catalina-utility-2] org.apache.jasper.servlet.TldScanner.scanJars At least one JAR was scanned for TLDs yet contained no TLDs. Enable debug logging for this logger for a complete list of JARs that were scanned but no TLDs were found in them. Skipping unneeded JARs during scanning can improve startup time and JSP compilation time.
09-Dec-2025 13:04:58.202 INFO [Catalina-utility-2] org.apache.catalina.core.StandardContext.reload Reloading Context with name [/vide] is completed
09-Dec-2025 13:05:18.218 INFO [Catalina-utility-2] org.apache.catalina.core.StandardContext.reload Reloading Context with name [/vide] has started
09-Dec-2025 13:05:18.289 INFO [Catalina-utility-2] org.apache.jasper.servlet.TldScanner.scanJars At least one JAR was scanned for TLDs yet contained no TLDs. Enable debug logging for this logger for a complete list of JARs that were scanned but no TLDs were found in them. Skipping unneeded JARs during scanning can improve startup time and JSP compilation time.
09-Dec-2025 13:05:18.290 INFO [Catalina-utility-2] org.apache.catalina.core.StandardContext.reload Reloading Context with name [/vide] is completed
09-Dec-2025 13:05:28.293 INFO [Catalina-utility-2] org.apache.catalina.core.StandardContext.reload Reloading Context with name [/vide] has started
09-Dec-2025 13:05:28.351 INFO [Catalina-utility-2] org.apache.jasper.servlet.TldScanner.scanJars At least one JAR was scanned for TLDs yet contained no TLDs. Enable debug logging for this logger for a complete list of JARs that were scanned but no TLDs were found in them. Skipping unneeded JARs during scanning can improve startup time and JSP compilation time.
09-Dec-2025 13:05:28.352 INFO [Catalina-utility-2] org.apache.catalina.core.StandardContext.reload Reloading Context with name [/vide] is completed
09-Dec-2025 13:05:38.356 INFO [Catalina-utility-1] org.apache.catalina.core.StandardContext.reload Reloading Context with name [/vide] has started
09-Dec-2025 13:05:38.415 INFO [Catalina-utility-1] org.apache.jasper.servlet.TldScanner.scanJars At least one JAR was scanned for TLDs yet contained no TLDs. Enable debug logging for this logger for a complete list of JARs that were scanned but no TLDs were found in them. Skipping unneeded JARs during scanning can improve startup time and JSP compilation time.
09-Dec-2025 13:05:38.416 INFO [Catalina-utility-1] org.apache.catalina.core.StandardContext.reload Reloading Context with name [/vide] is completed
09-Dec-2025 13:07:08.463 INFO [Catalina-utility-2] org.apache.catalina.core.StandardContext.reload Reloading Context with name [/vide] has started
09-Dec-2025 13:07:08.554 INFO [Catalina-utility-2] org.apache.jasper.servlet.TldScanner.scanJars At least one JAR was scanned for TLDs yet contained no TLDs. Enable debug logging for this logger for a complete list of JARs that were scanned but no TLDs were found in them. Skipping unneeded JARs during scanning can improve startup time and JSP compilation time.
09-Dec-2025 13:07:08.555 INFO [Catalina-utility-2] org.apache.catalina.core.StandardContext.reload Reloading Context with name [/vide] is completed
09-Dec-2025 13:07:48.582 INFO [Catalina-utility-1] org.apache.catalina.core.StandardContext.reload Reloading Context with name [/vide] has started
09-Dec-2025 13:07:48.640 INFO [Catalina-utility-1] org.apache.jasper.servlet.TldScanner.scanJars At least one JAR was scanned for TLDs yet contained no TLDs. Enable debug logging for this logger for a complete list of JARs that were scanned but no TLDs were found in them. Skipping unneeded JARs during scanning can improve startup time and JSP compilation time.
09-Dec-2025 13:07:48.641 INFO [Catalina-utility-1] org.apache.catalina.core.StandardContext.reload Reloading Context with name [/vide] is completed
09-Dec-2025 13:10:58.758 INFO [Catalina-utility-2] org.apache.catalina.core.StandardContext.reload Reloading Context with name [/vide] has started
09-Dec-2025 13:10:58.838 INFO [Catalina-utility-2] org.apache.jasper.servlet.TldScanner.scanJars At least one JAR was scanned for TLDs yet contained no TLDs. Enable debug logging for this logger for a complete list of JARs that were scanned but no TLDs were found in them. Skipping unneeded JARs during scanning can improve startup time and JSP compilation time.
09-Dec-2025 13:10:58.838 INFO [Catalina-utility-2] org.apache.catalina.core.StandardContext.reload Reloading Context with name [/vide] is completed
09-Dec-2025 13:16:09.019 INFO [Catalina-utility-1] org.apache.catalina.core.StandardContext.reload Reloading Context with name [/vide] has started
09-Dec-2025 13:16:09.089 INFO [Catalina-utility-1] org.apache.jasper.servlet.TldScanner.scanJars At least one JAR was scanned for TLDs yet contained no TLDs. Enable debug logging for this logger for a complete list of JARs that were scanned but no TLDs were found in them. Skipping unneeded JARs during scanning can improve startup time and JSP compilation time.
09-Dec-2025 13:16:09.090 INFO [Catalina-utility-1] org.apache.catalina.core.StandardContext.reload Reloading Context with name [/vide] is completed
09-Dec-2025 13:16:29.104 INFO [Catalina-utility-1] org.apache.catalina.core.StandardContext.reload Reloading Context with name [/vide] has started
09-Dec-2025 13:16:29.162 INFO [Catalina-utility-1] org.apache.jasper.servlet.TldScanner.scanJars At least one JAR was scanned for TLDs yet contained no TLDs. Enable debug logging for this logger for a complete list of JARs that were scanned but no TLDs were found in them. Skipping unneeded JARs during scanning can improve startup time and JSP compilation time.
09-Dec-2025 13:16:29.163 INFO [Catalina-utility-1] org.apache.catalina.core.StandardContext.reload Reloading Context with name [/vide] is completed
09-Dec-2025 13:17:37.636 INFO [Thread-1] org.apache.coyote.AbstractProtocol.pause Pausing ProtocolHandler ["http-nio-8080"]
09-Dec-2025 13:17:37.638 INFO [Thread-1] org.apache.catalina.core.StandardService.stopInternal Stopping service [Catalina]
09-Dec-2025 13:17:37.666 INFO [Thread-1] org.apache.coyote.AbstractProtocol.stop Stopping ProtocolHandler ["http-nio-8080"]
09-Dec-2025 13:17:37.674 INFO [Thread-1] org.apache.coyote.AbstractProtocol.destroy Destroying ProtocolHandler ["http-nio-8080"]
