12-Dec-2025 13:22:30.326 INFO [main] org.apache.catalina.core.ApplicationContext.log ContextListener: contextInitialized()
12-Dec-2025 13:22:30.326 INFO [main] org.apache.catalina.core.ApplicationContext.log SessionListener: contextInitialized()
12-Dec-2025 13:22:30.327 INFO [main] org.apache.catalina.core.ApplicationContext.log ContextListener: attributeAdded('StockTicker', 'async.Stockticker@3fa7df1')
12-Dec-2025 13:24:14.893 INFO [Thread-1] org.apache.catalina.core.ApplicationContext.log SessionListener: contextDestroyed()
12-Dec-2025 13:24:14.893 INFO [Thread-1] org.apache.catalina.core.ApplicationContext.log ContextListener: contextDestroyed()
12-Dec-2025 13:24:16.507 INFO [main] org.apache.catalina.core.ApplicationContext.log ContextListener: contextInitialized()
12-Dec-2025 13:24:16.507 INFO [main] org.apache.catalina.core.ApplicationContext.log SessionListener: contextInitialized()
12-Dec-2025 13:24:16.508 INFO [main] org.apache.catalina.core.ApplicationContext.log ContextListener: attributeAdded('StockTicker', 'async.Stockticker@5f5827d0')
12-Dec-2025 13:24:41.910 INFO [Thread-1] org.apache.catalina.core.ApplicationContext.log SessionListener: contextDestroyed()
12-Dec-2025 13:24:41.910 INFO [Thread-1] org.apache.catalina.core.ApplicationContext.log ContextListener: contextDestroyed()
12-Dec-2025 13:24:43.683 INFO [main] org.apache.catalina.core.ApplicationContext.log ContextListener: contextInitialized()
12-Dec-2025 13:24:43.684 INFO [main] org.apache.catalina.core.ApplicationContext.log SessionListener: contextInitialized()
12-Dec-2025 13:24:43.685 INFO [main] org.apache.catalina.core.ApplicationContext.log ContextListener: attributeAdded('StockTicker', 'async.Stockticker@3fa7df1')
12-Dec-2025 13:25:13.096 INFO [Thread-1] org.apache.catalina.core.ApplicationContext.log SessionListener: contextDestroyed()
12-Dec-2025 13:25:13.096 INFO [Thread-1] org.apache.catalina.core.ApplicationContext.log ContextListener: contextDestroyed()
12-Dec-2025 13:25:14.899 INFO [main] org.apache.catalina.core.ApplicationContext.log ContextListener: contextInitialized()
12-Dec-2025 13:25:14.899 INFO [main] org.apache.catalina.core.ApplicationContext.log SessionListener: contextInitialized()
12-Dec-2025 13:25:14.900 INFO [main] org.apache.catalina.core.ApplicationContext.log ContextListener: attributeAdded('StockTicker', 'async.Stockticker@5f5827d0')
12-Dec-2025 13:27:01.650 INFO [Thread-1] org.apache.catalina.core.ApplicationContext.log SessionListener: contextDestroyed()
12-Dec-2025 13:27:01.650 INFO [Thread-1] org.apache.catalina.core.ApplicationContext.log ContextListener: contextDestroyed()
12-Dec-2025 13:32:02.199 INFO [main] org.apache.catalina.core.ApplicationContext.log ContextListener: contextInitialized()
12-Dec-2025 13:32:02.200 INFO [main] org.apache.catalina.core.ApplicationContext.log SessionListener: contextInitialized()
12-Dec-2025 13:32:02.201 INFO [main] org.apache.catalina.core.ApplicationContext.log ContextListener: attributeAdded('StockTicker', 'async.Stockticker@72a2312e')
12-Dec-2025 13:40:19.887 INFO [Thread-1] org.apache.catalina.core.ApplicationContext.log SessionListener: contextDestroyed()
12-Dec-2025 13:40:19.887 INFO [Thread-1] org.apache.catalina.core.ApplicationContext.log ContextListener: contextDestroyed()
12-Dec-2025 13:40:21.495 INFO [main] org.apache.catalina.core.ApplicationContext.log ContextListener: contextInitialized()
12-Dec-2025 13:40:21.495 INFO [main] org.apache.catalina.core.ApplicationContext.log SessionListener: contextInitialized()
12-Dec-2025 13:40:21.496 INFO [main] org.apache.catalina.core.ApplicationContext.log ContextListener: attributeAdded('StockTicker', 'async.Stockticker@3fa7df1')
12-Dec-2025 13:40:55.551 INFO [Thread-1] org.apache.catalina.core.ApplicationContext.log SessionListener: contextDestroyed()
12-Dec-2025 13:40:55.551 INFO [Thread-1] org.apache.catalina.core.ApplicationContext.log ContextListener: contextDestroyed()
12-Dec-2025 13:40:57.336 INFO [main] org.apache.catalina.core.ApplicationContext.log ContextListener: contextInitialized()
12-Dec-2025 13:40:57.336 INFO [main] org.apache.catalina.core.ApplicationContext.log SessionListener: contextInitialized()
12-Dec-2025 13:40:57.337 INFO [main] org.apache.catalina.core.ApplicationContext.log ContextListener: attributeAdded('StockTicker', 'async.Stockticker@4337afd')
12-Dec-2025 16:20:11.409 INFO [Thread-1] org.apache.catalina.core.ApplicationContext.log SessionListener: contextDestroyed()
12-Dec-2025 16:20:11.409 INFO [Thread-1] org.apache.catalina.core.ApplicationContext.log ContextListener: contextDestroyed()
12-Dec-2025 16:45:01.335 INFO [main] org.apache.catalina.core.ApplicationContext.log ContextListener: contextInitialized()
12-Dec-2025 16:45:01.335 INFO [main] org.apache.catalina.core.ApplicationContext.log SessionListener: contextInitialized()
12-Dec-2025 16:45:01.336 INFO [main] org.apache.catalina.core.ApplicationContext.log ContextListener: attributeAdded('StockTicker', 'async.Stockticker@5f5827d0')
12-Dec-2025 16:47:34.910 INFO [Thread-1] org.apache.catalina.core.ApplicationContext.log SessionListener: contextDestroyed()
12-Dec-2025 16:47:34.910 INFO [Thread-1] org.apache.catalina.core.ApplicationContext.log ContextListener: contextDestroyed()
12-Dec-2025 16:47:36.324 INFO [main] org.apache.catalina.core.ApplicationContext.log ContextListener: contextInitialized()
12-Dec-2025 16:47:36.325 INFO [main] org.apache.catalina.core.ApplicationContext.log SessionListener: contextInitialized()
12-Dec-2025 16:47:36.326 INFO [main] org.apache.catalina.core.ApplicationContext.log ContextListener: attributeAdded('StockTicker', 'async.Stockticker@5261ec9')
12-Dec-2025 16:47:53.222 SEVERE [http-nio-8080-exec-8] org.apache.catalina.core.StandardWrapperValve.invoke Servlet.service() for servlet [ServletRetirerPanier] in context with path [/ctp] threw exception
	java.lang.IndexOutOfBoundsException: Index 2 out of bounds for length 2
		at java.base/jdk.internal.util.Preconditions.outOfBounds(Preconditions.java:64)
		at java.base/jdk.internal.util.Preconditions.outOfBoundsCheckIndex(Preconditions.java:70)
		at java.base/jdk.internal.util.Preconditions.checkIndex(Preconditions.java:266)
		at java.base/java.util.Objects.checkIndex(Objects.java:361)
		at java.base/java.util.ArrayList.remove(ArrayList.java:504)
		at ServletRetirerPanier.service(ServletRetirerPanier.java:39)
		at jakarta.servlet.http.HttpServlet.service(HttpServlet.java:710)
		at org.apache.catalina.core.ApplicationFilterChain.doFilter(ApplicationFilterChain.java:128)
		at org.apache.tomcat.websocket.server.WsFilter.doFilter(WsFilter.java:53)
		at org.apache.catalina.core.ApplicationFilterChain.doFilter(ApplicationFilterChain.java:107)
		at org.apache.catalina.core.StandardWrapperValve.invoke(StandardWrapperValve.java:165)
		at org.apache.catalina.core.StandardContextValve.invoke(StandardContextValve.java:77)
		at org.apache.catalina.authenticator.AuthenticatorBase.invoke(AuthenticatorBase.java:482)
		at org.apache.catalina.core.StandardHostValve.invoke(StandardHostValve.java:113)
		at org.apache.catalina.valves.ErrorReportValve.invoke(ErrorReportValve.java:83)
		at org.apache.catalina.valves.AbstractAccessLogValve.invoke(AbstractAccessLogValve.java:654)
		at org.apache.catalina.core.StandardEngineValve.invoke(StandardEngineValve.java:72)
		at org.apache.catalina.connector.CoyoteAdapter.service(CoyoteAdapter.java:341)
		at org.apache.coyote.http11.Http11Processor.service(Http11Processor.java:397)
		at org.apache.coyote.AbstractProcessorLight.process(AbstractProcessorLight.java:63)
		at org.apache.coyote.AbstractProtocol$ConnectionHandler.process(AbstractProtocol.java:903)
		at org.apache.tomcat.util.net.NioEndpoint$SocketProcessor.doRun(NioEndpoint.java:1778)
		at org.apache.tomcat.util.net.SocketProcessorBase.run(SocketProcessorBase.java:52)
		at org.apache.tomcat.util.threads.ThreadPoolExecutor.runWorker(ThreadPoolExecutor.java:946)
		at org.apache.tomcat.util.threads.ThreadPoolExecutor$Worker.run(ThreadPoolExecutor.java:480)
		at org.apache.tomcat.util.threads.TaskThread$WrappingRunnable.run(TaskThread.java:57)
		at java.base/java.lang.Thread.run(Thread.java:840)
12-Dec-2025 16:48:43.856 INFO [Thread-1] org.apache.catalina.core.ApplicationContext.log SessionListener: contextDestroyed()
12-Dec-2025 16:48:43.856 INFO [Thread-1] org.apache.catalina.core.ApplicationContext.log ContextListener: contextDestroyed()
12-Dec-2025 16:48:45.435 INFO [main] org.apache.catalina.core.ApplicationContext.log ContextListener: contextInitialized()
12-Dec-2025 16:48:45.435 INFO [main] org.apache.catalina.core.ApplicationContext.log SessionListener: contextInitialized()
12-Dec-2025 16:48:45.436 INFO [main] org.apache.catalina.core.ApplicationContext.log ContextListener: attributeAdded('StockTicker', 'async.Stockticker@64da6cbd')
12-Dec-2025 16:48:50.839 SEVERE [http-nio-8080-exec-4] org.apache.catalina.core.StandardWrapperValve.invoke Servlet.service() for servlet [ServletRetirerPanier] in context with path [/ctp] threw exception
	java.lang.IndexOutOfBoundsException: Index 2 out of bounds for length 1
		at java.base/jdk.internal.util.Preconditions.outOfBounds(Preconditions.java:64)
		at java.base/jdk.internal.util.Preconditions.outOfBoundsCheckIndex(Preconditions.java:70)
		at java.base/jdk.internal.util.Preconditions.checkIndex(Preconditions.java:266)
		at java.base/java.util.Objects.checkIndex(Objects.java:361)
		at java.base/java.util.ArrayList.remove(ArrayList.java:504)
		at ServletRetirerPanier.service(ServletRetirerPanier.java:36)
		at jakarta.servlet.http.HttpServlet.service(HttpServlet.java:710)
		at org.apache.catalina.core.ApplicationFilterChain.doFilter(ApplicationFilterChain.java:128)
		at org.apache.tomcat.websocket.server.WsFilter.doFilter(WsFilter.java:53)
		at org.apache.catalina.core.ApplicationFilterChain.doFilter(ApplicationFilterChain.java:107)
		at org.apache.catalina.core.StandardWrapperValve.invoke(StandardWrapperValve.java:165)
		at org.apache.catalina.core.StandardContextValve.invoke(StandardContextValve.java:77)
		at org.apache.catalina.authenticator.AuthenticatorBase.invoke(AuthenticatorBase.java:482)
		at org.apache.catalina.core.StandardHostValve.invoke(StandardHostValve.java:113)
		at org.apache.catalina.valves.ErrorReportValve.invoke(ErrorReportValve.java:83)
		at org.apache.catalina.valves.AbstractAccessLogValve.invoke(AbstractAccessLogValve.java:654)
		at org.apache.catalina.core.StandardEngineValve.invoke(StandardEngineValve.java:72)
		at org.apache.catalina.connector.CoyoteAdapter.service(CoyoteAdapter.java:341)
		at org.apache.coyote.http11.Http11Processor.service(Http11Processor.java:397)
		at org.apache.coyote.AbstractProcessorLight.process(AbstractProcessorLight.java:63)
		at org.apache.coyote.AbstractProtocol$ConnectionHandler.process(AbstractProtocol.java:903)
		at org.apache.tomcat.util.net.NioEndpoint$SocketProcessor.doRun(NioEndpoint.java:1778)
		at org.apache.tomcat.util.net.SocketProcessorBase.run(SocketProcessorBase.java:52)
		at org.apache.tomcat.util.threads.ThreadPoolExecutor.runWorker(ThreadPoolExecutor.java:946)
		at org.apache.tomcat.util.threads.ThreadPoolExecutor$Worker.run(ThreadPoolExecutor.java:480)
		at org.apache.tomcat.util.threads.TaskThread$WrappingRunnable.run(TaskThread.java:57)
		at java.base/java.lang.Thread.run(Thread.java:840)
12-Dec-2025 16:49:56.702 INFO [Thread-1] org.apache.catalina.core.ApplicationContext.log SessionListener: contextDestroyed()
12-Dec-2025 16:49:56.702 INFO [Thread-1] org.apache.catalina.core.ApplicationContext.log ContextListener: contextDestroyed()
12-Dec-2025 16:49:58.253 INFO [main] org.apache.catalina.core.ApplicationContext.log ContextListener: contextInitialized()
12-Dec-2025 16:49:58.253 INFO [main] org.apache.catalina.core.ApplicationContext.log SessionListener: contextInitialized()
12-Dec-2025 16:49:58.254 INFO [main] org.apache.catalina.core.ApplicationContext.log ContextListener: attributeAdded('StockTicker', 'async.Stockticker@65bb6275')
12-Dec-2025 16:50:46.491 INFO [Thread-1] org.apache.catalina.core.ApplicationContext.log SessionListener: contextDestroyed()
12-Dec-2025 16:50:46.491 INFO [Thread-1] org.apache.catalina.core.ApplicationContext.log ContextListener: contextDestroyed()
12-Dec-2025 16:50:48.046 INFO [main] org.apache.catalina.core.ApplicationContext.log ContextListener: contextInitialized()
12-Dec-2025 16:50:48.046 INFO [main] org.apache.catalina.core.ApplicationContext.log SessionListener: contextInitialized()
12-Dec-2025 16:50:48.047 INFO [main] org.apache.catalina.core.ApplicationContext.log ContextListener: attributeAdded('StockTicker', 'async.Stockticker@65bb6275')
12-Dec-2025 16:54:34.319 INFO [Thread-1] org.apache.catalina.core.ApplicationContext.log SessionListener: contextDestroyed()
12-Dec-2025 16:54:34.320 INFO [Thread-1] org.apache.catalina.core.ApplicationContext.log ContextListener: contextDestroyed()
12-Dec-2025 16:54:35.900 INFO [main] org.apache.catalina.core.ApplicationContext.log ContextListener: contextInitialized()
12-Dec-2025 16:54:35.900 INFO [main] org.apache.catalina.core.ApplicationContext.log SessionListener: contextInitialized()
12-Dec-2025 16:54:35.901 INFO [main] org.apache.catalina.core.ApplicationContext.log ContextListener: attributeAdded('StockTicker', 'async.Stockticker@65bb6275')
12-Dec-2025 16:59:56.016 INFO [Thread-1] org.apache.catalina.core.ApplicationContext.log SessionListener: contextDestroyed()
12-Dec-2025 16:59:56.016 INFO [Thread-1] org.apache.catalina.core.ApplicationContext.log ContextListener: contextDestroyed()
12-Dec-2025 16:59:57.642 INFO [main] org.apache.catalina.core.ApplicationContext.log ContextListener: contextInitialized()
12-Dec-2025 16:59:57.642 INFO [main] org.apache.catalina.core.ApplicationContext.log SessionListener: contextInitialized()
12-Dec-2025 16:59:57.643 INFO [main] org.apache.catalina.core.ApplicationContext.log ContextListener: attributeAdded('StockTicker', 'async.Stockticker@65bb6275')
12-Dec-2025 17:06:47.121 INFO [Thread-1] org.apache.catalina.core.ApplicationContext.log SessionListener: contextDestroyed()
12-Dec-2025 17:06:47.122 INFO [Thread-1] org.apache.catalina.core.ApplicationContext.log ContextListener: contextDestroyed()
12-Dec-2025 17:06:48.699 INFO [main] org.apache.catalina.core.ApplicationContext.log ContextListener: contextInitialized()
12-Dec-2025 17:06:48.699 INFO [main] org.apache.catalina.core.ApplicationContext.log SessionListener: contextInitialized()
12-Dec-2025 17:06:48.700 INFO [main] org.apache.catalina.core.ApplicationContext.log ContextListener: attributeAdded('StockTicker', 'async.Stockticker@3fa7df1')
12-Dec-2025 17:07:23.147 INFO [Thread-1] org.apache.catalina.core.ApplicationContext.log SessionListener: contextDestroyed()
12-Dec-2025 17:07:23.147 INFO [Thread-1] org.apache.catalina.core.ApplicationContext.log ContextListener: contextDestroyed()
12-Dec-2025 17:07:27.325 INFO [main] org.apache.catalina.core.ApplicationContext.log ContextListener: contextInitialized()
12-Dec-2025 17:07:27.325 INFO [main] org.apache.catalina.core.ApplicationContext.log SessionListener: contextInitialized()
12-Dec-2025 17:07:27.327 INFO [main] org.apache.catalina.core.ApplicationContext.log ContextListener: attributeAdded('StockTicker', 'async.Stockticker@4337afd')
12-Dec-2025 17:10:31.444 INFO [Thread-1] org.apache.catalina.core.ApplicationContext.log SessionListener: contextDestroyed()
12-Dec-2025 17:10:31.444 INFO [Thread-1] org.apache.catalina.core.ApplicationContext.log ContextListener: contextDestroyed()
12-Dec-2025 17:10:33.048 INFO [main] org.apache.catalina.core.ApplicationContext.log ContextListener: contextInitialized()
12-Dec-2025 17:10:33.048 INFO [main] org.apache.catalina.core.ApplicationContext.log SessionListener: contextInitialized()
12-Dec-2025 17:10:33.049 INFO [main] org.apache.catalina.core.ApplicationContext.log ContextListener: attributeAdded('StockTicker', 'async.Stockticker@2ed71727')
12-Dec-2025 17:11:07.430 INFO [Thread-1] org.apache.catalina.core.ApplicationContext.log SessionListener: contextDestroyed()
12-Dec-2025 17:11:07.430 INFO [Thread-1] org.apache.catalina.core.ApplicationContext.log ContextListener: contextDestroyed()
12-Dec-2025 17:11:11.334 INFO [main] org.apache.catalina.core.ApplicationContext.log ContextListener: contextInitialized()
12-Dec-2025 17:11:11.334 INFO [main] org.apache.catalina.core.ApplicationContext.log SessionListener: contextInitialized()
12-Dec-2025 17:11:11.336 INFO [main] org.apache.catalina.core.ApplicationContext.log ContextListener: attributeAdded('StockTicker', 'async.Stockticker@4337afd')
12-Dec-2025 17:46:24.850 INFO [Thread-1] org.apache.catalina.core.ApplicationContext.log SessionListener: contextDestroyed()
12-Dec-2025 17:46:24.850 INFO [Thread-1] org.apache.catalina.core.ApplicationContext.log ContextListener: contextDestroyed()
