05-Mar-2026 14:23:19.305 INFO [main] org.apache.catalina.core.ApplicationContext.log ContextListener: contextInitialized()
05-Mar-2026 14:23:19.306 INFO [main] org.apache.catalina.core.ApplicationContext.log SessionListener: contextInitialized()
05-Mar-2026 14:23:19.306 INFO [main] org.apache.catalina.core.ApplicationContext.log ContextListener: attributeAdded('StockTicker', 'async.Stockticker@281edf6b')
05-Mar-2026 14:24:26.038 INFO [Thread-1] org.apache.catalina.core.ApplicationContext.log SessionListener: contextDestroyed()
05-Mar-2026 14:24:26.038 INFO [Thread-1] org.apache.catalina.core.ApplicationContext.log ContextListener: contextDestroyed()
05-Mar-2026 14:24:28.356 INFO [main] org.apache.catalina.core.ApplicationContext.log ContextListener: contextInitialized()
05-Mar-2026 14:24:28.356 INFO [main] org.apache.catalina.core.ApplicationContext.log SessionListener: contextInitialized()
05-Mar-2026 14:24:28.356 INFO [main] org.apache.catalina.core.ApplicationContext.log ContextListener: attributeAdded('StockTicker', 'async.Stockticker@705448e7')
05-Mar-2026 14:44:39.212 INFO [Thread-1] org.apache.catalina.core.ApplicationContext.log SessionListener: contextDestroyed()
05-Mar-2026 14:44:39.212 INFO [Thread-1] org.apache.catalina.core.ApplicationContext.log ContextListener: contextDestroyed()
05-Mar-2026 14:44:41.632 INFO [main] org.apache.catalina.core.ApplicationContext.log ContextListener: contextInitialized()
05-Mar-2026 14:44:41.632 INFO [main] org.apache.catalina.core.ApplicationContext.log SessionListener: contextInitialized()
05-Mar-2026 14:44:41.633 INFO [main] org.apache.catalina.core.ApplicationContext.log ContextListener: attributeAdded('StockTicker', 'async.Stockticker@4374c46e')
05-Mar-2026 14:46:11.486 INFO [Thread-1] org.apache.catalina.core.ApplicationContext.log SessionListener: contextDestroyed()
05-Mar-2026 14:46:11.486 INFO [Thread-1] org.apache.catalina.core.ApplicationContext.log ContextListener: contextDestroyed()
05-Mar-2026 14:46:13.997 INFO [main] org.apache.catalina.core.ApplicationContext.log ContextListener: contextInitialized()
05-Mar-2026 14:46:13.997 INFO [main] org.apache.catalina.core.ApplicationContext.log SessionListener: contextInitialized()
05-Mar-2026 14:46:13.997 INFO [main] org.apache.catalina.core.ApplicationContext.log ContextListener: attributeAdded('StockTicker', 'async.Stockticker@4374c46e')
05-Mar-2026 14:48:50.011 INFO [Thread-1] org.apache.catalina.core.ApplicationContext.log SessionListener: contextDestroyed()
05-Mar-2026 14:48:50.011 INFO [Thread-1] org.apache.catalina.core.ApplicationContext.log ContextListener: contextDestroyed()
05-Mar-2026 14:48:52.713 INFO [main] org.apache.catalina.core.ApplicationContext.log ContextListener: contextInitialized()
05-Mar-2026 14:48:52.714 INFO [main] org.apache.catalina.core.ApplicationContext.log SessionListener: contextInitialized()
05-Mar-2026 14:48:52.714 INFO [main] org.apache.catalina.core.ApplicationContext.log ContextListener: attributeAdded('StockTicker', 'async.Stockticker@4374c46e')
05-Mar-2026 14:52:20.338 INFO [Thread-1] org.apache.catalina.core.ApplicationContext.log SessionListener: contextDestroyed()
05-Mar-2026 14:52:20.338 INFO [Thread-1] org.apache.catalina.core.ApplicationContext.log ContextListener: contextDestroyed()
05-Mar-2026 14:52:23.022 INFO [main] org.apache.catalina.core.ApplicationContext.log ContextListener: contextInitialized()
05-Mar-2026 14:52:23.022 INFO [main] org.apache.catalina.core.ApplicationContext.log SessionListener: contextInitialized()
05-Mar-2026 14:52:23.023 INFO [main] org.apache.catalina.core.ApplicationContext.log ContextListener: attributeAdded('StockTicker', 'async.Stockticker@705448e7')
