04-Feb-2026 11:20:00.840 INFO [main] org.apache.catalina.core.ApplicationContext.log ContextListener: contextInitialized()
04-Feb-2026 11:20:00.840 INFO [main] org.apache.catalina.core.ApplicationContext.log SessionListener: contextInitialized()
04-Feb-2026 11:20:00.841 INFO [main] org.apache.catalina.core.ApplicationContext.log ContextListener: attributeAdded('StockTicker', 'async.Stockticker@79db3f2d')
04-Feb-2026 11:20:51.246 INFO [Thread-1] org.apache.catalina.core.ApplicationContext.log SessionListener: contextDestroyed()
04-Feb-2026 11:20:51.246 INFO [Thread-1] org.apache.catalina.core.ApplicationContext.log ContextListener: contextDestroyed()
04-Feb-2026 11:20:54.158 INFO [main] org.apache.catalina.core.ApplicationContext.log ContextListener: contextInitialized()
04-Feb-2026 11:20:54.158 INFO [main] org.apache.catalina.core.ApplicationContext.log SessionListener: contextInitialized()
04-Feb-2026 11:20:54.159 INFO [main] org.apache.catalina.core.ApplicationContext.log ContextListener: attributeAdded('StockTicker', 'async.Stockticker@8891aa8')
04-Feb-2026 11:21:05.353 INFO [Thread-1] org.apache.catalina.core.ApplicationContext.log SessionListener: contextDestroyed()
04-Feb-2026 11:21:05.353 INFO [Thread-1] org.apache.catalina.core.ApplicationContext.log ContextListener: contextDestroyed()
04-Feb-2026 11:21:08.338 INFO [main] org.apache.catalina.core.ApplicationContext.log ContextListener: contextInitialized()
04-Feb-2026 11:21:08.338 INFO [main] org.apache.catalina.core.ApplicationContext.log SessionListener: contextInitialized()
04-Feb-2026 11:21:08.339 INFO [main] org.apache.catalina.core.ApplicationContext.log ContextListener: attributeAdded('StockTicker', 'async.Stockticker@17f3d5e2')
04-Feb-2026 11:25:43.229 INFO [Thread-1] org.apache.catalina.core.ApplicationContext.log SessionListener: contextDestroyed()
04-Feb-2026 11:25:43.229 INFO [Thread-1] org.apache.catalina.core.ApplicationContext.log ContextListener: contextDestroyed()
04-Feb-2026 11:25:58.659 INFO [main] org.apache.catalina.core.ApplicationContext.log ContextListener: contextInitialized()
04-Feb-2026 11:25:58.659 INFO [main] org.apache.catalina.core.ApplicationContext.log SessionListener: contextInitialized()
04-Feb-2026 11:25:58.659 INFO [main] org.apache.catalina.core.ApplicationContext.log ContextListener: attributeAdded('StockTicker', 'async.Stockticker@3769c728')
04-Feb-2026 11:27:14.964 INFO [Thread-1] org.apache.catalina.core.ApplicationContext.log SessionListener: contextDestroyed()
04-Feb-2026 11:27:14.965 INFO [Thread-1] org.apache.catalina.core.ApplicationContext.log ContextListener: contextDestroyed()
04-Feb-2026 11:27:18.243 INFO [main] org.apache.catalina.core.ApplicationContext.log ContextListener: contextInitialized()
04-Feb-2026 11:27:18.243 INFO [main] org.apache.catalina.core.ApplicationContext.log SessionListener: contextInitialized()
04-Feb-2026 11:27:18.245 INFO [main] org.apache.catalina.core.ApplicationContext.log ContextListener: attributeAdded('StockTicker', 'async.Stockticker@17f3d5e2')
04-Feb-2026 11:56:17.758 INFO [Thread-1] org.apache.catalina.core.ApplicationContext.log SessionListener: contextDestroyed()
04-Feb-2026 11:56:17.758 INFO [Thread-1] org.apache.catalina.core.ApplicationContext.log ContextListener: contextDestroyed()
