11-Dec-2025 16:46:22.274 INFO [main] org.apache.catalina.core.ApplicationContext.log ContextListener: contextInitialized()
11-Dec-2025 16:46:22.274 INFO [main] org.apache.catalina.core.ApplicationContext.log SessionListener: contextInitialized()
11-Dec-2025 16:46:22.275 INFO [main] org.apache.catalina.core.ApplicationContext.log ContextListener: attributeAdded('StockTicker', 'async.Stockticker@47c7a9e5')
11-Dec-2025 16:46:54.648 SEVERE [http-nio-8080-exec-5] org.apache.catalina.core.StandardWrapperValve.invoke Servlet.service() for servlet [QuestionMagique] in context with path [/ctp] threw exception
	java.lang.NullPointerException: Cannot invoke "String.trim()" because the return value of "QuestionMagique.getReponse(java.io.PrintWriter, String)" is null
		at QuestionMagique.doPost(QuestionMagique.java:57)
		at jakarta.servlet.http.HttpServlet.service(HttpServlet.java:649)
		at jakarta.servlet.http.HttpServlet.service(HttpServlet.java:710)
		at org.apache.catalina.core.ApplicationFilterChain.doFilter(ApplicationFilterChain.java:128)
		at org.apache.tomcat.websocket.server.WsFilter.doFilter(WsFilter.java:53)
		at org.apache.catalina.core.ApplicationFilterChain.doFilter(ApplicationFilterChain.java:107)
		at org.apache.catalina.core.StandardWrapperValve.invoke(StandardWrapperValve.java:165)
		at org.apache.catalina.core.StandardContextValve.invoke(StandardContextValve.java:77)
		at org.apache.catalina.authenticator.AuthenticatorBase.invoke(AuthenticatorBase.java:482)
		at org.apache.catalina.core.StandardHostValve.invoke(StandardHostValve.java:113)
		at org.apache.catalina.valves.ErrorReportValve.invoke(ErrorReportValve.java:83)
		at org.apache.catalina.valves.AbstractAccessLogValve.invoke(AbstractAccessLogValve.java:654)
		at org.apache.catalina.core.StandardEngineValve.invoke(StandardEngineValve.java:72)
		at org.apache.catalina.connector.CoyoteAdapter.service(CoyoteAdapter.java:341)
		at org.apache.coyote.http11.Http11Processor.service(Http11Processor.java:397)
		at org.apache.coyote.AbstractProcessorLight.process(AbstractProcessorLight.java:63)
		at org.apache.coyote.AbstractProtocol$ConnectionHandler.process(AbstractProtocol.java:903)
		at org.apache.tomcat.util.net.NioEndpoint$SocketProcessor.doRun(NioEndpoint.java:1778)
		at org.apache.tomcat.util.net.SocketProcessorBase.run(SocketProcessorBase.java:52)
		at org.apache.tomcat.util.threads.ThreadPoolExecutor.runWorker(ThreadPoolExecutor.java:946)
		at org.apache.tomcat.util.threads.ThreadPoolExecutor$Worker.run(ThreadPoolExecutor.java:480)
		at org.apache.tomcat.util.threads.TaskThread$WrappingRunnable.run(TaskThread.java:57)
		at java.base/java.lang.Thread.run(Thread.java:840)
11-Dec-2025 16:46:57.026 SEVERE [http-nio-8080-exec-7] org.apache.catalina.core.StandardWrapperValve.invoke Servlet.service() for servlet [QuestionMagique] in context with path [/ctp] threw exception
	java.lang.NullPointerException: Cannot invoke "String.trim()" because the return value of "QuestionMagique.getReponse(java.io.PrintWriter, String)" is null
		at QuestionMagique.doPost(QuestionMagique.java:57)
		at jakarta.servlet.http.HttpServlet.service(HttpServlet.java:649)
		at jakarta.servlet.http.HttpServlet.service(HttpServlet.java:710)
		at org.apache.catalina.core.ApplicationFilterChain.doFilter(ApplicationFilterChain.java:128)
		at org.apache.tomcat.websocket.server.WsFilter.doFilter(WsFilter.java:53)
		at org.apache.catalina.core.ApplicationFilterChain.doFilter(ApplicationFilterChain.java:107)
		at org.apache.catalina.core.StandardWrapperValve.invoke(StandardWrapperValve.java:165)
		at org.apache.catalina.core.StandardContextValve.invoke(StandardContextValve.java:77)
		at org.apache.catalina.authenticator.AuthenticatorBase.invoke(AuthenticatorBase.java:482)
		at org.apache.catalina.core.StandardHostValve.invoke(StandardHostValve.java:113)
		at org.apache.catalina.valves.ErrorReportValve.invoke(ErrorReportValve.java:83)
		at org.apache.catalina.valves.AbstractAccessLogValve.invoke(AbstractAccessLogValve.java:654)
		at org.apache.catalina.core.StandardEngineValve.invoke(StandardEngineValve.java:72)
		at org.apache.catalina.connector.CoyoteAdapter.service(CoyoteAdapter.java:341)
		at org.apache.coyote.http11.Http11Processor.service(Http11Processor.java:397)
		at org.apache.coyote.AbstractProcessorLight.process(AbstractProcessorLight.java:63)
		at org.apache.coyote.AbstractProtocol$ConnectionHandler.process(AbstractProtocol.java:903)
		at org.apache.tomcat.util.net.NioEndpoint$SocketProcessor.doRun(NioEndpoint.java:1778)
		at org.apache.tomcat.util.net.SocketProcessorBase.run(SocketProcessorBase.java:52)
		at org.apache.tomcat.util.threads.ThreadPoolExecutor.runWorker(ThreadPoolExecutor.java:946)
		at org.apache.tomcat.util.threads.ThreadPoolExecutor$Worker.run(ThreadPoolExecutor.java:480)
		at org.apache.tomcat.util.threads.TaskThread$WrappingRunnable.run(TaskThread.java:57)
		at java.base/java.lang.Thread.run(Thread.java:840)
11-Dec-2025 16:47:00.089 SEVERE [http-nio-8080-exec-8] org.apache.catalina.core.StandardWrapperValve.invoke Servlet.service() for servlet [QuestionMagique] in context with path [/ctp] threw exception
	java.lang.NullPointerException: Cannot invoke "String.trim()" because the return value of "QuestionMagique.getReponse(java.io.PrintWriter, String)" is null
		at QuestionMagique.doPost(QuestionMagique.java:57)
		at jakarta.servlet.http.HttpServlet.service(HttpServlet.java:649)
		at jakarta.servlet.http.HttpServlet.service(HttpServlet.java:710)
		at org.apache.catalina.core.ApplicationFilterChain.doFilter(ApplicationFilterChain.java:128)
		at org.apache.tomcat.websocket.server.WsFilter.doFilter(WsFilter.java:53)
		at org.apache.catalina.core.ApplicationFilterChain.doFilter(ApplicationFilterChain.java:107)
		at org.apache.catalina.core.StandardWrapperValve.invoke(StandardWrapperValve.java:165)
		at org.apache.catalina.core.StandardContextValve.invoke(StandardContextValve.java:77)
		at org.apache.catalina.authenticator.AuthenticatorBase.invoke(AuthenticatorBase.java:482)
		at org.apache.catalina.core.StandardHostValve.invoke(StandardHostValve.java:113)
		at org.apache.catalina.valves.ErrorReportValve.invoke(ErrorReportValve.java:83)
		at org.apache.catalina.valves.AbstractAccessLogValve.invoke(AbstractAccessLogValve.java:654)
		at org.apache.catalina.core.StandardEngineValve.invoke(StandardEngineValve.java:72)
		at org.apache.catalina.connector.CoyoteAdapter.service(CoyoteAdapter.java:341)
		at org.apache.coyote.http11.Http11Processor.service(Http11Processor.java:397)
		at org.apache.coyote.AbstractProcessorLight.process(AbstractProcessorLight.java:63)
		at org.apache.coyote.AbstractProtocol$ConnectionHandler.process(AbstractProtocol.java:903)
		at org.apache.tomcat.util.net.NioEndpoint$SocketProcessor.doRun(NioEndpoint.java:1778)
		at org.apache.tomcat.util.net.SocketProcessorBase.run(SocketProcessorBase.java:52)
		at org.apache.tomcat.util.threads.ThreadPoolExecutor.runWorker(ThreadPoolExecutor.java:946)
		at org.apache.tomcat.util.threads.ThreadPoolExecutor$Worker.run(ThreadPoolExecutor.java:480)
		at org.apache.tomcat.util.threads.TaskThread$WrappingRunnable.run(TaskThread.java:57)
		at java.base/java.lang.Thread.run(Thread.java:840)
11-Dec-2025 16:47:41.582 INFO [Thread-1] org.apache.catalina.core.ApplicationContext.log SessionListener: contextDestroyed()
11-Dec-2025 16:47:41.582 INFO [Thread-1] org.apache.catalina.core.ApplicationContext.log ContextListener: contextDestroyed()
11-Dec-2025 17:29:47.589 INFO [main] org.apache.catalina.core.ApplicationContext.log ContextListener: contextInitialized()
11-Dec-2025 17:29:47.589 INFO [main] org.apache.catalina.core.ApplicationContext.log SessionListener: contextInitialized()
11-Dec-2025 17:29:47.590 INFO [main] org.apache.catalina.core.ApplicationContext.log ContextListener: attributeAdded('StockTicker', 'async.Stockticker@64da6cbd')
11-Dec-2025 17:32:35.774 INFO [Thread-1] org.apache.catalina.core.ApplicationContext.log SessionListener: contextDestroyed()
11-Dec-2025 17:32:35.774 INFO [Thread-1] org.apache.catalina.core.ApplicationContext.log ContextListener: contextDestroyed()
11-Dec-2025 17:32:37.380 INFO [main] org.apache.catalina.core.ApplicationContext.log ContextListener: contextInitialized()
11-Dec-2025 17:32:37.380 INFO [main] org.apache.catalina.core.ApplicationContext.log SessionListener: contextInitialized()
11-Dec-2025 17:32:37.381 INFO [main] org.apache.catalina.core.ApplicationContext.log ContextListener: attributeAdded('StockTicker', 'async.Stockticker@64da6cbd')
11-Dec-2025 17:35:32.051 INFO [Thread-1] org.apache.catalina.core.ApplicationContext.log SessionListener: contextDestroyed()
11-Dec-2025 17:35:32.051 INFO [Thread-1] org.apache.catalina.core.ApplicationContext.log ContextListener: contextDestroyed()
11-Dec-2025 17:35:33.354 INFO [main] org.apache.catalina.core.ApplicationContext.log ContextListener: contextInitialized()
11-Dec-2025 17:35:33.354 INFO [main] org.apache.catalina.core.ApplicationContext.log SessionListener: contextInitialized()
11-Dec-2025 17:35:33.355 INFO [main] org.apache.catalina.core.ApplicationContext.log ContextListener: attributeAdded('StockTicker', 'async.Stockticker@4337afd')
11-Dec-2025 17:35:48.719 INFO [Thread-1] org.apache.catalina.core.ApplicationContext.log SessionListener: contextDestroyed()
11-Dec-2025 17:35:48.719 INFO [Thread-1] org.apache.catalina.core.ApplicationContext.log ContextListener: contextDestroyed()
11-Dec-2025 17:35:50.312 INFO [main] org.apache.catalina.core.ApplicationContext.log ContextListener: contextInitialized()
11-Dec-2025 17:35:50.312 INFO [main] org.apache.catalina.core.ApplicationContext.log SessionListener: contextInitialized()
11-Dec-2025 17:35:50.313 INFO [main] org.apache.catalina.core.ApplicationContext.log ContextListener: attributeAdded('StockTicker', 'async.Stockticker@1d02af26')
11-Dec-2025 17:37:52.925 INFO [Thread-1] org.apache.catalina.core.ApplicationContext.log SessionListener: contextDestroyed()
11-Dec-2025 17:37:52.925 INFO [Thread-1] org.apache.catalina.core.ApplicationContext.log ContextListener: contextDestroyed()
11-Dec-2025 17:37:54.315 INFO [main] org.apache.catalina.core.ApplicationContext.log ContextListener: contextInitialized()
11-Dec-2025 17:37:54.315 INFO [main] org.apache.catalina.core.ApplicationContext.log SessionListener: contextInitialized()
11-Dec-2025 17:37:54.316 INFO [main] org.apache.catalina.core.ApplicationContext.log ContextListener: attributeAdded('StockTicker', 'async.Stockticker@5f5827d0')
11-Dec-2025 17:38:28.801 INFO [Thread-1] org.apache.catalina.core.ApplicationContext.log SessionListener: contextDestroyed()
11-Dec-2025 17:38:28.801 INFO [Thread-1] org.apache.catalina.core.ApplicationContext.log ContextListener: contextDestroyed()
11-Dec-2025 17:38:30.419 INFO [main] org.apache.catalina.core.ApplicationContext.log ContextListener: contextInitialized()
11-Dec-2025 17:38:30.420 INFO [main] org.apache.catalina.core.ApplicationContext.log SessionListener: contextInitialized()
11-Dec-2025 17:38:30.421 INFO [main] org.apache.catalina.core.ApplicationContext.log ContextListener: attributeAdded('StockTicker', 'async.Stockticker@64da6cbd')
11-Dec-2025 17:44:32.376 INFO [Thread-1] org.apache.catalina.core.ApplicationContext.log SessionListener: contextDestroyed()
11-Dec-2025 17:44:32.376 INFO [Thread-1] org.apache.catalina.core.ApplicationContext.log ContextListener: contextDestroyed()
11-Dec-2025 17:44:34.258 INFO [main] org.apache.catalina.core.ApplicationContext.log ContextListener: contextInitialized()
11-Dec-2025 17:44:34.258 INFO [main] org.apache.catalina.core.ApplicationContext.log SessionListener: contextInitialized()
11-Dec-2025 17:44:34.260 INFO [main] org.apache.catalina.core.ApplicationContext.log ContextListener: attributeAdded('StockTicker', 'async.Stockticker@3fa7df1')
11-Dec-2025 17:44:46.499 INFO [Thread-1] org.apache.catalina.core.ApplicationContext.log SessionListener: contextDestroyed()
11-Dec-2025 17:44:46.499 INFO [Thread-1] org.apache.catalina.core.ApplicationContext.log ContextListener: contextDestroyed()
11-Dec-2025 17:44:48.001 INFO [main] org.apache.catalina.core.ApplicationContext.log ContextListener: contextInitialized()
11-Dec-2025 17:44:48.002 INFO [main] org.apache.catalina.core.ApplicationContext.log SessionListener: contextInitialized()
11-Dec-2025 17:44:48.002 INFO [main] org.apache.catalina.core.ApplicationContext.log ContextListener: attributeAdded('StockTicker', 'async.Stockticker@3fa7df1')
11-Dec-2025 17:45:41.974 INFO [Thread-1] org.apache.catalina.core.ApplicationContext.log SessionListener: contextDestroyed()
11-Dec-2025 17:45:41.974 INFO [Thread-1] org.apache.catalina.core.ApplicationContext.log ContextListener: contextDestroyed()
11-Dec-2025 17:45:43.431 INFO [main] org.apache.catalina.core.ApplicationContext.log ContextListener: contextInitialized()
11-Dec-2025 17:45:43.431 INFO [main] org.apache.catalina.core.ApplicationContext.log SessionListener: contextInitialized()
11-Dec-2025 17:45:43.432 INFO [main] org.apache.catalina.core.ApplicationContext.log ContextListener: attributeAdded('StockTicker', 'async.Stockticker@3fa7df1')
11-Dec-2025 17:52:42.651 INFO [Thread-1] org.apache.catalina.core.ApplicationContext.log SessionListener: contextDestroyed()
11-Dec-2025 17:52:42.651 INFO [Thread-1] org.apache.catalina.core.ApplicationContext.log ContextListener: contextDestroyed()
11-Dec-2025 17:52:44.146 INFO [main] org.apache.catalina.core.ApplicationContext.log ContextListener: contextInitialized()
11-Dec-2025 17:52:44.146 INFO [main] org.apache.catalina.core.ApplicationContext.log SessionListener: contextInitialized()
11-Dec-2025 17:52:44.147 INFO [main] org.apache.catalina.core.ApplicationContext.log ContextListener: attributeAdded('StockTicker', 'async.Stockticker@4337afd')
11-Dec-2025 17:52:48.645 SEVERE [http-nio-8080-exec-7] org.apache.catalina.core.StandardWrapperValve.invoke Servlet.service() for servlet [ServletPanier] in context with path [/ctp] threw exception
	java.lang.NumberFormatException: Cannot parse null string
		at java.base/java.lang.Integer.parseInt(Integer.java:630)
		at java.base/java.lang.Integer.parseInt(Integer.java:786)
		at ServletPanier.service(ServletPanier.java:32)
		at jakarta.servlet.http.HttpServlet.service(HttpServlet.java:710)
		at org.apache.catalina.core.ApplicationFilterChain.doFilter(ApplicationFilterChain.java:128)
		at org.apache.tomcat.websocket.server.WsFilter.doFilter(WsFilter.java:53)
		at org.apache.catalina.core.ApplicationFilterChain.doFilter(ApplicationFilterChain.java:107)
		at org.apache.catalina.core.StandardWrapperValve.invoke(StandardWrapperValve.java:165)
		at org.apache.catalina.core.StandardContextValve.invoke(StandardContextValve.java:77)
		at org.apache.catalina.authenticator.AuthenticatorBase.invoke(AuthenticatorBase.java:482)
		at org.apache.catalina.core.StandardHostValve.invoke(StandardHostValve.java:113)
		at org.apache.catalina.valves.ErrorReportValve.invoke(ErrorReportValve.java:83)
		at org.apache.catalina.valves.AbstractAccessLogValve.invoke(AbstractAccessLogValve.java:654)
		at org.apache.catalina.core.StandardEngineValve.invoke(StandardEngineValve.java:72)
		at org.apache.catalina.connector.CoyoteAdapter.service(CoyoteAdapter.java:341)
		at org.apache.coyote.http11.Http11Processor.service(Http11Processor.java:397)
		at org.apache.coyote.AbstractProcessorLight.process(AbstractProcessorLight.java:63)
		at org.apache.coyote.AbstractProtocol$ConnectionHandler.process(AbstractProtocol.java:903)
		at org.apache.tomcat.util.net.NioEndpoint$SocketProcessor.doRun(NioEndpoint.java:1778)
		at org.apache.tomcat.util.net.SocketProcessorBase.run(SocketProcessorBase.java:52)
		at org.apache.tomcat.util.threads.ThreadPoolExecutor.runWorker(ThreadPoolExecutor.java:946)
		at org.apache.tomcat.util.threads.ThreadPoolExecutor$Worker.run(ThreadPoolExecutor.java:480)
		at org.apache.tomcat.util.threads.TaskThread$WrappingRunnable.run(TaskThread.java:57)
		at java.base/java.lang.Thread.run(Thread.java:840)
11-Dec-2025 17:52:54.820 SEVERE [http-nio-8080-exec-8] org.apache.catalina.core.StandardWrapperValve.invoke Servlet.service() for servlet [ServletPanier] in context with path [/ctp] threw exception
	java.lang.NumberFormatException: Cannot parse null string
		at java.base/java.lang.Integer.parseInt(Integer.java:630)
		at java.base/java.lang.Integer.parseInt(Integer.java:786)
		at ServletPanier.service(ServletPanier.java:32)
		at jakarta.servlet.http.HttpServlet.service(HttpServlet.java:710)
		at org.apache.catalina.core.ApplicationFilterChain.doFilter(ApplicationFilterChain.java:128)
		at org.apache.tomcat.websocket.server.WsFilter.doFilter(WsFilter.java:53)
		at org.apache.catalina.core.ApplicationFilterChain.doFilter(ApplicationFilterChain.java:107)
		at org.apache.catalina.core.StandardWrapperValve.invoke(StandardWrapperValve.java:165)
		at org.apache.catalina.core.StandardContextValve.invoke(StandardContextValve.java:77)
		at org.apache.catalina.authenticator.AuthenticatorBase.invoke(AuthenticatorBase.java:482)
		at org.apache.catalina.core.StandardHostValve.invoke(StandardHostValve.java:113)
		at org.apache.catalina.valves.ErrorReportValve.invoke(ErrorReportValve.java:83)
		at org.apache.catalina.valves.AbstractAccessLogValve.invoke(AbstractAccessLogValve.java:654)
		at org.apache.catalina.core.StandardEngineValve.invoke(StandardEngineValve.java:72)
		at org.apache.catalina.connector.CoyoteAdapter.service(CoyoteAdapter.java:341)
		at org.apache.coyote.http11.Http11Processor.service(Http11Processor.java:397)
		at org.apache.coyote.AbstractProcessorLight.process(AbstractProcessorLight.java:63)
		at org.apache.coyote.AbstractProtocol$ConnectionHandler.process(AbstractProtocol.java:903)
		at org.apache.tomcat.util.net.NioEndpoint$SocketProcessor.doRun(NioEndpoint.java:1778)
		at org.apache.tomcat.util.net.SocketProcessorBase.run(SocketProcessorBase.java:52)
		at org.apache.tomcat.util.threads.ThreadPoolExecutor.runWorker(ThreadPoolExecutor.java:946)
		at org.apache.tomcat.util.threads.ThreadPoolExecutor$Worker.run(ThreadPoolExecutor.java:480)
		at org.apache.tomcat.util.threads.TaskThread$WrappingRunnable.run(TaskThread.java:57)
		at java.base/java.lang.Thread.run(Thread.java:840)
11-Dec-2025 17:53:19.947 INFO [Thread-1] org.apache.catalina.core.ApplicationContext.log SessionListener: contextDestroyed()
11-Dec-2025 17:53:19.947 INFO [Thread-1] org.apache.catalina.core.ApplicationContext.log ContextListener: contextDestroyed()
11-Dec-2025 17:53:21.415 INFO [main] org.apache.catalina.core.ApplicationContext.log ContextListener: contextInitialized()
11-Dec-2025 17:53:21.415 INFO [main] org.apache.catalina.core.ApplicationContext.log SessionListener: contextInitialized()
11-Dec-2025 17:53:21.416 INFO [main] org.apache.catalina.core.ApplicationContext.log ContextListener: attributeAdded('StockTicker', 'async.Stockticker@4337afd')
11-Dec-2025 17:54:05.998 INFO [Thread-1] org.apache.catalina.core.ApplicationContext.log SessionListener: contextDestroyed()
11-Dec-2025 17:54:05.998 INFO [Thread-1] org.apache.catalina.core.ApplicationContext.log ContextListener: contextDestroyed()
11-Dec-2025 17:54:07.844 INFO [main] org.apache.catalina.core.ApplicationContext.log ContextListener: contextInitialized()
11-Dec-2025 17:54:07.844 INFO [main] org.apache.catalina.core.ApplicationContext.log SessionListener: contextInitialized()
11-Dec-2025 17:54:07.845 INFO [main] org.apache.catalina.core.ApplicationContext.log ContextListener: attributeAdded('StockTicker', 'async.Stockticker@1d02af26')
11-Dec-2025 17:54:35.584 INFO [Thread-1] org.apache.catalina.core.ApplicationContext.log SessionListener: contextDestroyed()
11-Dec-2025 17:54:35.584 INFO [Thread-1] org.apache.catalina.core.ApplicationContext.log ContextListener: contextDestroyed()
11-Dec-2025 17:54:37.325 INFO [main] org.apache.catalina.core.ApplicationContext.log ContextListener: contextInitialized()
11-Dec-2025 17:54:37.325 INFO [main] org.apache.catalina.core.ApplicationContext.log SessionListener: contextInitialized()
11-Dec-2025 17:54:37.326 INFO [main] org.apache.catalina.core.ApplicationContext.log ContextListener: attributeAdded('StockTicker', 'async.Stockticker@5f5827d0')
11-Dec-2025 17:59:23.830 INFO [Thread-1] org.apache.catalina.core.ApplicationContext.log SessionListener: contextDestroyed()
11-Dec-2025 17:59:23.830 INFO [Thread-1] org.apache.catalina.core.ApplicationContext.log ContextListener: contextDestroyed()
11-Dec-2025 17:59:25.608 INFO [main] org.apache.catalina.core.ApplicationContext.log ContextListener: contextInitialized()
11-Dec-2025 17:59:25.608 INFO [main] org.apache.catalina.core.ApplicationContext.log SessionListener: contextInitialized()
11-Dec-2025 17:59:25.609 INFO [main] org.apache.catalina.core.ApplicationContext.log ContextListener: attributeAdded('StockTicker', 'async.Stockticker@3fa7df1')
11-Dec-2025 17:59:58.454 INFO [Thread-1] org.apache.catalina.core.ApplicationContext.log SessionListener: contextDestroyed()
11-Dec-2025 17:59:58.454 INFO [Thread-1] org.apache.catalina.core.ApplicationContext.log ContextListener: contextDestroyed()
11-Dec-2025 17:59:59.933 INFO [main] org.apache.catalina.core.ApplicationContext.log ContextListener: contextInitialized()
11-Dec-2025 17:59:59.933 INFO [main] org.apache.catalina.core.ApplicationContext.log SessionListener: contextInitialized()
11-Dec-2025 17:59:59.934 INFO [main] org.apache.catalina.core.ApplicationContext.log ContextListener: attributeAdded('StockTicker', 'async.Stockticker@4337afd')
11-Dec-2025 18:00:28.162 INFO [Thread-1] org.apache.catalina.core.ApplicationContext.log SessionListener: contextDestroyed()
11-Dec-2025 18:00:28.162 INFO [Thread-1] org.apache.catalina.core.ApplicationContext.log ContextListener: contextDestroyed()
11-Dec-2025 18:00:31.337 INFO [main] org.apache.catalina.core.ApplicationContext.log ContextListener: contextInitialized()
11-Dec-2025 18:00:31.337 INFO [main] org.apache.catalina.core.ApplicationContext.log SessionListener: contextInitialized()
11-Dec-2025 18:00:31.338 INFO [main] org.apache.catalina.core.ApplicationContext.log ContextListener: attributeAdded('StockTicker', 'async.Stockticker@5f5827d0')
11-Dec-2025 18:01:37.588 INFO [Thread-1] org.apache.catalina.core.ApplicationContext.log SessionListener: contextDestroyed()
11-Dec-2025 18:01:37.588 INFO [Thread-1] org.apache.catalina.core.ApplicationContext.log ContextListener: contextDestroyed()
11-Dec-2025 18:01:39.562 INFO [main] org.apache.catalina.core.ApplicationContext.log ContextListener: contextInitialized()
11-Dec-2025 18:01:39.562 INFO [main] org.apache.catalina.core.ApplicationContext.log SessionListener: contextInitialized()
11-Dec-2025 18:01:39.563 INFO [main] org.apache.catalina.core.ApplicationContext.log ContextListener: attributeAdded('StockTicker', 'async.Stockticker@4337afd')
11-Dec-2025 18:05:20.653 INFO [Thread-1] org.apache.catalina.core.ApplicationContext.log SessionListener: contextDestroyed()
11-Dec-2025 18:05:20.653 INFO [Thread-1] org.apache.catalina.core.ApplicationContext.log ContextListener: contextDestroyed()
11-Dec-2025 18:05:23.013 INFO [main] org.apache.catalina.core.ApplicationContext.log ContextListener: contextInitialized()
11-Dec-2025 18:05:23.014 INFO [main] org.apache.catalina.core.ApplicationContext.log SessionListener: contextInitialized()
11-Dec-2025 18:05:23.014 INFO [main] org.apache.catalina.core.ApplicationContext.log ContextListener: attributeAdded('StockTicker', 'async.Stockticker@5f5827d0')
11-Dec-2025 18:06:37.083 INFO [Thread-1] org.apache.catalina.core.ApplicationContext.log SessionListener: contextDestroyed()
11-Dec-2025 18:06:37.083 INFO [Thread-1] org.apache.catalina.core.ApplicationContext.log ContextListener: contextDestroyed()
11-Dec-2025 18:06:38.671 INFO [main] org.apache.catalina.core.ApplicationContext.log ContextListener: contextInitialized()
11-Dec-2025 18:06:38.671 INFO [main] org.apache.catalina.core.ApplicationContext.log SessionListener: contextInitialized()
11-Dec-2025 18:06:38.672 INFO [main] org.apache.catalina.core.ApplicationContext.log ContextListener: attributeAdded('StockTicker', 'async.Stockticker@1d02af26')
11-Dec-2025 18:06:56.345 INFO [Thread-1] org.apache.catalina.core.ApplicationContext.log SessionListener: contextDestroyed()
11-Dec-2025 18:06:56.345 INFO [Thread-1] org.apache.catalina.core.ApplicationContext.log ContextListener: contextDestroyed()
11-Dec-2025 18:06:57.847 INFO [main] org.apache.catalina.core.ApplicationContext.log ContextListener: contextInitialized()
11-Dec-2025 18:06:57.847 INFO [main] org.apache.catalina.core.ApplicationContext.log SessionListener: contextInitialized()
11-Dec-2025 18:06:57.848 INFO [main] org.apache.catalina.core.ApplicationContext.log ContextListener: attributeAdded('StockTicker', 'async.Stockticker@4337afd')
11-Dec-2025 18:15:46.163 INFO [Thread-1] org.apache.catalina.core.ApplicationContext.log SessionListener: contextDestroyed()
11-Dec-2025 18:15:46.163 INFO [Thread-1] org.apache.catalina.core.ApplicationContext.log ContextListener: contextDestroyed()
11-Dec-2025 18:15:48.037 INFO [main] org.apache.catalina.core.ApplicationContext.log ContextListener: contextInitialized()
11-Dec-2025 18:15:48.037 INFO [main] org.apache.catalina.core.ApplicationContext.log SessionListener: contextInitialized()
11-Dec-2025 18:15:48.038 INFO [main] org.apache.catalina.core.ApplicationContext.log ContextListener: attributeAdded('StockTicker', 'async.Stockticker@64da6cbd')
11-Dec-2025 18:18:59.384 INFO [Thread-1] org.apache.catalina.core.ApplicationContext.log SessionListener: contextDestroyed()
11-Dec-2025 18:18:59.384 INFO [Thread-1] org.apache.catalina.core.ApplicationContext.log ContextListener: contextDestroyed()
