26-Nov-2025 09:14:41.423 INFO [main] org.apache.catalina.core.ApplicationContext.log ContextListener: contextInitialized()
26-Nov-2025 09:14:41.423 INFO [main] org.apache.catalina.core.ApplicationContext.log SessionListener: contextInitialized()
26-Nov-2025 09:14:41.425 INFO [main] org.apache.catalina.core.ApplicationContext.log ContextListener: attributeAdded('StockTicker', 'async.Stockticker@1d02af26')
26-Nov-2025 09:16:44.433 INFO [Thread-1] org.apache.catalina.core.ApplicationContext.log SessionListener: contextDestroyed()
26-Nov-2025 09:16:44.433 INFO [Thread-1] org.apache.catalina.core.ApplicationContext.log ContextListener: contextDestroyed()
26-Nov-2025 09:21:12.331 INFO [main] org.apache.catalina.core.ApplicationContext.log ContextListener: contextInitialized()
26-Nov-2025 09:21:12.331 INFO [main] org.apache.catalina.core.ApplicationContext.log SessionListener: contextInitialized()
26-Nov-2025 09:21:12.332 INFO [main] org.apache.catalina.core.ApplicationContext.log ContextListener: attributeAdded('StockTicker', 'async.Stockticker@4337afd')
26-Nov-2025 09:25:23.780 INFO [Thread-1] org.apache.catalina.core.ApplicationContext.log SessionListener: contextDestroyed()
26-Nov-2025 09:25:23.780 INFO [Thread-1] org.apache.catalina.core.ApplicationContext.log ContextListener: contextDestroyed()
26-Nov-2025 09:25:25.248 INFO [main] org.apache.catalina.core.ApplicationContext.log ContextListener: contextInitialized()
26-Nov-2025 09:25:25.248 INFO [main] org.apache.catalina.core.ApplicationContext.log SessionListener: contextInitialized()
26-Nov-2025 09:25:25.249 INFO [main] org.apache.catalina.core.ApplicationContext.log ContextListener: attributeAdded('StockTicker', 'async.Stockticker@4337afd')
26-Nov-2025 09:25:26.698 SEVERE [http-nio-8080-exec-1] org.apache.catalina.core.StandardWrapperValve.invoke Servlet.service() for servlet [JoueursDisponibles] in context with path [/vide] threw exception
	java.lang.NullPointerException: Cannot invoke "String.isEmpty()" because "<local3>" is null
		at JoueursDisponibles.service(JoueursDisponibles.java:25)
		at jakarta.servlet.http.HttpServlet.service(HttpServlet.java:710)
		at org.apache.catalina.core.ApplicationFilterChain.doFilter(ApplicationFilterChain.java:128)
		at org.apache.tomcat.websocket.server.WsFilter.doFilter(WsFilter.java:53)
		at org.apache.catalina.core.ApplicationFilterChain.doFilter(ApplicationFilterChain.java:107)
		at org.apache.catalina.core.StandardWrapperValve.invoke(StandardWrapperValve.java:165)
		at org.apache.catalina.core.StandardContextValve.invoke(StandardContextValve.java:77)
		at org.apache.catalina.authenticator.AuthenticatorBase.invoke(AuthenticatorBase.java:482)
		at org.apache.catalina.core.StandardHostValve.invoke(StandardHostValve.java:113)
		at org.apache.catalina.valves.ErrorReportValve.invoke(ErrorReportValve.java:83)
		at org.apache.catalina.valves.AbstractAccessLogValve.invoke(AbstractAccessLogValve.java:654)
		at org.apache.catalina.core.StandardEngineValve.invoke(StandardEngineValve.java:72)
		at org.apache.catalina.connector.CoyoteAdapter.service(CoyoteAdapter.java:341)
		at org.apache.coyote.http11.Http11Processor.service(Http11Processor.java:397)
		at org.apache.coyote.AbstractProcessorLight.process(AbstractProcessorLight.java:63)
		at org.apache.coyote.AbstractProtocol$ConnectionHandler.process(AbstractProtocol.java:903)
		at org.apache.tomcat.util.net.NioEndpoint$SocketProcessor.doRun(NioEndpoint.java:1778)
		at org.apache.tomcat.util.net.SocketProcessorBase.run(SocketProcessorBase.java:52)
		at org.apache.tomcat.util.threads.ThreadPoolExecutor.runWorker(ThreadPoolExecutor.java:946)
		at org.apache.tomcat.util.threads.ThreadPoolExecutor$Worker.run(ThreadPoolExecutor.java:480)
		at org.apache.tomcat.util.threads.TaskThread$WrappingRunnable.run(TaskThread.java:57)
		at java.base/java.lang.Thread.run(Thread.java:840)
26-Nov-2025 09:25:27.436 SEVERE [http-nio-8080-exec-2] org.apache.catalina.core.StandardWrapperValve.invoke Servlet.service() for servlet [JoueursDisponibles] in context with path [/vide] threw exception
	java.lang.NullPointerException: Cannot invoke "String.isEmpty()" because "<local3>" is null
		at JoueursDisponibles.service(JoueursDisponibles.java:25)
		at jakarta.servlet.http.HttpServlet.service(HttpServlet.java:710)
		at org.apache.catalina.core.ApplicationFilterChain.doFilter(ApplicationFilterChain.java:128)
		at org.apache.tomcat.websocket.server.WsFilter.doFilter(WsFilter.java:53)
		at org.apache.catalina.core.ApplicationFilterChain.doFilter(ApplicationFilterChain.java:107)
		at org.apache.catalina.core.StandardWrapperValve.invoke(StandardWrapperValve.java:165)
		at org.apache.catalina.core.StandardContextValve.invoke(StandardContextValve.java:77)
		at org.apache.catalina.authenticator.AuthenticatorBase.invoke(AuthenticatorBase.java:482)
		at org.apache.catalina.core.StandardHostValve.invoke(StandardHostValve.java:113)
		at org.apache.catalina.valves.ErrorReportValve.invoke(ErrorReportValve.java:83)
		at org.apache.catalina.valves.AbstractAccessLogValve.invoke(AbstractAccessLogValve.java:654)
		at org.apache.catalina.core.StandardEngineValve.invoke(StandardEngineValve.java:72)
		at org.apache.catalina.connector.CoyoteAdapter.service(CoyoteAdapter.java:341)
		at org.apache.coyote.http11.Http11Processor.service(Http11Processor.java:397)
		at org.apache.coyote.AbstractProcessorLight.process(AbstractProcessorLight.java:63)
		at org.apache.coyote.AbstractProtocol$ConnectionHandler.process(AbstractProtocol.java:903)
		at org.apache.tomcat.util.net.NioEndpoint$SocketProcessor.doRun(NioEndpoint.java:1778)
		at org.apache.tomcat.util.net.SocketProcessorBase.run(SocketProcessorBase.java:52)
		at org.apache.tomcat.util.threads.ThreadPoolExecutor.runWorker(ThreadPoolExecutor.java:946)
		at org.apache.tomcat.util.threads.ThreadPoolExecutor$Worker.run(ThreadPoolExecutor.java:480)
		at org.apache.tomcat.util.threads.TaskThread$WrappingRunnable.run(TaskThread.java:57)
		at java.base/java.lang.Thread.run(Thread.java:840)
26-Nov-2025 09:25:49.893 INFO [Thread-1] org.apache.catalina.core.ApplicationContext.log SessionListener: contextDestroyed()
26-Nov-2025 09:25:49.893 INFO [Thread-1] org.apache.catalina.core.ApplicationContext.log ContextListener: contextDestroyed()
26-Nov-2025 09:25:51.297 INFO [main] org.apache.catalina.core.ApplicationContext.log ContextListener: contextInitialized()
26-Nov-2025 09:25:51.297 INFO [main] org.apache.catalina.core.ApplicationContext.log SessionListener: contextInitialized()
26-Nov-2025 09:25:51.298 INFO [main] org.apache.catalina.core.ApplicationContext.log ContextListener: attributeAdded('StockTicker', 'async.Stockticker@4337afd')
26-Nov-2025 09:26:12.947 INFO [Thread-1] org.apache.catalina.core.ApplicationContext.log SessionListener: contextDestroyed()
26-Nov-2025 09:26:12.947 INFO [Thread-1] org.apache.catalina.core.ApplicationContext.log ContextListener: contextDestroyed()
26-Nov-2025 09:26:14.498 INFO [main] org.apache.catalina.core.ApplicationContext.log ContextListener: contextInitialized()
26-Nov-2025 09:26:14.498 INFO [main] org.apache.catalina.core.ApplicationContext.log SessionListener: contextInitialized()
26-Nov-2025 09:26:14.499 INFO [main] org.apache.catalina.core.ApplicationContext.log ContextListener: attributeAdded('StockTicker', 'async.Stockticker@4ed9f7b1')
26-Nov-2025 09:27:42.506 INFO [Thread-1] org.apache.catalina.core.ApplicationContext.log SessionListener: contextDestroyed()
26-Nov-2025 09:27:42.506 INFO [Thread-1] org.apache.catalina.core.ApplicationContext.log ContextListener: contextDestroyed()
26-Nov-2025 09:27:44.218 INFO [main] org.apache.catalina.core.ApplicationContext.log ContextListener: contextInitialized()
26-Nov-2025 09:27:44.218 INFO [main] org.apache.catalina.core.ApplicationContext.log SessionListener: contextInitialized()
26-Nov-2025 09:27:44.219 INFO [main] org.apache.catalina.core.ApplicationContext.log ContextListener: attributeAdded('StockTicker', 'async.Stockticker@4337afd')
26-Nov-2025 09:27:52.257 INFO [Thread-1] org.apache.catalina.core.ApplicationContext.log SessionListener: contextDestroyed()
26-Nov-2025 09:27:52.257 INFO [Thread-1] org.apache.catalina.core.ApplicationContext.log ContextListener: contextDestroyed()
26-Nov-2025 09:27:53.690 INFO [main] org.apache.catalina.core.ApplicationContext.log ContextListener: contextInitialized()
26-Nov-2025 09:27:53.691 INFO [main] org.apache.catalina.core.ApplicationContext.log SessionListener: contextInitialized()
26-Nov-2025 09:27:53.691 INFO [main] org.apache.catalina.core.ApplicationContext.log ContextListener: attributeAdded('StockTicker', 'async.Stockticker@4337afd')
26-Nov-2025 09:27:59.446 INFO [Thread-1] org.apache.catalina.core.ApplicationContext.log SessionListener: contextDestroyed()
26-Nov-2025 09:27:59.446 INFO [Thread-1] org.apache.catalina.core.ApplicationContext.log ContextListener: contextDestroyed()
26-Nov-2025 09:28:04.263 INFO [main] org.apache.catalina.core.ApplicationContext.log ContextListener: contextInitialized()
26-Nov-2025 09:28:04.263 INFO [main] org.apache.catalina.core.ApplicationContext.log SessionListener: contextInitialized()
26-Nov-2025 09:28:04.264 INFO [main] org.apache.catalina.core.ApplicationContext.log ContextListener: attributeAdded('StockTicker', 'async.Stockticker@4337afd')
26-Nov-2025 09:29:08.332 INFO [Thread-1] org.apache.catalina.core.ApplicationContext.log SessionListener: contextDestroyed()
26-Nov-2025 09:29:08.332 INFO [Thread-1] org.apache.catalina.core.ApplicationContext.log ContextListener: contextDestroyed()
26-Nov-2025 09:29:10.022 INFO [main] org.apache.catalina.core.ApplicationContext.log ContextListener: contextInitialized()
26-Nov-2025 09:29:10.023 INFO [main] org.apache.catalina.core.ApplicationContext.log SessionListener: contextInitialized()
26-Nov-2025 09:29:10.034 INFO [main] org.apache.catalina.core.ApplicationContext.log ContextListener: attributeAdded('StockTicker', 'async.Stockticker@3fa7df1')
26-Nov-2025 09:30:31.540 INFO [Thread-1] org.apache.catalina.core.ApplicationContext.log SessionListener: contextDestroyed()
26-Nov-2025 09:30:31.540 INFO [Thread-1] org.apache.catalina.core.ApplicationContext.log ContextListener: contextDestroyed()
26-Nov-2025 09:30:35.243 INFO [main] org.apache.catalina.core.ApplicationContext.log ContextListener: contextInitialized()
26-Nov-2025 09:30:35.243 INFO [main] org.apache.catalina.core.ApplicationContext.log SessionListener: contextInitialized()
26-Nov-2025 09:30:35.244 INFO [main] org.apache.catalina.core.ApplicationContext.log ContextListener: attributeAdded('StockTicker', 'async.Stockticker@4ed9f7b1')
26-Nov-2025 09:35:13.635 INFO [Thread-1] org.apache.catalina.core.ApplicationContext.log SessionListener: contextDestroyed()
26-Nov-2025 09:35:13.636 INFO [Thread-1] org.apache.catalina.core.ApplicationContext.log ContextListener: contextDestroyed()
26-Nov-2025 09:35:15.298 INFO [main] org.apache.catalina.core.ApplicationContext.log ContextListener: contextInitialized()
26-Nov-2025 09:35:15.298 INFO [main] org.apache.catalina.core.ApplicationContext.log SessionListener: contextInitialized()
26-Nov-2025 09:35:15.299 INFO [main] org.apache.catalina.core.ApplicationContext.log ContextListener: attributeAdded('StockTicker', 'async.Stockticker@1d02af26')
26-Nov-2025 09:35:32.637 INFO [Thread-1] org.apache.catalina.core.ApplicationContext.log SessionListener: contextDestroyed()
26-Nov-2025 09:35:32.637 INFO [Thread-1] org.apache.catalina.core.ApplicationContext.log ContextListener: contextDestroyed()
26-Nov-2025 09:35:34.066 INFO [main] org.apache.catalina.core.ApplicationContext.log ContextListener: contextInitialized()
26-Nov-2025 09:35:34.066 INFO [main] org.apache.catalina.core.ApplicationContext.log SessionListener: contextInitialized()
26-Nov-2025 09:35:34.067 INFO [main] org.apache.catalina.core.ApplicationContext.log ContextListener: attributeAdded('StockTicker', 'async.Stockticker@32456db0')
26-Nov-2025 09:35:58.044 INFO [Thread-1] org.apache.catalina.core.ApplicationContext.log SessionListener: contextDestroyed()
26-Nov-2025 09:35:58.044 INFO [Thread-1] org.apache.catalina.core.ApplicationContext.log ContextListener: contextDestroyed()
26-Nov-2025 09:35:59.533 INFO [main] org.apache.catalina.core.ApplicationContext.log ContextListener: contextInitialized()
26-Nov-2025 09:35:59.533 INFO [main] org.apache.catalina.core.ApplicationContext.log SessionListener: contextInitialized()
26-Nov-2025 09:35:59.534 INFO [main] org.apache.catalina.core.ApplicationContext.log ContextListener: attributeAdded('StockTicker', 'async.Stockticker@5f5827d0')
26-Nov-2025 09:36:55.331 INFO [Thread-1] org.apache.catalina.core.ApplicationContext.log SessionListener: contextDestroyed()
26-Nov-2025 09:36:55.331 INFO [Thread-1] org.apache.catalina.core.ApplicationContext.log ContextListener: contextDestroyed()
26-Nov-2025 09:36:56.876 INFO [main] org.apache.catalina.core.ApplicationContext.log ContextListener: contextInitialized()
26-Nov-2025 09:36:56.876 INFO [main] org.apache.catalina.core.ApplicationContext.log SessionListener: contextInitialized()
26-Nov-2025 09:36:56.877 INFO [main] org.apache.catalina.core.ApplicationContext.log ContextListener: attributeAdded('StockTicker', 'async.Stockticker@3fa7df1')
26-Nov-2025 09:38:51.659 INFO [Thread-1] org.apache.catalina.core.ApplicationContext.log SessionListener: contextDestroyed()
26-Nov-2025 09:38:51.659 INFO [Thread-1] org.apache.catalina.core.ApplicationContext.log ContextListener: contextDestroyed()
26-Nov-2025 09:38:53.297 INFO [main] org.apache.catalina.core.ApplicationContext.log ContextListener: contextInitialized()
26-Nov-2025 09:38:53.297 INFO [main] org.apache.catalina.core.ApplicationContext.log SessionListener: contextInitialized()
26-Nov-2025 09:38:53.298 INFO [main] org.apache.catalina.core.ApplicationContext.log ContextListener: attributeAdded('StockTicker', 'async.Stockticker@4337afd')
26-Nov-2025 09:39:30.982 INFO [Thread-1] org.apache.catalina.core.ApplicationContext.log SessionListener: contextDestroyed()
26-Nov-2025 09:39:30.982 INFO [Thread-1] org.apache.catalina.core.ApplicationContext.log ContextListener: contextDestroyed()
26-Nov-2025 09:39:32.458 INFO [main] org.apache.catalina.core.ApplicationContext.log ContextListener: contextInitialized()
26-Nov-2025 09:39:32.458 INFO [main] org.apache.catalina.core.ApplicationContext.log SessionListener: contextInitialized()
26-Nov-2025 09:39:32.459 INFO [main] org.apache.catalina.core.ApplicationContext.log ContextListener: attributeAdded('StockTicker', 'async.Stockticker@3fa7df1')
26-Nov-2025 09:49:36.236 INFO [Thread-1] org.apache.catalina.core.ApplicationContext.log SessionListener: contextDestroyed()
26-Nov-2025 09:49:36.236 INFO [Thread-1] org.apache.catalina.core.ApplicationContext.log ContextListener: contextDestroyed()
26-Nov-2025 09:49:37.803 INFO [main] org.apache.catalina.core.ApplicationContext.log ContextListener: contextInitialized()
26-Nov-2025 09:49:37.804 INFO [main] org.apache.catalina.core.ApplicationContext.log SessionListener: contextInitialized()
26-Nov-2025 09:49:37.804 INFO [main] org.apache.catalina.core.ApplicationContext.log ContextListener: attributeAdded('StockTicker', 'async.Stockticker@3fa7df1')
26-Nov-2025 09:51:51.876 INFO [Thread-1] org.apache.catalina.core.ApplicationContext.log SessionListener: contextDestroyed()
26-Nov-2025 09:51:51.876 INFO [Thread-1] org.apache.catalina.core.ApplicationContext.log ContextListener: contextDestroyed()
26-Nov-2025 09:51:53.463 INFO [main] org.apache.catalina.core.ApplicationContext.log ContextListener: contextInitialized()
26-Nov-2025 09:51:53.463 INFO [main] org.apache.catalina.core.ApplicationContext.log SessionListener: contextInitialized()
26-Nov-2025 09:51:53.464 INFO [main] org.apache.catalina.core.ApplicationContext.log ContextListener: attributeAdded('StockTicker', 'async.Stockticker@4dd90166')
26-Nov-2025 09:53:01.501 INFO [Thread-1] org.apache.catalina.core.ApplicationContext.log SessionListener: contextDestroyed()
26-Nov-2025 09:53:01.501 INFO [Thread-1] org.apache.catalina.core.ApplicationContext.log ContextListener: contextDestroyed()
26-Nov-2025 09:53:03.170 INFO [main] org.apache.catalina.core.ApplicationContext.log ContextListener: contextInitialized()
26-Nov-2025 09:53:03.170 INFO [main] org.apache.catalina.core.ApplicationContext.log SessionListener: contextInitialized()
26-Nov-2025 09:53:03.171 INFO [main] org.apache.catalina.core.ApplicationContext.log ContextListener: attributeAdded('StockTicker', 'async.Stockticker@4dd90166')
26-Nov-2025 09:55:45.518 INFO [Thread-1] org.apache.catalina.core.ApplicationContext.log SessionListener: contextDestroyed()
26-Nov-2025 09:55:45.518 INFO [Thread-1] org.apache.catalina.core.ApplicationContext.log ContextListener: contextDestroyed()
26-Nov-2025 09:55:47.113 INFO [main] org.apache.catalina.core.ApplicationContext.log ContextListener: contextInitialized()
26-Nov-2025 09:55:47.113 INFO [main] org.apache.catalina.core.ApplicationContext.log SessionListener: contextInitialized()
26-Nov-2025 09:55:47.115 INFO [main] org.apache.catalina.core.ApplicationContext.log ContextListener: attributeAdded('StockTicker', 'async.Stockticker@1d02af26')
26-Nov-2025 09:56:41.254 INFO [Thread-1] org.apache.catalina.core.ApplicationContext.log SessionListener: contextDestroyed()
26-Nov-2025 09:56:41.254 INFO [Thread-1] org.apache.catalina.core.ApplicationContext.log ContextListener: contextDestroyed()
26-Nov-2025 09:56:42.657 INFO [main] org.apache.catalina.core.ApplicationContext.log ContextListener: contextInitialized()
26-Nov-2025 09:56:42.657 INFO [main] org.apache.catalina.core.ApplicationContext.log SessionListener: contextInitialized()
26-Nov-2025 09:56:42.659 INFO [main] org.apache.catalina.core.ApplicationContext.log ContextListener: attributeAdded('StockTicker', 'async.Stockticker@4dd90166')
26-Nov-2025 09:57:35.194 INFO [Thread-1] org.apache.catalina.core.ApplicationContext.log SessionListener: contextDestroyed()
26-Nov-2025 09:57:35.194 INFO [Thread-1] org.apache.catalina.core.ApplicationContext.log ContextListener: contextDestroyed()
26-Nov-2025 09:57:37.108 INFO [main] org.apache.catalina.core.ApplicationContext.log ContextListener: contextInitialized()
26-Nov-2025 09:57:37.108 INFO [main] org.apache.catalina.core.ApplicationContext.log SessionListener: contextInitialized()
26-Nov-2025 09:57:37.109 INFO [main] org.apache.catalina.core.ApplicationContext.log ContextListener: attributeAdded('StockTicker', 'async.Stockticker@4dd90166')
26-Nov-2025 10:00:47.959 INFO [Thread-1] org.apache.catalina.core.ApplicationContext.log SessionListener: contextDestroyed()
26-Nov-2025 10:00:47.959 INFO [Thread-1] org.apache.catalina.core.ApplicationContext.log ContextListener: contextDestroyed()
26-Nov-2025 10:00:49.526 INFO [main] org.apache.catalina.core.ApplicationContext.log ContextListener: contextInitialized()
26-Nov-2025 10:00:49.526 INFO [main] org.apache.catalina.core.ApplicationContext.log SessionListener: contextInitialized()
26-Nov-2025 10:00:49.527 INFO [main] org.apache.catalina.core.ApplicationContext.log ContextListener: attributeAdded('StockTicker', 'async.Stockticker@4dd90166')
26-Nov-2025 10:02:31.967 INFO [Thread-1] org.apache.catalina.core.ApplicationContext.log SessionListener: contextDestroyed()
26-Nov-2025 10:02:31.967 INFO [Thread-1] org.apache.catalina.core.ApplicationContext.log ContextListener: contextDestroyed()
26-Nov-2025 10:02:33.495 INFO [main] org.apache.catalina.core.ApplicationContext.log ContextListener: contextInitialized()
26-Nov-2025 10:02:33.495 INFO [main] org.apache.catalina.core.ApplicationContext.log SessionListener: contextInitialized()
26-Nov-2025 10:02:33.496 INFO [main] org.apache.catalina.core.ApplicationContext.log ContextListener: attributeAdded('StockTicker', 'async.Stockticker@1d02af26')
26-Nov-2025 10:05:02.829 INFO [Thread-1] org.apache.catalina.core.ApplicationContext.log SessionListener: contextDestroyed()
26-Nov-2025 10:05:02.829 INFO [Thread-1] org.apache.catalina.core.ApplicationContext.log ContextListener: contextDestroyed()
26-Nov-2025 10:05:04.417 INFO [main] org.apache.catalina.core.ApplicationContext.log ContextListener: contextInitialized()
26-Nov-2025 10:05:04.417 INFO [main] org.apache.catalina.core.ApplicationContext.log SessionListener: contextInitialized()
26-Nov-2025 10:05:04.418 INFO [main] org.apache.catalina.core.ApplicationContext.log ContextListener: attributeAdded('StockTicker', 'async.Stockticker@58a2d9f9')
26-Nov-2025 10:09:42.055 INFO [Thread-1] org.apache.catalina.core.ApplicationContext.log SessionListener: contextDestroyed()
26-Nov-2025 10:09:42.055 INFO [Thread-1] org.apache.catalina.core.ApplicationContext.log ContextListener: contextDestroyed()
26-Nov-2025 10:09:44.374 INFO [main] org.apache.catalina.core.ApplicationContext.log ContextListener: contextInitialized()
26-Nov-2025 10:09:44.374 INFO [main] org.apache.catalina.core.ApplicationContext.log SessionListener: contextInitialized()
26-Nov-2025 10:09:44.375 INFO [main] org.apache.catalina.core.ApplicationContext.log ContextListener: attributeAdded('StockTicker', 'async.Stockticker@1d02af26')
26-Nov-2025 10:10:01.630 INFO [Thread-1] org.apache.catalina.core.ApplicationContext.log SessionListener: contextDestroyed()
26-Nov-2025 10:10:01.630 INFO [Thread-1] org.apache.catalina.core.ApplicationContext.log ContextListener: contextDestroyed()
26-Nov-2025 10:10:03.061 INFO [main] org.apache.catalina.core.ApplicationContext.log ContextListener: contextInitialized()
26-Nov-2025 10:10:03.061 INFO [main] org.apache.catalina.core.ApplicationContext.log SessionListener: contextInitialized()
26-Nov-2025 10:10:03.062 INFO [main] org.apache.catalina.core.ApplicationContext.log ContextListener: attributeAdded('StockTicker', 'async.Stockticker@58a2d9f9')
26-Nov-2025 10:11:07.671 INFO [Thread-1] org.apache.catalina.core.ApplicationContext.log SessionListener: contextDestroyed()
26-Nov-2025 10:11:07.672 INFO [Thread-1] org.apache.catalina.core.ApplicationContext.log ContextListener: contextDestroyed()
26-Nov-2025 10:11:09.178 INFO [main] org.apache.catalina.core.ApplicationContext.log ContextListener: contextInitialized()
26-Nov-2025 10:11:09.178 INFO [main] org.apache.catalina.core.ApplicationContext.log SessionListener: contextInitialized()
26-Nov-2025 10:11:09.179 INFO [main] org.apache.catalina.core.ApplicationContext.log ContextListener: attributeAdded('StockTicker', 'async.Stockticker@2d119405')
26-Nov-2025 10:11:23.351 INFO [Thread-1] org.apache.catalina.core.ApplicationContext.log SessionListener: contextDestroyed()
26-Nov-2025 10:11:23.352 INFO [Thread-1] org.apache.catalina.core.ApplicationContext.log ContextListener: contextDestroyed()
26-Nov-2025 10:11:24.789 INFO [main] org.apache.catalina.core.ApplicationContext.log ContextListener: contextInitialized()
26-Nov-2025 10:11:24.789 INFO [main] org.apache.catalina.core.ApplicationContext.log SessionListener: contextInitialized()
26-Nov-2025 10:11:24.790 INFO [main] org.apache.catalina.core.ApplicationContext.log ContextListener: attributeAdded('StockTicker', 'async.Stockticker@1d02af26')
26-Nov-2025 10:17:58.609 INFO [Thread-1] org.apache.catalina.core.ApplicationContext.log SessionListener: contextDestroyed()
26-Nov-2025 10:17:58.609 INFO [Thread-1] org.apache.catalina.core.ApplicationContext.log ContextListener: contextDestroyed()
26-Nov-2025 10:18:11.000 INFO [main] org.apache.catalina.core.ApplicationContext.log ContextListener: contextInitialized()
26-Nov-2025 10:18:11.000 INFO [main] org.apache.catalina.core.ApplicationContext.log SessionListener: contextInitialized()
26-Nov-2025 10:18:11.001 INFO [main] org.apache.catalina.core.ApplicationContext.log ContextListener: attributeAdded('StockTicker', 'async.Stockticker@1d02af26')
26-Nov-2025 10:26:28.140 INFO [Thread-1] org.apache.catalina.core.ApplicationContext.log SessionListener: contextDestroyed()
26-Nov-2025 10:26:28.140 INFO [Thread-1] org.apache.catalina.core.ApplicationContext.log ContextListener: contextDestroyed()
26-Nov-2025 10:26:29.617 INFO [main] org.apache.catalina.core.ApplicationContext.log ContextListener: contextInitialized()
26-Nov-2025 10:26:29.617 INFO [main] org.apache.catalina.core.ApplicationContext.log SessionListener: contextInitialized()
26-Nov-2025 10:26:29.618 INFO [main] org.apache.catalina.core.ApplicationContext.log ContextListener: attributeAdded('StockTicker', 'async.Stockticker@1d02af26')
26-Nov-2025 10:26:56.421 INFO [Thread-1] org.apache.catalina.core.ApplicationContext.log SessionListener: contextDestroyed()
26-Nov-2025 10:26:56.421 INFO [Thread-1] org.apache.catalina.core.ApplicationContext.log ContextListener: contextDestroyed()
26-Nov-2025 10:26:57.927 INFO [main] org.apache.catalina.core.ApplicationContext.log ContextListener: contextInitialized()
26-Nov-2025 10:26:57.927 INFO [main] org.apache.catalina.core.ApplicationContext.log SessionListener: contextInitialized()
26-Nov-2025 10:26:57.928 INFO [main] org.apache.catalina.core.ApplicationContext.log ContextListener: attributeAdded('StockTicker', 'async.Stockticker@4dd90166')
26-Nov-2025 10:27:37.737 INFO [Thread-1] org.apache.catalina.core.ApplicationContext.log SessionListener: contextDestroyed()
26-Nov-2025 10:27:37.737 INFO [Thread-1] org.apache.catalina.core.ApplicationContext.log ContextListener: contextDestroyed()
26-Nov-2025 10:27:39.275 INFO [main] org.apache.catalina.core.ApplicationContext.log ContextListener: contextInitialized()
26-Nov-2025 10:27:39.276 INFO [main] org.apache.catalina.core.ApplicationContext.log SessionListener: contextInitialized()
26-Nov-2025 10:27:39.276 INFO [main] org.apache.catalina.core.ApplicationContext.log ContextListener: attributeAdded('StockTicker', 'async.Stockticker@4dd90166')
26-Nov-2025 10:28:04.978 INFO [Thread-1] org.apache.catalina.core.ApplicationContext.log SessionListener: contextDestroyed()
26-Nov-2025 10:28:04.978 INFO [Thread-1] org.apache.catalina.core.ApplicationContext.log ContextListener: contextDestroyed()
26-Nov-2025 10:28:06.547 INFO [main] org.apache.catalina.core.ApplicationContext.log ContextListener: contextInitialized()
26-Nov-2025 10:28:06.547 INFO [main] org.apache.catalina.core.ApplicationContext.log SessionListener: contextInitialized()
26-Nov-2025 10:28:06.548 INFO [main] org.apache.catalina.core.ApplicationContext.log ContextListener: attributeAdded('StockTicker', 'async.Stockticker@1d02af26')
26-Nov-2025 10:28:26.275 INFO [Thread-1] org.apache.catalina.core.ApplicationContext.log SessionListener: contextDestroyed()
26-Nov-2025 10:28:26.275 INFO [Thread-1] org.apache.catalina.core.ApplicationContext.log ContextListener: contextDestroyed()
26-Nov-2025 10:28:27.723 INFO [main] org.apache.catalina.core.ApplicationContext.log ContextListener: contextInitialized()
26-Nov-2025 10:28:27.723 INFO [main] org.apache.catalina.core.ApplicationContext.log SessionListener: contextInitialized()
26-Nov-2025 10:28:27.724 INFO [main] org.apache.catalina.core.ApplicationContext.log ContextListener: attributeAdded('StockTicker', 'async.Stockticker@58a2d9f9')
26-Nov-2025 10:29:03.548 INFO [Thread-1] org.apache.catalina.core.ApplicationContext.log SessionListener: contextDestroyed()
26-Nov-2025 10:29:03.548 INFO [Thread-1] org.apache.catalina.core.ApplicationContext.log ContextListener: contextDestroyed()
26-Nov-2025 10:29:05.175 INFO [main] org.apache.catalina.core.ApplicationContext.log ContextListener: contextInitialized()
26-Nov-2025 10:29:05.175 INFO [main] org.apache.catalina.core.ApplicationContext.log SessionListener: contextInitialized()
26-Nov-2025 10:29:05.176 INFO [main] org.apache.catalina.core.ApplicationContext.log ContextListener: attributeAdded('StockTicker', 'async.Stockticker@1d02af26')
26-Nov-2025 10:29:11.932 INFO [Thread-1] org.apache.catalina.core.ApplicationContext.log SessionListener: contextDestroyed()
26-Nov-2025 10:29:11.932 INFO [Thread-1] org.apache.catalina.core.ApplicationContext.log ContextListener: contextDestroyed()
26-Nov-2025 10:29:35.176 INFO [main] org.apache.catalina.core.ApplicationContext.log ContextListener: contextInitialized()
26-Nov-2025 10:29:35.176 INFO [main] org.apache.catalina.core.ApplicationContext.log SessionListener: contextInitialized()
26-Nov-2025 10:29:35.177 INFO [main] org.apache.catalina.core.ApplicationContext.log ContextListener: attributeAdded('StockTicker', 'async.Stockticker@4dd90166')
26-Nov-2025 10:36:19.764 INFO [Thread-1] org.apache.catalina.core.ApplicationContext.log SessionListener: contextDestroyed()
26-Nov-2025 10:36:19.764 INFO [Thread-1] org.apache.catalina.core.ApplicationContext.log ContextListener: contextDestroyed()
26-Nov-2025 10:36:21.695 INFO [main] org.apache.catalina.core.ApplicationContext.log ContextListener: contextInitialized()
26-Nov-2025 10:36:21.695 INFO [main] org.apache.catalina.core.ApplicationContext.log SessionListener: contextInitialized()
26-Nov-2025 10:36:21.696 INFO [main] org.apache.catalina.core.ApplicationContext.log ContextListener: attributeAdded('StockTicker', 'async.Stockticker@4dd90166')
26-Nov-2025 10:47:09.813 INFO [Thread-1] org.apache.catalina.core.ApplicationContext.log SessionListener: contextDestroyed()
26-Nov-2025 10:47:09.813 INFO [Thread-1] org.apache.catalina.core.ApplicationContext.log ContextListener: contextDestroyed()
26-Nov-2025 10:47:11.348 INFO [main] org.apache.catalina.core.ApplicationContext.log ContextListener: contextInitialized()
26-Nov-2025 10:47:11.348 INFO [main] org.apache.catalina.core.ApplicationContext.log SessionListener: contextInitialized()
26-Nov-2025 10:47:11.350 INFO [main] org.apache.catalina.core.ApplicationContext.log ContextListener: attributeAdded('StockTicker', 'async.Stockticker@4dd90166')
26-Nov-2025 10:47:34.198 INFO [Thread-1] org.apache.catalina.core.ApplicationContext.log SessionListener: contextDestroyed()
26-Nov-2025 10:47:34.198 INFO [Thread-1] org.apache.catalina.core.ApplicationContext.log ContextListener: contextDestroyed()
26-Nov-2025 10:47:35.648 INFO [main] org.apache.catalina.core.ApplicationContext.log ContextListener: contextInitialized()
26-Nov-2025 10:47:35.648 INFO [main] org.apache.catalina.core.ApplicationContext.log SessionListener: contextInitialized()
26-Nov-2025 10:47:35.650 INFO [main] org.apache.catalina.core.ApplicationContext.log ContextListener: attributeAdded('StockTicker', 'async.Stockticker@4dd90166')
26-Nov-2025 10:47:36.597 SEVERE [http-nio-8080-exec-1] org.apache.catalina.core.StandardWrapperValve.invoke Servlet.service() for servlet [JoueursDisponibles] in context with path [/vide] threw exception
	java.lang.NumberFormatException: For input string: ""
		at java.base/java.lang.NumberFormatException.forInputString(NumberFormatException.java:67)
		at java.base/java.lang.Integer.parseInt(Integer.java:678)
		at java.base/java.lang.Integer.parseInt(Integer.java:786)
		at JoueursDisponibles.service(JoueursDisponibles.java:36)
		at jakarta.servlet.http.HttpServlet.service(HttpServlet.java:710)
		at org.apache.catalina.core.ApplicationFilterChain.doFilter(ApplicationFilterChain.java:128)
		at org.apache.tomcat.websocket.server.WsFilter.doFilter(WsFilter.java:53)
		at org.apache.catalina.core.ApplicationFilterChain.doFilter(ApplicationFilterChain.java:107)
		at org.apache.catalina.core.StandardWrapperValve.invoke(StandardWrapperValve.java:165)
		at org.apache.catalina.core.StandardContextValve.invoke(StandardContextValve.java:77)
		at org.apache.catalina.authenticator.AuthenticatorBase.invoke(AuthenticatorBase.java:482)
		at org.apache.catalina.core.StandardHostValve.invoke(StandardHostValve.java:113)
		at org.apache.catalina.valves.ErrorReportValve.invoke(ErrorReportValve.java:83)
		at org.apache.catalina.valves.AbstractAccessLogValve.invoke(AbstractAccessLogValve.java:654)
		at org.apache.catalina.core.StandardEngineValve.invoke(StandardEngineValve.java:72)
		at org.apache.catalina.connector.CoyoteAdapter.service(CoyoteAdapter.java:341)
		at org.apache.coyote.http11.Http11Processor.service(Http11Processor.java:397)
		at org.apache.coyote.AbstractProcessorLight.process(AbstractProcessorLight.java:63)
		at org.apache.coyote.AbstractProtocol$ConnectionHandler.process(AbstractProtocol.java:903)
		at org.apache.tomcat.util.net.NioEndpoint$SocketProcessor.doRun(NioEndpoint.java:1778)
		at org.apache.tomcat.util.net.SocketProcessorBase.run(SocketProcessorBase.java:52)
		at org.apache.tomcat.util.threads.ThreadPoolExecutor.runWorker(ThreadPoolExecutor.java:946)
		at org.apache.tomcat.util.threads.ThreadPoolExecutor$Worker.run(ThreadPoolExecutor.java:480)
		at org.apache.tomcat.util.threads.TaskThread$WrappingRunnable.run(TaskThread.java:57)
		at java.base/java.lang.Thread.run(Thread.java:840)
26-Nov-2025 10:47:37.244 SEVERE [http-nio-8080-exec-2] org.apache.catalina.core.StandardWrapperValve.invoke Servlet.service() for servlet [JoueursDisponibles] in context with path [/vide] threw exception
	java.lang.NumberFormatException: For input string: ""
		at java.base/java.lang.NumberFormatException.forInputString(NumberFormatException.java:67)
		at java.base/java.lang.Integer.parseInt(Integer.java:678)
		at java.base/java.lang.Integer.parseInt(Integer.java:786)
		at JoueursDisponibles.service(JoueursDisponibles.java:36)
		at jakarta.servlet.http.HttpServlet.service(HttpServlet.java:710)
		at org.apache.catalina.core.ApplicationFilterChain.doFilter(ApplicationFilterChain.java:128)
		at org.apache.tomcat.websocket.server.WsFilter.doFilter(WsFilter.java:53)
		at org.apache.catalina.core.ApplicationFilterChain.doFilter(ApplicationFilterChain.java:107)
		at org.apache.catalina.core.StandardWrapperValve.invoke(StandardWrapperValve.java:165)
		at org.apache.catalina.core.StandardContextValve.invoke(StandardContextValve.java:77)
		at org.apache.catalina.authenticator.AuthenticatorBase.invoke(AuthenticatorBase.java:482)
		at org.apache.catalina.core.StandardHostValve.invoke(StandardHostValve.java:113)
		at org.apache.catalina.valves.ErrorReportValve.invoke(ErrorReportValve.java:83)
		at org.apache.catalina.valves.AbstractAccessLogValve.invoke(AbstractAccessLogValve.java:654)
		at org.apache.catalina.core.StandardEngineValve.invoke(StandardEngineValve.java:72)
		at org.apache.catalina.connector.CoyoteAdapter.service(CoyoteAdapter.java:341)
		at org.apache.coyote.http11.Http11Processor.service(Http11Processor.java:397)
		at org.apache.coyote.AbstractProcessorLight.process(AbstractProcessorLight.java:63)
		at org.apache.coyote.AbstractProtocol$ConnectionHandler.process(AbstractProtocol.java:903)
		at org.apache.tomcat.util.net.NioEndpoint$SocketProcessor.doRun(NioEndpoint.java:1778)
		at org.apache.tomcat.util.net.SocketProcessorBase.run(SocketProcessorBase.java:52)
		at org.apache.tomcat.util.threads.ThreadPoolExecutor.runWorker(ThreadPoolExecutor.java:946)
		at org.apache.tomcat.util.threads.ThreadPoolExecutor$Worker.run(ThreadPoolExecutor.java:480)
		at org.apache.tomcat.util.threads.TaskThread$WrappingRunnable.run(TaskThread.java:57)
		at java.base/java.lang.Thread.run(Thread.java:840)
26-Nov-2025 10:47:37.502 SEVERE [http-nio-8080-exec-3] org.apache.catalina.core.StandardWrapperValve.invoke Servlet.service() for servlet [JoueursDisponibles] in context with path [/vide] threw exception
	java.lang.NumberFormatException: For input string: ""
		at java.base/java.lang.NumberFormatException.forInputString(NumberFormatException.java:67)
		at java.base/java.lang.Integer.parseInt(Integer.java:678)
		at java.base/java.lang.Integer.parseInt(Integer.java:786)
		at JoueursDisponibles.service(JoueursDisponibles.java:36)
		at jakarta.servlet.http.HttpServlet.service(HttpServlet.java:710)
		at org.apache.catalina.core.ApplicationFilterChain.doFilter(ApplicationFilterChain.java:128)
		at org.apache.tomcat.websocket.server.WsFilter.doFilter(WsFilter.java:53)
		at org.apache.catalina.core.ApplicationFilterChain.doFilter(ApplicationFilterChain.java:107)
		at org.apache.catalina.core.StandardWrapperValve.invoke(StandardWrapperValve.java:165)
		at org.apache.catalina.core.StandardContextValve.invoke(StandardContextValve.java:77)
		at org.apache.catalina.authenticator.AuthenticatorBase.invoke(AuthenticatorBase.java:482)
		at org.apache.catalina.core.StandardHostValve.invoke(StandardHostValve.java:113)
		at org.apache.catalina.valves.ErrorReportValve.invoke(ErrorReportValve.java:83)
		at org.apache.catalina.valves.AbstractAccessLogValve.invoke(AbstractAccessLogValve.java:654)
		at org.apache.catalina.core.StandardEngineValve.invoke(StandardEngineValve.java:72)
		at org.apache.catalina.connector.CoyoteAdapter.service(CoyoteAdapter.java:341)
		at org.apache.coyote.http11.Http11Processor.service(Http11Processor.java:397)
		at org.apache.coyote.AbstractProcessorLight.process(AbstractProcessorLight.java:63)
		at org.apache.coyote.AbstractProtocol$ConnectionHandler.process(AbstractProtocol.java:903)
		at org.apache.tomcat.util.net.NioEndpoint$SocketProcessor.doRun(NioEndpoint.java:1778)
		at org.apache.tomcat.util.net.SocketProcessorBase.run(SocketProcessorBase.java:52)
		at org.apache.tomcat.util.threads.ThreadPoolExecutor.runWorker(ThreadPoolExecutor.java:946)
		at org.apache.tomcat.util.threads.ThreadPoolExecutor$Worker.run(ThreadPoolExecutor.java:480)
		at org.apache.tomcat.util.threads.TaskThread$WrappingRunnable.run(TaskThread.java:57)
		at java.base/java.lang.Thread.run(Thread.java:840)
26-Nov-2025 10:47:48.214 SEVERE [http-nio-8080-exec-4] org.apache.catalina.core.StandardWrapperValve.invoke Servlet.service() for servlet [JoueursDisponibles] in context with path [/vide] threw exception
	java.lang.NumberFormatException: For input string: ""
		at java.base/java.lang.NumberFormatException.forInputString(NumberFormatException.java:67)
		at java.base/java.lang.Integer.parseInt(Integer.java:678)
		at java.base/java.lang.Integer.parseInt(Integer.java:786)
		at JoueursDisponibles.service(JoueursDisponibles.java:36)
		at jakarta.servlet.http.HttpServlet.service(HttpServlet.java:710)
		at org.apache.catalina.core.ApplicationFilterChain.doFilter(ApplicationFilterChain.java:128)
		at org.apache.tomcat.websocket.server.WsFilter.doFilter(WsFilter.java:53)
		at org.apache.catalina.core.ApplicationFilterChain.doFilter(ApplicationFilterChain.java:107)
		at org.apache.catalina.core.StandardWrapperValve.invoke(StandardWrapperValve.java:165)
		at org.apache.catalina.core.StandardContextValve.invoke(StandardContextValve.java:77)
		at org.apache.catalina.authenticator.AuthenticatorBase.invoke(AuthenticatorBase.java:482)
		at org.apache.catalina.core.StandardHostValve.invoke(StandardHostValve.java:113)
		at org.apache.catalina.valves.ErrorReportValve.invoke(ErrorReportValve.java:83)
		at org.apache.catalina.valves.AbstractAccessLogValve.invoke(AbstractAccessLogValve.java:654)
		at org.apache.catalina.core.StandardEngineValve.invoke(StandardEngineValve.java:72)
		at org.apache.catalina.connector.CoyoteAdapter.service(CoyoteAdapter.java:341)
		at org.apache.coyote.http11.Http11Processor.service(Http11Processor.java:397)
		at org.apache.coyote.AbstractProcessorLight.process(AbstractProcessorLight.java:63)
		at org.apache.coyote.AbstractProtocol$ConnectionHandler.process(AbstractProtocol.java:903)
		at org.apache.tomcat.util.net.NioEndpoint$SocketProcessor.doRun(NioEndpoint.java:1778)
		at org.apache.tomcat.util.net.SocketProcessorBase.run(SocketProcessorBase.java:52)
		at org.apache.tomcat.util.threads.ThreadPoolExecutor.runWorker(ThreadPoolExecutor.java:946)
		at org.apache.tomcat.util.threads.ThreadPoolExecutor$Worker.run(ThreadPoolExecutor.java:480)
		at org.apache.tomcat.util.threads.TaskThread$WrappingRunnable.run(TaskThread.java:57)
		at java.base/java.lang.Thread.run(Thread.java:840)
26-Nov-2025 10:48:09.379 INFO [Thread-1] org.apache.catalina.core.ApplicationContext.log SessionListener: contextDestroyed()
26-Nov-2025 10:48:09.379 INFO [Thread-1] org.apache.catalina.core.ApplicationContext.log ContextListener: contextDestroyed()
26-Nov-2025 10:48:10.937 INFO [main] org.apache.catalina.core.ApplicationContext.log ContextListener: contextInitialized()
26-Nov-2025 10:48:10.937 INFO [main] org.apache.catalina.core.ApplicationContext.log SessionListener: contextInitialized()
26-Nov-2025 10:48:10.938 INFO [main] org.apache.catalina.core.ApplicationContext.log ContextListener: attributeAdded('StockTicker', 'async.Stockticker@4dd90166')
26-Nov-2025 10:48:12.028 SEVERE [http-nio-8080-exec-1] org.apache.catalina.core.StandardWrapperValve.invoke Servlet.service() for servlet [JoueursDisponibles] in context with path [/vide] threw exception
	java.lang.NumberFormatException: For input string: ""
		at java.base/java.lang.NumberFormatException.forInputString(NumberFormatException.java:67)
		at java.base/java.lang.Integer.parseInt(Integer.java:678)
		at java.base/java.lang.Integer.parseInt(Integer.java:786)
		at JoueursDisponibles.service(JoueursDisponibles.java:36)
		at jakarta.servlet.http.HttpServlet.service(HttpServlet.java:710)
		at org.apache.catalina.core.ApplicationFilterChain.doFilter(ApplicationFilterChain.java:128)
		at org.apache.tomcat.websocket.server.WsFilter.doFilter(WsFilter.java:53)
		at org.apache.catalina.core.ApplicationFilterChain.doFilter(ApplicationFilterChain.java:107)
		at org.apache.catalina.core.StandardWrapperValve.invoke(StandardWrapperValve.java:165)
		at org.apache.catalina.core.StandardContextValve.invoke(StandardContextValve.java:77)
		at org.apache.catalina.authenticator.AuthenticatorBase.invoke(AuthenticatorBase.java:482)
		at org.apache.catalina.core.StandardHostValve.invoke(StandardHostValve.java:113)
		at org.apache.catalina.valves.ErrorReportValve.invoke(ErrorReportValve.java:83)
		at org.apache.catalina.valves.AbstractAccessLogValve.invoke(AbstractAccessLogValve.java:654)
		at org.apache.catalina.core.StandardEngineValve.invoke(StandardEngineValve.java:72)
		at org.apache.catalina.connector.CoyoteAdapter.service(CoyoteAdapter.java:341)
		at org.apache.coyote.http11.Http11Processor.service(Http11Processor.java:397)
		at org.apache.coyote.AbstractProcessorLight.process(AbstractProcessorLight.java:63)
		at org.apache.coyote.AbstractProtocol$ConnectionHandler.process(AbstractProtocol.java:903)
		at org.apache.tomcat.util.net.NioEndpoint$SocketProcessor.doRun(NioEndpoint.java:1778)
		at org.apache.tomcat.util.net.SocketProcessorBase.run(SocketProcessorBase.java:52)
		at org.apache.tomcat.util.threads.ThreadPoolExecutor.runWorker(ThreadPoolExecutor.java:946)
		at org.apache.tomcat.util.threads.ThreadPoolExecutor$Worker.run(ThreadPoolExecutor.java:480)
		at org.apache.tomcat.util.threads.TaskThread$WrappingRunnable.run(TaskThread.java:57)
		at java.base/java.lang.Thread.run(Thread.java:840)
26-Nov-2025 10:48:12.416 SEVERE [http-nio-8080-exec-2] org.apache.catalina.core.StandardWrapperValve.invoke Servlet.service() for servlet [JoueursDisponibles] in context with path [/vide] threw exception
	java.lang.NumberFormatException: For input string: ""
		at java.base/java.lang.NumberFormatException.forInputString(NumberFormatException.java:67)
		at java.base/java.lang.Integer.parseInt(Integer.java:678)
		at java.base/java.lang.Integer.parseInt(Integer.java:786)
		at JoueursDisponibles.service(JoueursDisponibles.java:36)
		at jakarta.servlet.http.HttpServlet.service(HttpServlet.java:710)
		at org.apache.catalina.core.ApplicationFilterChain.doFilter(ApplicationFilterChain.java:128)
		at org.apache.tomcat.websocket.server.WsFilter.doFilter(WsFilter.java:53)
		at org.apache.catalina.core.ApplicationFilterChain.doFilter(ApplicationFilterChain.java:107)
		at org.apache.catalina.core.StandardWrapperValve.invoke(StandardWrapperValve.java:165)
		at org.apache.catalina.core.StandardContextValve.invoke(StandardContextValve.java:77)
		at org.apache.catalina.authenticator.AuthenticatorBase.invoke(AuthenticatorBase.java:482)
		at org.apache.catalina.core.StandardHostValve.invoke(StandardHostValve.java:113)
		at org.apache.catalina.valves.ErrorReportValve.invoke(ErrorReportValve.java:83)
		at org.apache.catalina.valves.AbstractAccessLogValve.invoke(AbstractAccessLogValve.java:654)
		at org.apache.catalina.core.StandardEngineValve.invoke(StandardEngineValve.java:72)
		at org.apache.catalina.connector.CoyoteAdapter.service(CoyoteAdapter.java:341)
		at org.apache.coyote.http11.Http11Processor.service(Http11Processor.java:397)
		at org.apache.coyote.AbstractProcessorLight.process(AbstractProcessorLight.java:63)
		at org.apache.coyote.AbstractProtocol$ConnectionHandler.process(AbstractProtocol.java:903)
		at org.apache.tomcat.util.net.NioEndpoint$SocketProcessor.doRun(NioEndpoint.java:1778)
		at org.apache.tomcat.util.net.SocketProcessorBase.run(SocketProcessorBase.java:52)
		at org.apache.tomcat.util.threads.ThreadPoolExecutor.runWorker(ThreadPoolExecutor.java:946)
		at org.apache.tomcat.util.threads.ThreadPoolExecutor$Worker.run(ThreadPoolExecutor.java:480)
		at org.apache.tomcat.util.threads.TaskThread$WrappingRunnable.run(TaskThread.java:57)
		at java.base/java.lang.Thread.run(Thread.java:840)
26-Nov-2025 10:48:12.647 SEVERE [http-nio-8080-exec-3] org.apache.catalina.core.StandardWrapperValve.invoke Servlet.service() for servlet [JoueursDisponibles] in context with path [/vide] threw exception
	java.lang.NumberFormatException: For input string: ""
		at java.base/java.lang.NumberFormatException.forInputString(NumberFormatException.java:67)
		at java.base/java.lang.Integer.parseInt(Integer.java:678)
		at java.base/java.lang.Integer.parseInt(Integer.java:786)
		at JoueursDisponibles.service(JoueursDisponibles.java:36)
		at jakarta.servlet.http.HttpServlet.service(HttpServlet.java:710)
		at org.apache.catalina.core.ApplicationFilterChain.doFilter(ApplicationFilterChain.java:128)
		at org.apache.tomcat.websocket.server.WsFilter.doFilter(WsFilter.java:53)
		at org.apache.catalina.core.ApplicationFilterChain.doFilter(ApplicationFilterChain.java:107)
		at org.apache.catalina.core.StandardWrapperValve.invoke(StandardWrapperValve.java:165)
		at org.apache.catalina.core.StandardContextValve.invoke(StandardContextValve.java:77)
		at org.apache.catalina.authenticator.AuthenticatorBase.invoke(AuthenticatorBase.java:482)
		at org.apache.catalina.core.StandardHostValve.invoke(StandardHostValve.java:113)
		at org.apache.catalina.valves.ErrorReportValve.invoke(ErrorReportValve.java:83)
		at org.apache.catalina.valves.AbstractAccessLogValve.invoke(AbstractAccessLogValve.java:654)
		at org.apache.catalina.core.StandardEngineValve.invoke(StandardEngineValve.java:72)
		at org.apache.catalina.connector.CoyoteAdapter.service(CoyoteAdapter.java:341)
		at org.apache.coyote.http11.Http11Processor.service(Http11Processor.java:397)
		at org.apache.coyote.AbstractProcessorLight.process(AbstractProcessorLight.java:63)
		at org.apache.coyote.AbstractProtocol$ConnectionHandler.process(AbstractProtocol.java:903)
		at org.apache.tomcat.util.net.NioEndpoint$SocketProcessor.doRun(NioEndpoint.java:1778)
		at org.apache.tomcat.util.net.SocketProcessorBase.run(SocketProcessorBase.java:52)
		at org.apache.tomcat.util.threads.ThreadPoolExecutor.runWorker(ThreadPoolExecutor.java:946)
		at org.apache.tomcat.util.threads.ThreadPoolExecutor$Worker.run(ThreadPoolExecutor.java:480)
		at org.apache.tomcat.util.threads.TaskThread$WrappingRunnable.run(TaskThread.java:57)
		at java.base/java.lang.Thread.run(Thread.java:840)
26-Nov-2025 10:49:46.263 INFO [Thread-1] org.apache.catalina.core.ApplicationContext.log SessionListener: contextDestroyed()
26-Nov-2025 10:49:46.263 INFO [Thread-1] org.apache.catalina.core.ApplicationContext.log ContextListener: contextDestroyed()
26-Nov-2025 10:49:48.015 INFO [main] org.apache.catalina.core.ApplicationContext.log ContextListener: contextInitialized()
26-Nov-2025 10:49:48.015 INFO [main] org.apache.catalina.core.ApplicationContext.log SessionListener: contextInitialized()
26-Nov-2025 10:49:48.016 INFO [main] org.apache.catalina.core.ApplicationContext.log ContextListener: attributeAdded('StockTicker', 'async.Stockticker@4dd90166')
26-Nov-2025 10:50:52.859 INFO [Thread-1] org.apache.catalina.core.ApplicationContext.log SessionListener: contextDestroyed()
26-Nov-2025 10:50:52.859 INFO [Thread-1] org.apache.catalina.core.ApplicationContext.log ContextListener: contextDestroyed()
26-Nov-2025 10:50:54.473 INFO [main] org.apache.catalina.core.ApplicationContext.log ContextListener: contextInitialized()
26-Nov-2025 10:50:54.473 INFO [main] org.apache.catalina.core.ApplicationContext.log SessionListener: contextInitialized()
26-Nov-2025 10:50:54.474 INFO [main] org.apache.catalina.core.ApplicationContext.log ContextListener: attributeAdded('StockTicker', 'async.Stockticker@1d02af26')
26-Nov-2025 10:51:58.881 INFO [Thread-1] org.apache.catalina.core.ApplicationContext.log SessionListener: contextDestroyed()
26-Nov-2025 10:51:58.881 INFO [Thread-1] org.apache.catalina.core.ApplicationContext.log ContextListener: contextDestroyed()
26-Nov-2025 10:52:00.834 INFO [main] org.apache.catalina.core.ApplicationContext.log ContextListener: contextInitialized()
26-Nov-2025 10:52:00.834 INFO [main] org.apache.catalina.core.ApplicationContext.log SessionListener: contextInitialized()
26-Nov-2025 10:52:00.835 INFO [main] org.apache.catalina.core.ApplicationContext.log ContextListener: attributeAdded('StockTicker', 'async.Stockticker@32456db0')
26-Nov-2025 10:52:19.121 INFO [Thread-1] org.apache.catalina.core.ApplicationContext.log SessionListener: contextDestroyed()
26-Nov-2025 10:52:19.121 INFO [Thread-1] org.apache.catalina.core.ApplicationContext.log ContextListener: contextDestroyed()
26-Nov-2025 10:52:21.037 INFO [main] org.apache.catalina.core.ApplicationContext.log ContextListener: contextInitialized()
26-Nov-2025 10:52:21.037 INFO [main] org.apache.catalina.core.ApplicationContext.log SessionListener: contextInitialized()
26-Nov-2025 10:52:21.038 INFO [main] org.apache.catalina.core.ApplicationContext.log ContextListener: attributeAdded('StockTicker', 'async.Stockticker@3fa7df1')
26-Nov-2025 10:57:12.277 INFO [Thread-1] org.apache.catalina.core.ApplicationContext.log SessionListener: contextDestroyed()
26-Nov-2025 10:57:12.277 INFO [Thread-1] org.apache.catalina.core.ApplicationContext.log ContextListener: contextDestroyed()
26-Nov-2025 10:57:13.823 INFO [main] org.apache.catalina.core.ApplicationContext.log ContextListener: contextInitialized()
26-Nov-2025 10:57:13.823 INFO [main] org.apache.catalina.core.ApplicationContext.log SessionListener: contextInitialized()
26-Nov-2025 10:57:13.824 INFO [main] org.apache.catalina.core.ApplicationContext.log ContextListener: attributeAdded('StockTicker', 'async.Stockticker@4dd90166')
26-Nov-2025 10:57:31.339 INFO [Thread-1] org.apache.catalina.core.ApplicationContext.log SessionListener: contextDestroyed()
26-Nov-2025 10:57:31.339 INFO [Thread-1] org.apache.catalina.core.ApplicationContext.log ContextListener: contextDestroyed()
26-Nov-2025 10:57:32.873 INFO [main] org.apache.catalina.core.ApplicationContext.log ContextListener: contextInitialized()
26-Nov-2025 10:57:32.873 INFO [main] org.apache.catalina.core.ApplicationContext.log SessionListener: contextInitialized()
26-Nov-2025 10:57:32.874 INFO [main] org.apache.catalina.core.ApplicationContext.log ContextListener: attributeAdded('StockTicker', 'async.Stockticker@1d02af26')
26-Nov-2025 11:13:54.416 INFO [Thread-1] org.apache.catalina.core.ApplicationContext.log SessionListener: contextDestroyed()
26-Nov-2025 11:13:54.417 INFO [Thread-1] org.apache.catalina.core.ApplicationContext.log ContextListener: contextDestroyed()
